Archive member included to satisfy reference by file (symbol)

/usr/local/mcuxpressoide-11.10.0_3148/ide/plugins/com.nxp.mcuxpresso.tools.linux_11.10.0.202311280810/tools/bin/../lib/gcc/arm-none-eabi/13.2.1/../../../../arm-none-eabi/lib/thumb/v7-m/nofp/libcr_nohost_nf.a(_cr__main.o)
                              ./startup/startup_mk64f12.o (__main)
/usr/local/mcuxpressoide-11.10.0_3148/ide/plugins/com.nxp.mcuxpresso.tools.linux_11.10.0.202311280810/tools/bin/../lib/gcc/arm-none-eabi/13.2.1/../../../../arm-none-eabi/lib/thumb/v7-m/nofp/libcr_c.a(memcpy.o)
                              ./utilities/fsl_str.o (memcpy)
/usr/local/mcuxpressoide-11.10.0_3148/ide/plugins/com.nxp.mcuxpresso.tools.linux_11.10.0.202311280810/tools/bin/../lib/gcc/arm-none-eabi/13.2.1/../../../../arm-none-eabi/lib/thumb/v7-m/nofp/libcr_c.a(memmove.o)
                              ./lwip/src/core/def.o (memmove)
/usr/local/mcuxpressoide-11.10.0_3148/ide/plugins/com.nxp.mcuxpresso.tools.linux_11.10.0.202311280810/tools/bin/../lib/gcc/arm-none-eabi/13.2.1/../../../../arm-none-eabi/lib/thumb/v7-m/nofp/libcr_c.a(memset.o)
                              ./utilities/fsl_debug_console.o (memset)
/usr/local/mcuxpressoide-11.10.0_3148/ide/plugins/com.nxp.mcuxpresso.tools.linux_11.10.0.202311280810/tools/bin/../lib/gcc/arm-none-eabi/13.2.1/../../../../arm-none-eabi/lib/thumb/v7-m/nofp/libcr_c.a(alloc.o)
                              ./drivers/fsl_common.o (malloc)
/usr/local/mcuxpressoide-11.10.0_3148/ide/plugins/com.nxp.mcuxpresso.tools.linux_11.10.0.202311280810/tools/bin/../lib/gcc/arm-none-eabi/13.2.1/../../../../arm-none-eabi/lib/thumb/v7-m/nofp/libcr_c.a(ctype.o)
                              ./lwip/src/core/ipv4/ip4_addr.o (__ctype)
/usr/local/mcuxpressoide-11.10.0_3148/ide/plugins/com.nxp.mcuxpresso.tools.linux_11.10.0.202311280810/tools/bin/../lib/gcc/arm-none-eabi/13.2.1/../../../../arm-none-eabi/lib/thumb/v7-m/nofp/libcr_c.a(initio.o)
                              /usr/local/mcuxpressoide-11.10.0_3148/ide/plugins/com.nxp.mcuxpresso.tools.linux_11.10.0.202311280810/tools/bin/../lib/gcc/arm-none-eabi/13.2.1/../../../../arm-none-eabi/lib/thumb/v7-m/nofp/libcr_nohost_nf.a(_cr__main.o) (_initio)
/usr/local/mcuxpressoide-11.10.0_3148/ide/plugins/com.nxp.mcuxpresso.tools.linux_11.10.0.202311280810/tools/bin/../lib/gcc/arm-none-eabi/13.2.1/../../../../arm-none-eabi/lib/thumb/v7-m/nofp/libcr_c.a(memcmp.o)
                              ./lwip/src/netif/bridgeif_fdb.o (memcmp)
/usr/local/mcuxpressoide-11.10.0_3148/ide/plugins/com.nxp.mcuxpresso.tools.linux_11.10.0.202311280810/tools/bin/../lib/gcc/arm-none-eabi/13.2.1/../../../../arm-none-eabi/lib/thumb/v7-m/nofp/libcr_c.a(scanf.o)
                              ./utilities/fsl_str.o (strtoul)
/usr/local/mcuxpressoide-11.10.0_3148/ide/plugins/com.nxp.mcuxpresso.tools.linux_11.10.0.202311280810/tools/bin/../lib/gcc/arm-none-eabi/13.2.1/../../../../arm-none-eabi/lib/thumb/v7-m/nofp/libcr_c.a(setvbuf.o)
                              /usr/local/mcuxpressoide-11.10.0_3148/ide/plugins/com.nxp.mcuxpresso.tools.linux_11.10.0.202311280810/tools/bin/../lib/gcc/arm-none-eabi/13.2.1/../../../../arm-none-eabi/lib/thumb/v7-m/nofp/libcr_c.a(initio.o) (setvbuf)
/usr/local/mcuxpressoide-11.10.0_3148/ide/plugins/com.nxp.mcuxpresso.tools.linux_11.10.0.202311280810/tools/bin/../lib/gcc/arm-none-eabi/13.2.1/../../../../arm-none-eabi/lib/thumb/v7-m/nofp/libcr_c.a(strchr.o)
                              ./lwip/src/apps/http/httpd.o (strchr)
/usr/local/mcuxpressoide-11.10.0_3148/ide/plugins/com.nxp.mcuxpresso.tools.linux_11.10.0.202311280810/tools/bin/../lib/gcc/arm-none-eabi/13.2.1/../../../../arm-none-eabi/lib/thumb/v7-m/nofp/libcr_c.a(strcmp.o)
                              ./lwip/src/apps/http/fs.o (strcmp)
/usr/local/mcuxpressoide-11.10.0_3148/ide/plugins/com.nxp.mcuxpresso.tools.linux_11.10.0.202311280810/tools/bin/../lib/gcc/arm-none-eabi/13.2.1/../../../../arm-none-eabi/lib/thumb/v7-m/nofp/libcr_c.a(strlen.o)
                              ./utilities/fsl_str.o (strlen)
/usr/local/mcuxpressoide-11.10.0_3148/ide/plugins/com.nxp.mcuxpresso.tools.linux_11.10.0.202311280810/tools/bin/../lib/gcc/arm-none-eabi/13.2.1/../../../../arm-none-eabi/lib/thumb/v7-m/nofp/libcr_c.a(strncmp.o)
                              ./lwip/src/core/def.o (strncmp)
/usr/local/mcuxpressoide-11.10.0_3148/ide/plugins/com.nxp.mcuxpresso.tools.linux_11.10.0.202311280810/tools/bin/../lib/gcc/arm-none-eabi/13.2.1/../../../../arm-none-eabi/lib/thumb/v7-m/nofp/libcr_c.a(ungetc.o)
                              /usr/local/mcuxpressoide-11.10.0_3148/ide/plugins/com.nxp.mcuxpresso.tools.linux_11.10.0.202311280810/tools/bin/../lib/gcc/arm-none-eabi/13.2.1/../../../../arm-none-eabi/lib/thumb/v7-m/nofp/libcr_c.a(scanf.o) (ungetc)
/usr/local/mcuxpressoide-11.10.0_3148/ide/plugins/com.nxp.mcuxpresso.tools.linux_11.10.0.202311280810/tools/bin/../lib/gcc/arm-none-eabi/13.2.1/../../../../arm-none-eabi/lib/thumb/v7-m/nofp/libcr_c.a(__fillbuf.o)
[...]
Memory Configuration

Name             Origin             Length             Attributes
PROGRAM_FLASH    0x00000000         0x00100000         xr
SRAM_UPPER       0x20000000         0x00030000         xrw
SRAM_LOWER       0x1fff0000         0x00010000         xrw
FLEX_RAM         0x14000000         0x00001000         xrw
*default*        0x00000000         0xffffffff

Linker script and memory map

LOAD ./utilities/fsl_assert.o
LOAD ./utilities/fsl_debug_console.o
LOAD ./utilities/fsl_str.o
LOAD ./startup/startup_mk64f12.o
LOAD ./source/lwip_httpsrv_bm.o
LOAD ./source/semihost_hardfault.o
LOAD ./phy/fsl_phyksz8081.o
LOAD ./mdio/fsl_enet_mdio.o
LOAD ./lwip/src/netif/ppp/auth.o
LOAD ./lwip/src/netif/ppp/ccp.o
LOAD ./lwip/src/netif/ppp/chap-md5.o
LOAD ./lwip/src/netif/ppp/chap-new.o
LOAD ./lwip/src/netif/ppp/chap_ms.o
LOAD ./lwip/src/netif/ppp/demand.o
LOAD ./lwip/src/netif/ppp/eap.o
LOAD ./lwip/src/netif/ppp/eui64.o
LOAD ./lwip/src/netif/ppp/fsm.o
LOAD ./lwip/src/netif/ppp/ipcp.o
LOAD ./lwip/src/netif/ppp/ipv6cp.o
LOAD ./lwip/src/netif/ppp/lcp.o
LOAD ./lwip/src/netif/ppp/lwip_ecp.o
LOAD ./lwip/src/netif/ppp/magic.o
LOAD ./lwip/src/netif/ppp/mppe.o
LOAD ./lwip/src/netif/ppp/multilink.o
LOAD ./lwip/src/netif/ppp/ppp.o
LOAD ./lwip/src/netif/ppp/pppapi.o
LOAD ./lwip/src/netif/ppp/pppcrypt.o
LOAD ./lwip/src/netif/ppp/pppoe.o
LOAD ./lwip/src/netif/ppp/pppol2tp.o
LOAD ./lwip/src/netif/ppp/pppos.o
LOAD ./lwip/src/netif/ppp/upap.o
LOAD ./lwip/src/netif/ppp/utils.o
LOAD ./lwip/src/netif/ppp/vj.o
LOAD ./lwip/src/netif/bridgeif.o
LOAD ./lwip/src/netif/bridgeif_fdb.o
LOAD ./lwip/src/netif/ethernet.o
LOAD ./lwip/src/netif/lowpan6.o
LOAD ./lwip/src/netif/lowpan6_ble.o
LOAD ./lwip/src/netif/lowpan6_common.o
LOAD ./lwip/src/netif/slipif.o
LOAD ./lwip/src/netif/zepif.o
LOAD ./lwip/src/core/ipv6/dhcp6.o
LOAD ./lwip/src/core/ipv6/ethip6.o
LOAD ./lwip/src/core/ipv6/icmp6.o
LOAD ./lwip/src/core/ipv6/inet6.o
LOAD ./lwip/src/core/ipv6/ip6.o
LOAD ./lwip/src/core/ipv6/ip6_addr.o
LOAD ./lwip/src/core/ipv6/ip6_frag.o
LOAD ./lwip/src/core/ipv6/mld6.o
LOAD ./lwip/src/core/ipv6/nd6.o
LOAD ./lwip/src/core/ipv4/acd.o
LOAD ./lwip/src/core/ipv4/autoip.o
LOAD ./lwip/src/core/ipv4/dhcp.o
LOAD ./lwip/src/core/ipv4/etharp.o
LOAD ./lwip/src/core/ipv4/icmp.o
LOAD ./lwip/src/core/ipv4/igmp.o
LOAD ./lwip/src/core/ipv4/ip4.o
LOAD ./lwip/src/core/ipv4/ip4_addr.o
LOAD ./lwip/src/core/ipv4/ip4_frag.o
LOAD ./lwip/src/core/altcp.o
LOAD ./lwip/src/core/altcp_alloc.o
LOAD ./lwip/src/core/altcp_tcp.o
LOAD ./lwip/src/core/def.o
LOAD ./lwip/src/core/dns.o
LOAD ./lwip/src/core/inet_chksum.o
LOAD ./lwip/src/core/init.o
LOAD ./lwip/src/core/ip.o
LOAD ./lwip/src/core/mem.o
LOAD ./lwip/src/core/memp.o
LOAD ./lwip/src/core/netif.o
LOAD ./lwip/src/core/pbuf.o
LOAD ./lwip/src/core/raw.o
LOAD ./lwip/src/core/stats.o
LOAD ./lwip/src/core/sys.o
LOAD ./lwip/src/core/tcp.o
LOAD ./lwip/src/core/tcp_in.o
LOAD ./lwip/src/core/tcp_out.o
LOAD ./lwip/src/core/timeouts.o
LOAD ./lwip/src/core/udp.o
LOAD ./lwip/src/apps/http/fs.o
LOAD ./lwip/src/apps/http/httpd.o
LOAD ./lwip/src/api/api_lib.o
LOAD ./lwip/src/api/api_msg.o
LOAD ./lwip/src/api/err.o
LOAD ./lwip/src/api/if_api.o
LOAD ./lwip/src/api/netbuf.o
LOAD ./lwip/src/api/netdb.o
LOAD ./lwip/src/api/netifapi.o
LOAD ./lwip/src/api/sockets.o
LOAD ./lwip/src/api/tcpip.o
LOAD ./lwip/port/enet_ethernetif.o
LOAD ./lwip/port/enet_ethernetif_kinetis.o
LOAD ./lwip/port/sys_arch.o
LOAD ./drivers/fsl_clock.o
LOAD ./drivers/fsl_common.o
LOAD ./drivers/fsl_common_arm.o
LOAD ./drivers/fsl_enet.o
LOAD ./drivers/fsl_ftfx_cache.o
LOAD ./drivers/fsl_ftfx_controller.o
LOAD ./drivers/fsl_ftfx_flash.o
LOAD ./drivers/fsl_ftfx_flexnvm.o
LOAD ./drivers/fsl_gpio.o
LOAD ./drivers/fsl_sim.o
LOAD ./drivers/fsl_smc.o
LOAD ./drivers/fsl_uart.o
LOAD ./device/system_MK64F12.o
LOAD ./component/uart/fsl_adapter_uart.o
LOAD ./component/serial_manager/fsl_component_serial_manager.o
LOAD ./component/serial_manager/fsl_component_serial_port_uart.o
LOAD ./component/lists/fsl_component_generic_list.o
LOAD ./board/board.o
LOAD ./board/clock_config.o
LOAD ./board/pin_mux.o
START GROUP
LOAD /usr/local/mcuxpressoide-11.10.0_3148/ide/plugins/com.nxp.mcuxpresso.tools.linux_11.10.0.202311280810/tools/bin/../lib/gcc/arm-none-eabi/13.2.1/../../../../arm-none-eabi/lib/thumb/v7-m/nofp/libcr_nohost_nf.a
LOAD /usr/local/mcuxpressoide-11.10.0_3148/ide/plugins/com.nxp.mcuxpresso.tools.linux_11.10.0.202311280810/tools/bin/../lib/gcc/arm-none-eabi/13.2.1/../../../../arm-none-eabi/lib/thumb/v7-m/nofp/libcr_c.a
LOAD /usr/local/mcuxpressoide-11.10.0_3148/ide/plugins/com.nxp.mcuxpresso.tools.linux_11.10.0.202311280810/tools/bin/../lib/gcc/arm-none-eabi/13.2.1/thumb/v7-m/nofp/libcr_eabihelpers.a
LOAD /usr/local/mcuxpressoide-11.10.0_3148/ide/plugins/com.nxp.mcuxpresso.tools.linux_11.10.0.202311280810/tools/bin/../lib/gcc/arm-none-eabi/13.2.1/thumb/v7-m/nofp/libgcc.a
END GROUP
                0x00000000                        __base_PROGRAM_FLASH = 0x0
                0x00000000                        __base_Flash = 0x0
                0x00100000                        __top_PROGRAM_FLASH = 0x100000
                0x00100000                        __top_Flash = 0x100000
                0x20000000                        __base_SRAM_UPPER = 0x20000000
                0x20000000                        __base_RAM = 0x20000000
                0x20030000                        __top_SRAM_UPPER = 0x20030000
                0x20030000                        __top_RAM = 0x20030000
                0x1fff0000                        __base_SRAM_LOWER = 0x1fff0000
                0x1fff0000                        __base_RAM2 = 0x1fff0000
                0x20000000                        __top_SRAM_LOWER = 0x20000000
                0x20000000                        __top_RAM2 = 0x20000000
                0x14000000                        __base_FLEX_RAM = 0x14000000
                0x14000000                        __base_RAM3 = 0x14000000
                0x14001000                        __top_FLEX_RAM = 0x14001000
                0x14001000                        __top_RAM3 = 0x14001000

.text           0x00000000     0xd710
 FILL mask 0xff
                0x00000000                        __vectors_start__ = ABSOLUTE (.)
 *(SORT_BY_ALIGNMENT(.isr_vector))
 .isr_vector    0x00000000      0x198 ./startup/startup_mk64f12.o
                0x00000000                __Vectors
                0x00000000                g_pfnVectors
                0x00000198                        . = ALIGN (0x4)
                0x00000198                        __section_table_start = .
                0x00000198                        __data_section_table = .
                0x00000198        0x4 LONG 0xd710 LOADADDR (.data)
                0x0000019c        0x4 LONG 0x20000000 ADDR (.data)
                0x000001a0        0x4 LONG 0x30 SIZEOF (.data)
                0x000001a4        0x4 LONG 0xd710 LOADADDR (.data_RAM2)
                0x000001a8        0x4 LONG 0x1fff0000 ADDR (.data_RAM2)
                0x000001ac        0x4 LONG 0x0 SIZEOF (.data_RAM2)
                0x000001b0        0x4 LONG 0xd710 LOADADDR (.data_RAM3)
                0x000001b4        0x4 LONG 0x14000000 ADDR (.data_RAM3)
                0x000001b8        0x4 LONG 0x0 SIZEOF (.data_RAM3)
                0x000001bc                        __data_section_table_end = .
                0x000001bc                        __bss_section_table = .
                0x000001bc        0x4 LONG 0x20000030 ADDR (.bss)
                0x000001c0        0x4 LONG 0xdf48 SIZEOF (.bss)
                0x000001c4        0x4 LONG 0x1fff0000 ADDR (.bss_RAM2)
                0x000001c8        0x4 LONG 0x0 SIZEOF (.bss_RAM2)
                0x000001cc        0x4 LONG 0x14000000 ADDR (.bss_RAM3)
                0x000001d0        0x4 LONG 0x0 SIZEOF (.bss_RAM3)
                0x000001d4                        __bss_section_table_end = .
                0x000001d4                        __section_table_end = .
 *(SORT_BY_ALIGNMENT(.after_vectors*))
 .after_vectors.reset
                0x000001d4       0x44 ./startup/startup_mk64f12.o
                0x000001d4                ResetISR
 .after_vectors
                0x00000218       0x14 ./startup/startup_mk64f12.o
                0x00000218                NMI_Handler
                0x0000021c                MemManage_Handler
                0x0000021e                BusFault_Handler
                0x00000220                UsageFault_Handler
                0x00000222                SVC_Handler
                0x00000224                DebugMon_Handler
                0x00000226                PendSV_Handler
                0x0000022a                DMA0_DriverIRQHandler
                0x0000022a                PORTB_DriverIRQHandler
                0x0000022a                DMA12_DriverIRQHandler
                0x0000022a                SPI1_DriverIRQHandler
                0x0000022a                LPTMR0_DriverIRQHandler
                0x0000022a                DMA_Error_DriverIRQHandler
                0x0000022a                FTM1_DriverIRQHandler
                0x0000022a                FTM2_DriverIRQHandler
                0x0000022a                PIT2_DriverIRQHandler
                0x0000022a                SDHC_DriverIRQHandler
                0x0000022a                I2S0_Tx_DriverIRQHandler
                0x0000022a                RTC_Seconds_DriverIRQHandler
                0x0000022a                DMA6_DriverIRQHandler
                0x0000022a                LLWU_DriverIRQHandler
                0x0000022a                MCM_DriverIRQHandler
                0x0000022a                MCG_DriverIRQHandler
                0x0000022a                I2C2_DriverIRQHandler
                0x0000022a                DAC1_DriverIRQHandler
                0x0000022a                CMP1_DriverIRQHandler
                0x0000022a                FTM0_DriverIRQHandler
                0x0000022a                IntDefaultHandler
                0x0000022a                USB0_DriverIRQHandler
                0x0000022a                UART5_ERR_DriverIRQHandler
                0x0000022a                PORTC_DriverIRQHandler
                0x0000022a                DMA11_DriverIRQHandler
                0x0000022a                DAC0_DriverIRQHandler
                0x0000022a                DMA10_DriverIRQHandler
                0x0000022a                CMP2_DriverIRQHandler
                0x0000022a                UART2_ERR_DriverIRQHandler
                0x0000022a                SPI2_DriverIRQHandler
                0x0000022a                LVD_LVW_DriverIRQHandler
                0x0000022a                PIT0_DriverIRQHandler
                0x0000022a                RNG_DriverIRQHandler
                0x0000022a                DMA5_DriverIRQHandler
                0x0000022a                DMA4_DriverIRQHandler
                0x0000022a                USBDCD_DriverIRQHandler
                0x0000022a                UART3_ERR_DriverIRQHandler
                0x0000022a                DMA3_DriverIRQHandler
                0x0000022a                DMA8_DriverIRQHandler
                0x0000022a                DMA9_DriverIRQHandler
                0x0000022a                UART0_ERR_DriverIRQHandler
                0x0000022a                CMT_DriverIRQHandler
                0x0000022a                Reserved71_DriverIRQHandler
                0x0000022a                ADC1_DriverIRQHandler
                0x0000022a                PORTA_DriverIRQHandler
                0x0000022a                DMA14_DriverIRQHandler
                0x0000022a                PIT3_DriverIRQHandler
                0x0000022a                PIT1_DriverIRQHandler
                0x0000022a                WDOG_EWM_DriverIRQHandler
                0x0000022a                PDB0_DriverIRQHandler
                0x0000022a                RTC_DriverIRQHandler
                0x0000022a                I2S0_Rx_DriverIRQHandler
                0x0000022a                Read_Collision_DriverIRQHandler
                0x0000022a                SWI_DriverIRQHandler
                0x0000022a                UART4_ERR_DriverIRQHandler
                0x0000022a                UART0_LON_DriverIRQHandler
                0x0000022a                DMA1_DriverIRQHandler
                0x0000022a                I2C1_DriverIRQHandler
                0x0000022a                DMA13_DriverIRQHandler
                0x0000022a                DMA15_DriverIRQHandler
                0x0000022a                SPI0_DriverIRQHandler
                0x0000022a                ADC0_DriverIRQHandler
                0x0000022a                CMP0_DriverIRQHandler
                0x0000022a                CAN0_DriverIRQHandler
                0x0000022a                FTM3_DriverIRQHandler
                0x0000022a                UART1_ERR_DriverIRQHandler
                0x0000022a                DMA2_DriverIRQHandler
                0x0000022a                PORTD_DriverIRQHandler
                0x0000022a                PORTE_DriverIRQHandler
                0x0000022a                FTFE_DriverIRQHandler
                0x0000022a                I2C0_DriverIRQHandler
                0x0000022a                DMA7_DriverIRQHandler
 .after_vectors.init_data
                0x0000022c       0x12 ./startup/startup_mk64f12.o
                0x0000022c                data_init
 .after_vectors.init_bss
                0x0000023e       0x10 ./startup/startup_mk64f12.o
                0x0000023e                bss_init
                0x00000400                        . = 0x400
 *fill*         0x0000024e      0x1b2 ff
                0x00000400                        PROVIDE (__FLASH_CONFIG_START__ = .)
 *(SORT_BY_ALIGNMENT(.FlashConfig))
 .FlashConfig   0x00000400       0x10 ./startup/startup_mk64f12.o
                0x00000400                Flash_Config
                0x00000410                        PROVIDE (__FLASH_CONFIG_END__ = .)
                0x00000001                        ASSERT (! ((__FLASH_CONFIG_START__ == __FLASH_CONFIG_END__)), Linker Flash Config Support Enabled, but no .FlashConfig section provided within application)
 *(SORT_BY_ALIGNMENT(.text*))
 .text.DbgConsole_SendDataReliable
                0x00000410       0x30 ./utilities/fsl_debug_console.o
                0x00000410                DbgConsole_SendDataReliable
 .text.DbgConsole_Init
                0x00000440       0x78 ./utilities/fsl_debug_console.o
                0x00000440                DbgConsole_Init
 .text.DbgConsole_Vprintf
                0x000004b8       0x38 ./utilities/fsl_debug_console.o
                0x000004b8                DbgConsole_Vprintf
 .text.StrFormatPrintf
                0x000004f0      0x510 ./utilities/fsl_str.o
                0x000004f0                StrFormatPrintf
 .text.startup.main
                0x00000a00      0x10c ./source/lwip_httpsrv_bm.o
                0x00000a00                main
 .text.ENET_MDIO_Init
                0x00000b0c       0x3c ./mdio/fsl_enet_mdio.o
 .text.ethernet_input
                0x00000b48       0xa4 ./lwip/src/netif/ethernet.o
                0x00000b48                ethernet_input
 .text.ethernet_output
                0x00000bec       0x64 ./lwip/src/netif/ethernet.o
                0x00000bec                ethernet_output
 .text.dhcp_option_short
                0x00000c50       0x28 ./lwip/src/core/ipv4/dhcp.o
 .text.dhcp_option
                0x00000c78       0x2c ./lwip/src/core/ipv4/dhcp.o
 .text.dhcp_option_long
                0x00000ca4       0x38 ./lwip/src/core/ipv4/dhcp.o
 .text.dhcp_inc_pcb_refcount
                0x00000cdc       0x64 ./lwip/src/core/ipv4/dhcp.o
 .text.dhcp_bind
                0x00000d40       0xf4 ./lwip/src/core/ipv4/dhcp.o
 .text.dhcp_dec_pcb_refcount
                0x00000e34       0x30 ./lwip/src/core/ipv4/dhcp.o
 .text.dhcp_handle_ack.isra.0
                0x00000e64       0x74 ./lwip/src/core/ipv4/dhcp.o
 .text.dhcp_create_msg
                0x00000ed8      0x100 ./lwip/src/core/ipv4/dhcp.o
 .text.dhcp_discover
                0x00000fd8       0xfc ./lwip/src/core/ipv4/dhcp.o
 .text.dhcp_select.isra.0
                0x000010d4      0x154 ./lwip/src/core/ipv4/dhcp.o
 .text.dhcp_recv
                0x00001228      0x2f8 ./lwip/src/core/ipv4/dhcp.o
 .text.dhcp_reboot.isra.0
                0x00001520      0x10c ./lwip/src/core/ipv4/dhcp.o
 .text.dhcp_renew
                0x0000162c       0xf4 ./lwip/src/core/ipv4/dhcp.o
                0x0000162c                dhcp_renew
 .text.dhcp_release_and_stop
                0x00001720       0xc8 ./lwip/src/core/ipv4/dhcp.o
                0x00001720                dhcp_release_and_stop
 .text.dhcp_start
                0x000017e8       0xa0 ./lwip/src/core/ipv4/dhcp.o
                0x000017e8                dhcp_start
 .text.dhcp_coarse_tmr
                0x00001888      0x18c ./lwip/src/core/ipv4/dhcp.o
                0x00001888                dhcp_coarse_tmr
 .text.dhcp_fine_tmr
                0x00001a14       0x94 ./lwip/src/core/ipv4/dhcp.o
                0x00001a14                dhcp_fine_tmr
 .text.etharp_free_entry
                0x00001aa8       0x3c ./lwip/src/core/ipv4/etharp.o
 .text.etharp_find_entry
                0x00001ae4      0x104 ./lwip/src/core/ipv4/etharp.o
 .text.etharp_raw
                0x00001be8       0xc4 ./lwip/src/core/ipv4/etharp.o
 .text.etharp_input
                0x00001cac      0x158 ./lwip/src/core/ipv4/etharp.o
                0x00001cac                etharp_input
 .text.etharp_request
                0x00001e04       0x2c ./lwip/src/core/ipv4/etharp.o
                0x00001e04                etharp_request
 .text.etharp_tmr
                0x00001e30       0x54 ./lwip/src/core/ipv4/etharp.o
                0x00001e30                etharp_tmr
 .text.etharp_output_to_arp_index
                0x00001e84       0xa0 ./lwip/src/core/ipv4/etharp.o
 .text.etharp_query
                0x00001f24      0x12c ./lwip/src/core/ipv4/etharp.o
                0x00001f24                etharp_query
 .text.etharp_output
                0x00002050      0x11c ./lwip/src/core/ipv4/etharp.o
                0x00002050                etharp_output
 .text.icmp_send_response
                0x0000216c       0xa0 ./lwip/src/core/ipv4/icmp.o
 .text.icmp_input
                0x0000220c      0x15c ./lwip/src/core/ipv4/icmp.o
                0x0000220c                icmp_input
 .text.ip4_input_accept
                0x00002368       0x34 ./lwip/src/core/ipv4/ip4.o
 .text.ip4_route
                0x0000239c       0x60 ./lwip/src/core/ipv4/ip4.o
                0x0000239c                ip4_route
 .text.ip4_input
                0x000023fc      0x19c ./lwip/src/core/ipv4/ip4.o
                0x000023fc                ip4_input
 .text.ip4_output_if_src
                0x00002598      0x114 ./lwip/src/core/ipv4/ip4.o
                0x00002598                ip4_output_if_src
 .text.ip_reass_dequeue_datagram
                0x000026ac       0x34 ./lwip/src/core/ipv4/ip4_frag.o
 .text.ip_reass_free_complete_datagram
                0x000026e0       0xb4 ./lwip/src/core/ipv4/ip4_frag.o
 .text.ip_reass_remove_oldest_datagram
                0x00002794       0x78 ./lwip/src/core/ipv4/ip4_frag.o
 .text.ipfrag_free_pbuf_custom
                0x0000280c       0x24 ./lwip/src/core/ipv4/ip4_frag.o
 .text.ip_reass_tmr
                0x00002830       0x2c ./lwip/src/core/ipv4/ip4_frag.o
                0x00002830                ip_reass_tmr
 .text.ip4_reass
                0x0000285c      0x32c ./lwip/src/core/ipv4/ip4_frag.o
                0x0000285c                ip4_reass
 .text.ip4_frag
                0x00002b88      0x1b8 ./lwip/src/core/ipv4/ip4_frag.o
                0x00002b88                ip4_frag
 .text.mem_init
                0x00002d40       0x44 ./lwip/src/core/mem.o
                0x00002d40                mem_init
 .text.mem_free
                0x00002d84      0x138 ./lwip/src/core/mem.o
                0x00002d84                mem_free
 .text.mem_trim
                0x00002ebc      0x128 ./lwip/src/core/mem.o
                0x00002ebc                mem_trim
 .text.mem_malloc
                0x00002fe4      0x10c ./lwip/src/core/mem.o
                0x00002fe4                mem_malloc
 .text.do_memp_malloc_pool
                0x000030f0       0x2c ./lwip/src/core/memp.o
 .text.do_memp_free_pool
                0x0000311c       0x28 ./lwip/src/core/memp.o
 .text.memp_init
                0x00003144       0x1c ./lwip/src/core/memp.o
                0x00003144                memp_init
 .text.memp_malloc
                0x00003160       0x30 ./lwip/src/core/memp.o
                0x00003160                memp_malloc
 .text.memp_free
                0x00003190       0x34 ./lwip/src/core/memp.o
                0x00003190                memp_free
 .text.netif_issue_reports
                0x000031c4       0x34 ./lwip/src/core/netif.o
 .text.netif_set_addr
                0x000031f8       0x60 ./lwip/src/core/netif.o
                0x000031f8                netif_set_addr
 .text.netif_add
                0x00003258      0x118 ./lwip/src/core/netif.o
                0x00003258                netif_add
 .text.netif_set_default
                0x00003370       0x14 ./lwip/src/core/netif.o
                0x00003370                netif_set_default
 .text.netif_set_up
                0x00003384       0x40 ./lwip/src/core/netif.o
                0x00003384                netif_set_up
 .text.netif_get_by_index
                0x000033c4       0x2c ./lwip/src/core/netif.o
                0x000033c4                netif_get_by_index
 .text.pbuf_add_header_impl
                0x000033f0       0x54 ./lwip/src/core/pbuf.o
 .text.pbuf_alloc_reference
                0x00003444       0x38 ./lwip/src/core/pbuf.o
                0x00003444                pbuf_alloc_reference
 .text.pbuf_remove_header
                0x0000347c       0x50 ./lwip/src/core/pbuf.o
                0x0000347c                pbuf_remove_header
 .text.pbuf_free
                0x000034cc       0xa4 ./lwip/src/core/pbuf.o
                0x000034cc                pbuf_free
 .text.pbuf_alloc
                0x00003570       0xe0 ./lwip/src/core/pbuf.o
                0x00003570                pbuf_alloc
 .text.pbuf_realloc
                0x00003650       0x8c ./lwip/src/core/pbuf.o
                0x00003650                pbuf_realloc
 .text.pbuf_ref
                0x000036dc       0x28 ./lwip/src/core/pbuf.o
                0x000036dc                pbuf_ref
 .text.pbuf_cat
                0x00003704       0x5c ./lwip/src/core/pbuf.o
                0x00003704                pbuf_cat
 .text.pbuf_copy_partial_pbuf
                0x00003760      0x120 ./lwip/src/core/pbuf.o
                0x00003760                pbuf_copy_partial_pbuf
 .text.pbuf_copy
                0x00003880       0x2c ./lwip/src/core/pbuf.o
                0x00003880                pbuf_copy
 .text.pbuf_copy_partial
                0x000038ac       0x78 ./lwip/src/core/pbuf.o
                0x000038ac                pbuf_copy_partial
 .text.pbuf_clone
                0x00003924       0x28 ./lwip/src/core/pbuf.o
                0x00003924                pbuf_clone
 .text.tcp_new_port
                0x0000394c       0x5c ./lwip/src/core/tcp.o
 .text.tcp_free
                0x000039a8       0x20 ./lwip/src/core/tcp.o
                0x000039a8                tcp_free
 .text.tcp_backlog_accepted
                0x000039c8       0x40 ./lwip/src/core/tcp.o
                0x000039c8                tcp_backlog_accepted
 .text.tcp_close_shutdown_fin
                0x00003a08       0x60 ./lwip/src/core/tcp.o
 .text.tcp_bind
                0x00003a68       0xac ./lwip/src/core/tcp.o
                0x00003a68                tcp_bind
 .text.tcp_listen_with_backlog_and_err
                0x00003b14       0xe8 ./lwip/src/core/tcp.o
                0x00003b14                tcp_listen_with_backlog_and_err
 .text.tcp_update_rcv_ann_wnd
                0x00003bfc       0x50 ./lwip/src/core/tcp.o
                0x00003bfc                tcp_update_rcv_ann_wnd
 .text.tcp_recved
                0x00003c4c       0x70 ./lwip/src/core/tcp.o
                0x00003c4c                tcp_recved
 .text.tcp_setprio
                0x00003cbc       0x28 ./lwip/src/core/tcp.o
                0x00003cbc                tcp_setprio
 .text.tcp_recv
                0x00003ce4       0x24 ./lwip/src/core/tcp.o
                0x00003ce4                tcp_recv
 .text.tcp_sent
                0x00003d08       0x20 ./lwip/src/core/tcp.o
                0x00003d08                tcp_sent
 .text.tcp_err  0x00003d28       0x24 ./lwip/src/core/tcp.o
                0x00003d28                tcp_err
 .text.tcp_poll
                0x00003d4c       0x40 ./lwip/src/core/tcp.o
                0x00003d4c                tcp_poll
 .text.tcp_pcb_purge
                0x00003d8c       0x58 ./lwip/src/core/tcp.o
                0x00003d8c                tcp_pcb_purge
 .text.tcp_slowtmr
                0x00003de4      0x400 ./lwip/src/core/tcp.o
                0x00003de4                tcp_slowtmr
 .text.tcp_pcb_remove
                0x000041e4       0x90 ./lwip/src/core/tcp.o
                0x000041e4                tcp_pcb_remove
 .text.tcp_close_shutdown
                0x00004274      0x148 ./lwip/src/core/tcp.o
 .text.tcp_close
                0x000043bc       0x44 ./lwip/src/core/tcp.o
                0x000043bc                tcp_close
 .text.tcp_recv_null
                0x00004400       0x40 ./lwip/src/core/tcp.o
                0x00004400                tcp_recv_null
 .text.tcp_process_refused_data
                0x00004440       0x84 ./lwip/src/core/tcp.o
                0x00004440                tcp_process_refused_data
 .text.tcp_fasttmr
                0x000044c4       0x80 ./lwip/src/core/tcp.o
                0x000044c4                tcp_fasttmr
 .text.tcp_tmr  0x00004544       0x24 ./lwip/src/core/tcp.o
                0x00004544                tcp_tmr
 .text.tcp_abandon
                0x00004568      0x100 ./lwip/src/core/tcp.o
                0x00004568                tcp_abandon
 .text.tcp_accept_null
                0x00004668       0x1c ./lwip/src/core/tcp.o
 .text.tcp_netif_ip_addr_changed_pcblist
                0x00004684       0x2c ./lwip/src/core/tcp.o
 .text.tcp_kill_state
                0x000046b0       0x3c ./lwip/src/core/tcp.o
 .text.tcp_alloc
                0x000046ec      0x138 ./lwip/src/core/tcp.o
                0x000046ec                tcp_alloc
 .text.tcp_next_iss
                0x00004824       0x24 ./lwip/src/core/tcp.o
                0x00004824                tcp_next_iss
 .text.tcp_eff_send_mss_netif
                0x00004848       0x2c ./lwip/src/core/tcp.o
                0x00004848                tcp_eff_send_mss_netif
 .text.tcp_netif_ip_addr_changed
                0x00004874       0x48 ./lwip/src/core/tcp.o
                0x00004874                tcp_netif_ip_addr_changed
 .text.tcp_get_next_optbyte
                0x000048bc       0x38 ./lwip/src/core/tcp_in.o
 .text.tcp_parseopt
                0x000048f4       0x84 ./lwip/src/core/tcp_in.o
 .text.tcp_input_delayed_close
                0x00004978       0x3c ./lwip/src/core/tcp_in.o
 .text.tcp_free_acked_segments.isra.0
                0x000049b4       0xac ./lwip/src/core/tcp_in.o
 .text.tcp_receive
                0x00004a60      0x464 ./lwip/src/core/tcp_in.o
 .text.tcp_input
                0x00004ec4      0xab8 ./lwip/src/core/tcp_in.o
                0x00004ec4                tcp_input
 .text.tcp_trigger_input_pcb_close
                0x0000597c       0x10 ./lwip/src/core/tcp_in.o
                0x0000597c                tcp_trigger_input_pcb_close
 .text.tcp_output_segment_busy
                0x0000598c       0x1c ./lwip/src/core/tcp_out.o
 .text.tcp_pbuf_prealloc
                0x000059a8       0x8c ./lwip/src/core/tcp_out.o
 .text.tcp_create_segment
                0x00005a34       0xc8 ./lwip/src/core/tcp_out.o
 .text.tcp_output_control_segment_netif
                0x00005afc       0x68 ./lwip/src/core/tcp_out.o
 .text.tcp_output_alloc_header_common.constprop.0
                0x00005b64       0x74 ./lwip/src/core/tcp_out.o
 .text.tcp_output_alloc_header.constprop.0
                0x00005bd8       0x3c ./lwip/src/core/tcp_out.o
 .text.tcp_output_fill_options.constprop.0
                0x00005c14       0x10 ./lwip/src/core/tcp_out.o
 .text.tcp_rst_common.isra.0
                0x00005c24       0x54 ./lwip/src/core/tcp_out.o
 .text.tcp_output_control_segment
                0x00005c78       0x48 ./lwip/src/core/tcp_out.o
 .text.tcp_write
                0x00005cc0      0x518 ./lwip/src/core/tcp_out.o
                0x00005cc0                tcp_write
 .text.tcp_split_unsent_seg
                0x000061d8      0x16c ./lwip/src/core/tcp_out.o
                0x000061d8                tcp_split_unsent_seg
 .text.tcp_enqueue_flags
                0x00006344       0xf0 ./lwip/src/core/tcp_out.o
                0x00006344                tcp_enqueue_flags
 .text.tcp_send_fin
                0x00006434       0x50 ./lwip/src/core/tcp_out.o
                0x00006434                tcp_send_fin
 .text.tcp_rexmit_rto_prepare
                0x00006484       0x80 ./lwip/src/core/tcp_out.o
                0x00006484                tcp_rexmit_rto_prepare
 .text.tcp_rexmit
                0x00006504       0x70 ./lwip/src/core/tcp_out.o
                0x00006504                tcp_rexmit
 .text.tcp_rexmit_fast
                0x00006574       0x58 ./lwip/src/core/tcp_out.o
                0x00006574                tcp_rexmit_fast
 .text.tcp_send_empty_ack
                0x000065cc       0x54 ./lwip/src/core/tcp_out.o
                0x000065cc                tcp_send_empty_ack
 .text.tcp_output
                0x00006620      0x340 ./lwip/src/core/tcp_out.o
                0x00006620                tcp_output
 .text.tcp_rexmit_rto_commit
                0x00006960       0x28 ./lwip/src/core/tcp_out.o
                0x00006960                tcp_rexmit_rto_commit
 .text.tcp_rexmit_rto
                0x00006988       0x24 ./lwip/src/core/tcp_out.o
                0x00006988                tcp_rexmit_rto
 .text.tcp_keepalive
                0x000069ac       0x40 ./lwip/src/core/tcp_out.o
                0x000069ac                tcp_keepalive
 .text.tcp_zero_window_probe
                0x000069ec       0xb8 ./lwip/src/core/tcp_out.o
                0x000069ec                tcp_zero_window_probe
 .text.sys_timeout_abs
                0x00006aa4       0x58 ./lwip/src/core/timeouts.o
 .text.lwip_cyclic_timer
                0x00006afc       0x34 ./lwip/src/core/timeouts.o
 .text.sys_timeout
                0x00006b30       0x30 ./lwip/src/core/timeouts.o
                0x00006b30                sys_timeout
 .text.tcp_timer_needed
                0x00006b60       0x3c ./lwip/src/core/timeouts.o
                0x00006b60                tcp_timer_needed
 .text.tcpip_tcp_timer
                0x00006b9c       0x38 ./lwip/src/core/timeouts.o
 .text.sys_timeouts_init
                0x00006bd4       0x24 ./lwip/src/core/timeouts.o
                0x00006bd4                sys_timeouts_init
 .text.sys_check_timeouts
                0x00006bf8       0x48 ./lwip/src/core/timeouts.o
                0x00006bf8                sys_check_timeouts
 .text.udp_input
                0x00006c40      0x1ac ./lwip/src/core/udp.o
                0x00006c40                udp_input
 .text.udp_bind
                0x00006dec       0xdc ./lwip/src/core/udp.o
                0x00006dec                udp_bind
 .text.udp_sendto_if_src
                0x00006ec8      0x134 ./lwip/src/core/udp.o
                0x00006ec8                udp_sendto_if_src
 .text.udp_sendto_if
                0x00006ffc       0x68 ./lwip/src/core/udp.o
                0x00006ffc                udp_sendto_if
 .text.udp_connect
                0x00007064       0x70 ./lwip/src/core/udp.o
                0x00007064                udp_connect
 .text.udp_recv
                0x000070d4       0x2c ./lwip/src/core/udp.o
                0x000070d4                udp_recv
 .text.udp_remove
                0x00007100       0x54 ./lwip/src/core/udp.o
                0x00007100                udp_remove
 .text.udp_netif_ip_addr_changed
                0x00007154       0x2c ./lwip/src/core/udp.o
                0x00007154                udp_netif_ip_addr_changed
 .text.fs_open  0x00007180       0x3c ./lwip/src/apps/http/fs.o
                0x00007180                fs_open
 .text.http_get_404_file
                0x000071bc       0x3c ./lwip/src/apps/http/httpd.o
 .text.http_accept
                0x000071f8       0x70 ./lwip/src/apps/http/httpd.o
 .text.http_close_conn.isra.0
                0x00007268       0x58 ./lwip/src/apps/http/httpd.o
 .text.http_send
                0x000072c0       0xa8 ./lwip/src/apps/http/httpd.o
 .text.http_recv
                0x00007368      0x300 ./lwip/src/apps/http/httpd.o
 .text.httpd_init
                0x00007668       0x60 ./lwip/src/apps/http/httpd.o
                0x00007668                httpd_init
 .text.ethernetif_phy_init
                0x000076c8       0xcc ./lwip/port/enet_ethernetif.o
                0x000076c8                ethernetif_phy_init
 .text.ethernetif_input
                0x00007794       0x30 ./lwip/port/enet_ethernetif.o
                0x00007794                ethernetif_input
 .text.ethernetif_get_enet_base
                0x000077c4       0x10 ./lwip/port/enet_ethernetif.o
                0x000077c4                ethernetif_get_enet_base
 .text.ethernetif_init
                0x000077d4       0x88 ./lwip/port/enet_ethernetif.o
                0x000077d4                ethernetif_init
 .text.ethernetif_rx_free
                0x0000785c       0x54 ./lwip/port/enet_ethernetif_kinetis.o
 .text.ethernetif_enet_init
                0x000078b0       0xdc ./lwip/port/enet_ethernetif_kinetis.o
                0x000078b0                ethernetif_enet_init
 .text.ethernetif_linkinput
                0x0000798c       0xd0 ./lwip/port/enet_ethernetif_kinetis.o
                0x0000798c                ethernetif_linkinput
 .text.ethernetif_linkoutput
                0x00007a5c       0x88 ./lwip/port/enet_ethernetif_kinetis.o
                0x00007a5c                ethernetif_linkoutput
 .text.ethernetif0_init
                0x00007ae4       0x48 ./lwip/port/enet_ethernetif_kinetis.o
                0x00007ae4                ethernetif0_init
 .text.sys_assert
                0x00007b2c       0x14 ./lwip/port/sys_arch.o
                0x00007b2c                sys_assert
 .text.time_isr
                0x00007b40       0x10 ./lwip/port/sys_arch.o
                0x00007b40                time_isr
 .text.time_init
                0x00007b50       0x44 ./lwip/port/sys_arch.o
                0x00007b50                time_init
 .text.sys_now  0x00007b94        0xc ./lwip/port/sys_arch.o
                0x00007b94                sys_now
 .text.sys_check_core_locking
                0x00007ba0       0x14 ./lwip/port/sys_arch.o
                0x00007ba0                sys_check_core_locking
 .text.CLOCK_GetMcgExtClkFreq
                0x00007bb4       0x34 ./drivers/fsl_clock.o
 .text.CLOCK_GetFllRefClkFreq
                0x00007be8       0x54 ./drivers/fsl_clock.o
 .text.CLOCK_GetInternalRefClkSelectFreq
                0x00007c3c       0x28 ./drivers/fsl_clock.o
 .text.CLOCK_GetOsc0ErClkFreq
                0x00007c64       0x18 ./drivers/fsl_clock.o
                0x00007c64                CLOCK_GetOsc0ErClkFreq
 .text.CLOCK_GetEr32kClkFreq
                0x00007c7c       0x3c ./drivers/fsl_clock.o
                0x00007c7c                CLOCK_GetEr32kClkFreq
 .text.CLOCK_SetSimConfig
                0x00007cb8       0x28 ./drivers/fsl_clock.o
                0x00007cb8                CLOCK_SetSimConfig
 .text.CLOCK_GetFllFreq
                0x00007ce0       0x3c ./drivers/fsl_clock.o
                0x00007ce0                CLOCK_GetFllFreq
 .text.CLOCK_GetInternalRefClkFreq
                0x00007d1c       0x14 ./drivers/fsl_clock.o
                0x00007d1c                CLOCK_GetInternalRefClkFreq
 .text.CLOCK_GetPll0Freq
                0x00007d30       0x2c ./drivers/fsl_clock.o
                0x00007d30                CLOCK_GetPll0Freq
 .text.CLOCK_GetPllFllSelClkFreq
                0x00007d5c       0x2c ./drivers/fsl_clock.o
                0x00007d5c                CLOCK_GetPllFllSelClkFreq
 .text.CLOCK_GetOutClkFreq
                0x00007d88       0x28 ./drivers/fsl_clock.o
                0x00007d88                CLOCK_GetOutClkFreq
 .text.CLOCK_GetCoreSysClkFreq
                0x00007db0       0x18 ./drivers/fsl_clock.o
                0x00007db0                CLOCK_GetCoreSysClkFreq
 .text.CLOCK_GetFreq
                0x00007dc8       0xa8 ./drivers/fsl_clock.o
                0x00007dc8                CLOCK_GetFreq
 .text.CLOCK_SetExternalRefClkConfig
                0x00007e70       0x30 ./drivers/fsl_clock.o
                0x00007e70                CLOCK_SetExternalRefClkConfig
 .text.CLOCK_SetInternalRefClkConfig
                0x00007ea0       0x84 ./drivers/fsl_clock.o
                0x00007ea0                CLOCK_SetInternalRefClkConfig
 .text.CLOCK_EnablePll0
                0x00007f24       0x34 ./drivers/fsl_clock.o
                0x00007f24                CLOCK_EnablePll0
 .text.CLOCK_InitOsc0
                0x00007f58       0x64 ./drivers/fsl_clock.o
                0x00007f58                CLOCK_InitOsc0
 .text.CLOCK_SetPbeMode
                0x00007fbc       0x50 ./drivers/fsl_clock.o
                0x00007fbc                CLOCK_SetPbeMode
 .text.CLOCK_BootToPeeMode
                0x0000800c       0x30 ./drivers/fsl_clock.o
                0x0000800c                CLOCK_BootToPeeMode
 .text.ENET_GetInstance
                0x0000803c       0x10 ./drivers/fsl_enet.o
                0x0000803c                ENET_GetInstance
 .text.ENET_GetDefaultConfig
                0x0000804c       0x1c ./drivers/fsl_enet.o
                0x0000804c                ENET_GetDefaultConfig
 .text.ENET_SetRxISRHandler
                0x00008068       0x20 ./drivers/fsl_enet.o
                0x00008068                ENET_SetRxISRHandler
 .text.ENET_SetTxISRHandler
                0x00008088       0x20 ./drivers/fsl_enet.o
                0x00008088                ENET_SetTxISRHandler
 .text.ENET_SetErrISRHandler
                0x000080a8       0x20 ./drivers/fsl_enet.o
                0x000080a8                ENET_SetErrISRHandler
 .text.ENET_SetSMI
                0x000080c8       0x40 ./drivers/fsl_enet.o
                0x000080c8                ENET_SetSMI
 .text.ENET_Up  0x00008108      0x35c ./drivers/fsl_enet.o
                0x00008108                ENET_Up
 .text.ENET_Init
                0x00008464       0x28 ./drivers/fsl_enet.o
                0x00008464                ENET_Init
 .text.ENET_TxIRQHandler
                0x0000848c       0x28 ./drivers/fsl_enet.o
                0x0000848c                ENET_TxIRQHandler
 .text.ENET_RxIRQHandler
                0x000084b4       0x28 ./drivers/fsl_enet.o
                0x000084b4                ENET_RxIRQHandler
 .text.ENET_ErrIRQHandler
                0x000084dc       0x28 ./drivers/fsl_enet.o
                0x000084dc                ENET_ErrIRQHandler
 .text.ENET_Transmit_DriverIRQHandler
                0x00008504       0x14 ./drivers/fsl_enet.o
                0x00008504                ENET_Transmit_DriverIRQHandler
 .text.ENET_Receive_DriverIRQHandler
                0x00008518       0x14 ./drivers/fsl_enet.o
                0x00008518                ENET_Receive_DriverIRQHandler
 .text.ENET_Error_DriverIRQHandler
                0x0000852c       0x14 ./drivers/fsl_enet.o
                0x0000852c                ENET_Error_DriverIRQHandler
 .text.UART_GetInstance
                0x00008540       0x4c ./drivers/fsl_uart.o
                0x00008540                UART_GetInstance
 .text.UART_Init
                0x0000858c      0x10c ./drivers/fsl_uart.o
                0x0000858c                UART_Init
 .text.UART0_DriverIRQHandler
                0x00008698       0x20 ./drivers/fsl_uart.o
                0x00008698                UART0_DriverIRQHandler
 .text.UART1_DriverIRQHandler
                0x000086b8       0x20 ./drivers/fsl_uart.o
                0x000086b8                UART1_DriverIRQHandler
 .text.UART2_DriverIRQHandler
                0x000086d8       0x20 ./drivers/fsl_uart.o
                0x000086d8                UART2_DriverIRQHandler
 .text.UART3_DriverIRQHandler
                0x000086f8       0x20 ./drivers/fsl_uart.o
                0x000086f8                UART3_DriverIRQHandler
 .text.UART4_DriverIRQHandler
                0x00008718       0x20 ./drivers/fsl_uart.o
                0x00008718                UART4_DriverIRQHandler
 .text.UART5_DriverIRQHandler
                0x00008738       0x20 ./drivers/fsl_uart.o
                0x00008738                UART5_DriverIRQHandler
 .text.SystemInit
                0x00008758       0x20 ./device/system_MK64F12.o
                0x00008758                SystemInit
 .text.HAL_UartInit
                0x00008778       0x8c ./component/uart/fsl_adapter_uart.o
                0x00008778                HAL_UartInit
 .text.HAL_UartSendBlocking
                0x00008804       0x18 ./component/uart/fsl_adapter_uart.o
                0x00008804                HAL_UartSendBlocking
 .text.BOARD_BootClockRUN
                0x0000881c       0x68 ./board/clock_config.o
                0x0000881c                BOARD_BootClockRUN
 .text.BOARD_InitPins
                0x00008884       0xec ./board/pin_mux.o
                0x00008884                BOARD_InitPins
 .text._initio  0x00008970       0x78 /usr/local/mcuxpressoide-11.10.0_3148/ide/plugins/com.nxp.mcuxpresso.tools.linux_11.10.0.202311280810/tools/bin/../lib/gcc/arm-none-eabi/13.2.1/../../../../arm-none-eabi/lib/thumb/v7-m/nofp/libcr_c.a(initio.o)
                0x00008970                _initio
 .text._Cwritebuf
                0x000089e8       0x6c /usr/local/mcuxpressoide-11.10.0_3148/ide/plugins/com.nxp.mcuxpresso.tools.linux_11.10.0.202311280810/tools/bin/../lib/gcc/arm-none-eabi/13.2.1/../../../../arm-none-eabi/lib/thumb/v7-m/nofp/libcr_c.a(_writebuf.o)
                0x000089e8                _Cwritebuf
 .text.fflush   0x00008a54       0x3c /usr/local/mcuxpressoide-11.10.0_3148/ide/plugins/com.nxp.mcuxpresso.tools.linux_11.10.0.202311280810/tools/bin/../lib/gcc/arm-none-eabi/13.2.1/../../../../arm-none-eabi/lib/thumb/v7-m/nofp/libcr_c.a(fflush.o)
                0x00008a54                fflush
 .text.fseek    0x00008a90       0xf8 /usr/local/mcuxpressoide-11.10.0_3148/ide/plugins/com.nxp.mcuxpresso.tools.linux_11.10.0.202311280810/tools/bin/../lib/gcc/arm-none-eabi/13.2.1/../../../../arm-none-eabi/lib/thumb/v7-m/nofp/libcr_c.a(fseek.o)
                0x00008a90                fseek
 .text.ftell    0x00008b88       0x44 /usr/local/mcuxpressoide-11.10.0_3148/ide/plugins/com.nxp.mcuxpresso.tools.linux_11.10.0.202311280810/tools/bin/../lib/gcc/arm-none-eabi/13.2.1/../../../../arm-none-eabi/lib/thumb/v7-m/nofp/libcr_c.a(ftell.o)
                0x00008b88                ftell
 .text.DbgConsole_PrintCallback
                0x00008bcc       0x3a ./utilities/fsl_debug_console.o
 .text.DbgConsole_Printf
                0x00008c06       0x1a ./utilities/fsl_debug_console.o
                0x00008c06                DbgConsole_Printf
 .text.PrintOutputdifFobpu
                0x00008c20       0x8a ./utilities/fsl_str.o
 .text.DMA0_IRQHandler
                0x00008caa        0x8 ./startup/startup_mk64f12.o
                0x00008caa                DMA0_IRQHandler
 .text.DMA1_IRQHandler
                0x00008cb2        0x8 ./startup/startup_mk64f12.o
                0x00008cb2                DMA1_IRQHandler
 .text.DMA2_IRQHandler
                0x00008cba        0x8 ./startup/startup_mk64f12.o
                0x00008cba                DMA2_IRQHandler
 .text.DMA3_IRQHandler
                0x00008cc2        0x8 ./startup/startup_mk64f12.o
                0x00008cc2                DMA3_IRQHandler
 .text.DMA4_IRQHandler
                0x00008cca        0x8 ./startup/startup_mk64f12.o
                0x00008cca                DMA4_IRQHandler
 .text.DMA5_IRQHandler
                0x00008cd2        0x8 ./startup/startup_mk64f12.o
                0x00008cd2                DMA5_IRQHandler
 .text.DMA6_IRQHandler
                0x00008cda        0x8 ./startup/startup_mk64f12.o
                0x00008cda                DMA6_IRQHandler
 .text.DMA7_IRQHandler
                0x00008ce2        0x8 ./startup/startup_mk64f12.o
                0x00008ce2                DMA7_IRQHandler
 .text.DMA8_IRQHandler
                0x00008cea        0x8 ./startup/startup_mk64f12.o
                0x00008cea                DMA8_IRQHandler
 .text.DMA9_IRQHandler
                0x00008cf2        0x8 ./startup/startup_mk64f12.o
                0x00008cf2                DMA9_IRQHandler
 .text.DMA10_IRQHandler
                0x00008cfa        0x8 ./startup/startup_mk64f12.o
                0x00008cfa                DMA10_IRQHandler
 .text.DMA11_IRQHandler
                0x00008d02        0x8 ./startup/startup_mk64f12.o
                0x00008d02                DMA11_IRQHandler
 .text.DMA12_IRQHandler
                0x00008d0a        0x8 ./startup/startup_mk64f12.o
                0x00008d0a                DMA12_IRQHandler
 .text.DMA13_IRQHandler
                0x00008d12        0x8 ./startup/startup_mk64f12.o
                0x00008d12                DMA13_IRQHandler
 .text.DMA14_IRQHandler
                0x00008d1a        0x8 ./startup/startup_mk64f12.o
                0x00008d1a                DMA14_IRQHandler
 .text.DMA15_IRQHandler
                0x00008d22        0x8 ./startup/startup_mk64f12.o
                0x00008d22                DMA15_IRQHandler
 .text.DMA_Error_IRQHandler
                0x00008d2a        0x8 ./startup/startup_mk64f12.o
                0x00008d2a                DMA_Error_IRQHandler
 .text.MCM_IRQHandler
                0x00008d32        0x8 ./startup/startup_mk64f12.o
                0x00008d32                MCM_IRQHandler
 .text.FTFE_IRQHandler
                0x00008d3a        0x8 ./startup/startup_mk64f12.o
                0x00008d3a                FTFE_IRQHandler
 .text.Read_Collision_IRQHandler
                0x00008d42        0x8 ./startup/startup_mk64f12.o
                0x00008d42                Read_Collision_IRQHandler
 .text.LVD_LVW_IRQHandler
                0x00008d4a        0x8 ./startup/startup_mk64f12.o
                0x00008d4a                LVD_LVW_IRQHandler
 .text.LLWU_IRQHandler
                0x00008d52        0x8 ./startup/startup_mk64f12.o
                0x00008d52                LLWU_IRQHandler
 .text.WDOG_EWM_IRQHandler
                0x00008d5a        0x8 ./startup/startup_mk64f12.o
                0x00008d5a                WDOG_EWM_IRQHandler
 .text.RNG_IRQHandler
                0x00008d62        0x8 ./startup/startup_mk64f12.o
                0x00008d62                RNG_IRQHandler
 .text.I2C0_IRQHandler
                0x00008d6a        0x8 ./startup/startup_mk64f12.o
                0x00008d6a                I2C0_IRQHandler
 .text.I2C1_IRQHandler
                0x00008d72        0x8 ./startup/startup_mk64f12.o
                0x00008d72                I2C1_IRQHandler
 .text.SPI0_IRQHandler
                0x00008d7a        0x8 ./startup/startup_mk64f12.o
                0x00008d7a                SPI0_IRQHandler
 .text.SPI1_IRQHandler
                0x00008d82        0x8 ./startup/startup_mk64f12.o
                0x00008d82                SPI1_IRQHandler
 .text.I2S0_Tx_IRQHandler
                0x00008d8a        0x8 ./startup/startup_mk64f12.o
                0x00008d8a                I2S0_Tx_IRQHandler
 .text.I2S0_Rx_IRQHandler
                0x00008d92        0x8 ./startup/startup_mk64f12.o
                0x00008d92                I2S0_Rx_IRQHandler
 .text.UART0_LON_IRQHandler
                0x00008d9a        0x8 ./startup/startup_mk64f12.o
                0x00008d9a                UART0_LON_IRQHandler
 .text.UART0_RX_TX_IRQHandler
                0x00008da2        0x8 ./startup/startup_mk64f12.o
                0x00008da2                UART0_RX_TX_IRQHandler
 .text.UART0_ERR_IRQHandler
                0x00008daa        0x8 ./startup/startup_mk64f12.o
                0x00008daa                UART0_ERR_IRQHandler
 .text.UART1_RX_TX_IRQHandler
                0x00008db2        0x8 ./startup/startup_mk64f12.o
                0x00008db2                UART1_RX_TX_IRQHandler
 .text.UART1_ERR_IRQHandler
                0x00008dba        0x8 ./startup/startup_mk64f12.o
                0x00008dba                UART1_ERR_IRQHandler
 .text.UART2_RX_TX_IRQHandler
                0x00008dc2        0x8 ./startup/startup_mk64f12.o
                0x00008dc2                UART2_RX_TX_IRQHandler
 .text.UART2_ERR_IRQHandler
                0x00008dca        0x8 ./startup/startup_mk64f12.o
                0x00008dca                UART2_ERR_IRQHandler
 .text.UART3_RX_TX_IRQHandler
                0x00008dd2        0x8 ./startup/startup_mk64f12.o
                0x00008dd2                UART3_RX_TX_IRQHandler
 .text.UART3_ERR_IRQHandler
                0x00008dda        0x8 ./startup/startup_mk64f12.o
                0x00008dda                UART3_ERR_IRQHandler
 .text.ADC0_IRQHandler
                0x00008de2        0x8 ./startup/startup_mk64f12.o
                0x00008de2                ADC0_IRQHandler
 .text.CMP0_IRQHandler
                0x00008dea        0x8 ./startup/startup_mk64f12.o
                0x00008dea                CMP0_IRQHandler
 .text.CMP1_IRQHandler
                0x00008df2        0x8 ./startup/startup_mk64f12.o
                0x00008df2                CMP1_IRQHandler
 .text.FTM0_IRQHandler
                0x00008dfa        0x8 ./startup/startup_mk64f12.o
                0x00008dfa                FTM0_IRQHandler
 .text.FTM1_IRQHandler
                0x00008e02        0x8 ./startup/startup_mk64f12.o
                0x00008e02                FTM1_IRQHandler
 .text.FTM2_IRQHandler
                0x00008e0a        0x8 ./startup/startup_mk64f12.o
                0x00008e0a                FTM2_IRQHandler
 .text.CMT_IRQHandler
                0x00008e12        0x8 ./startup/startup_mk64f12.o
                0x00008e12                CMT_IRQHandler
 .text.RTC_IRQHandler
                0x00008e1a        0x8 ./startup/startup_mk64f12.o
                0x00008e1a                RTC_IRQHandler
 .text.RTC_Seconds_IRQHandler
                0x00008e22        0x8 ./startup/startup_mk64f12.o
                0x00008e22                RTC_Seconds_IRQHandler
 .text.PIT0_IRQHandler
                0x00008e2a        0x8 ./startup/startup_mk64f12.o
                0x00008e2a                PIT0_IRQHandler
 .text.PIT1_IRQHandler
                0x00008e32        0x8 ./startup/startup_mk64f12.o
                0x00008e32                PIT1_IRQHandler
 .text.PIT2_IRQHandler
                0x00008e3a        0x8 ./startup/startup_mk64f12.o
                0x00008e3a                PIT2_IRQHandler
 .text.PIT3_IRQHandler
                0x00008e42        0x8 ./startup/startup_mk64f12.o
                0x00008e42                PIT3_IRQHandler
 .text.PDB0_IRQHandler
                0x00008e4a        0x8 ./startup/startup_mk64f12.o
                0x00008e4a                PDB0_IRQHandler
 .text.USB0_IRQHandler
                0x00008e52        0x8 ./startup/startup_mk64f12.o
                0x00008e52                USB0_IRQHandler
 .text.USBDCD_IRQHandler
                0x00008e5a        0x8 ./startup/startup_mk64f12.o
                0x00008e5a                USBDCD_IRQHandler
 .text.Reserved71_IRQHandler
                0x00008e62        0x8 ./startup/startup_mk64f12.o
                0x00008e62                Reserved71_IRQHandler
 .text.DAC0_IRQHandler
                0x00008e6a        0x8 ./startup/startup_mk64f12.o
                0x00008e6a                DAC0_IRQHandler
 .text.MCG_IRQHandler
                0x00008e72        0x8 ./startup/startup_mk64f12.o
                0x00008e72                MCG_IRQHandler
 .text.LPTMR0_IRQHandler
                0x00008e7a        0x8 ./startup/startup_mk64f12.o
                0x00008e7a                LPTMR0_IRQHandler
 .text.PORTA_IRQHandler
                0x00008e82        0x8 ./startup/startup_mk64f12.o
                0x00008e82                PORTA_IRQHandler
 .text.PORTB_IRQHandler
                0x00008e8a        0x8 ./startup/startup_mk64f12.o
                0x00008e8a                PORTB_IRQHandler
 .text.PORTC_IRQHandler
                0x00008e92        0x8 ./startup/startup_mk64f12.o
                0x00008e92                PORTC_IRQHandler
 .text.PORTD_IRQHandler
                0x00008e9a        0x8 ./startup/startup_mk64f12.o
                0x00008e9a                PORTD_IRQHandler
 .text.PORTE_IRQHandler
                0x00008ea2        0x8 ./startup/startup_mk64f12.o
                0x00008ea2                PORTE_IRQHandler
 .text.SWI_IRQHandler
                0x00008eaa        0x8 ./startup/startup_mk64f12.o
                0x00008eaa                SWI_IRQHandler
 .text.SPI2_IRQHandler
                0x00008eb2        0x8 ./startup/startup_mk64f12.o
                0x00008eb2                SPI2_IRQHandler
 .text.UART4_RX_TX_IRQHandler
                0x00008eba        0x8 ./startup/startup_mk64f12.o
                0x00008eba                UART4_RX_TX_IRQHandler
 .text.UART4_ERR_IRQHandler
                0x00008ec2        0x8 ./startup/startup_mk64f12.o
                0x00008ec2                UART4_ERR_IRQHandler
 .text.UART5_RX_TX_IRQHandler
                0x00008eca        0x8 ./startup/startup_mk64f12.o
                0x00008eca                UART5_RX_TX_IRQHandler
 .text.UART5_ERR_IRQHandler
                0x00008ed2        0x8 ./startup/startup_mk64f12.o
                0x00008ed2                UART5_ERR_IRQHandler
 .text.CMP2_IRQHandler
                0x00008eda        0x8 ./startup/startup_mk64f12.o
                0x00008eda                CMP2_IRQHandler
 .text.FTM3_IRQHandler
                0x00008ee2        0x8 ./startup/startup_mk64f12.o
                0x00008ee2                FTM3_IRQHandler
 .text.DAC1_IRQHandler
                0x00008eea        0x8 ./startup/startup_mk64f12.o
                0x00008eea                DAC1_IRQHandler
 .text.ADC1_IRQHandler
                0x00008ef2        0x8 ./startup/startup_mk64f12.o
                0x00008ef2                ADC1_IRQHandler
 .text.I2C2_IRQHandler
                0x00008efa        0x8 ./startup/startup_mk64f12.o
                0x00008efa                I2C2_IRQHandler
 .text.CAN0_ORed_Message_buffer_IRQHandler
                0x00008f02        0x8 ./startup/startup_mk64f12.o
                0x00008f02                CAN0_ORed_Message_buffer_IRQHandler
 .text.CAN0_Wake_Up_IRQHandler
                0x00008f0a        0x8 ./startup/startup_mk64f12.o
                0x00008f0a                CAN0_Wake_Up_IRQHandler
 .text.CAN0_Bus_Off_IRQHandler
                0x00008f12        0x8 ./startup/startup_mk64f12.o
                0x00008f12                CAN0_Bus_Off_IRQHandler
 .text.CAN0_Error_IRQHandler
                0x00008f1a        0x8 ./startup/startup_mk64f12.o
                0x00008f1a                CAN0_Error_IRQHandler
 .text.CAN0_Tx_Warning_IRQHandler
                0x00008f22        0x8 ./startup/startup_mk64f12.o
                0x00008f22                CAN0_Tx_Warning_IRQHandler
 .text.CAN0_Rx_Warning_IRQHandler
                0x00008f2a        0x8 ./startup/startup_mk64f12.o
                0x00008f2a                CAN0_Rx_Warning_IRQHandler
 .text.SDHC_IRQHandler
                0x00008f32        0x8 ./startup/startup_mk64f12.o
                0x00008f32                SDHC_IRQHandler
 .text.ENET_1588_Timer_IRQHandler
                0x00008f3a        0x8 ./startup/startup_mk64f12.o
                0x00008f3a                ENET_1588_Timer_IRQHandler
 .text.ENET_Transmit_IRQHandler
                0x00008f42        0x8 ./startup/startup_mk64f12.o
                0x00008f42                ENET_Transmit_IRQHandler
 .text.ENET_Receive_IRQHandler
                0x00008f4a        0x8 ./startup/startup_mk64f12.o
                0x00008f4a                ENET_Receive_IRQHandler
 .text.ENET_Error_IRQHandler
                0x00008f52        0x8 ./startup/startup_mk64f12.o
                0x00008f52                ENET_Error_IRQHandler
 .text.SysTick_Handler
                0x00008f5a        0x4 ./source/lwip_httpsrv_bm.o
                0x00008f5a                SysTick_Handler
 .text.HardFault_Handler
                0x00008f5e       0x34 ./source/semihost_hardfault.o
                0x00008f5e                HardFault_Handler
 .text.MDIO_Write
                0x00008f92        0xc ./phy/fsl_phyksz8081.o
 .text.MDIO_Read
                0x00008f9e        0xc ./phy/fsl_phyksz8081.o
 .text.PHY_KSZ8081_Write
                0x00008faa        0xc ./phy/fsl_phyksz8081.o
                0x00008faa                PHY_KSZ8081_Write
 .text.PHY_KSZ8081_Read
                0x00008fb6        0xc ./phy/fsl_phyksz8081.o
                0x00008fb6                PHY_KSZ8081_Read
 .text.PHY_KSZ8081_GetAutoNegotiationStatus
                0x00008fc2       0x24 ./phy/fsl_phyksz8081.o
                0x00008fc2                PHY_KSZ8081_GetAutoNegotiationStatus
 .text.PHY_KSZ8081_GetLinkStatus
                0x00008fe6       0x22 ./phy/fsl_phyksz8081.o
                0x00008fe6                PHY_KSZ8081_GetLinkStatus
 .text.PHY_KSZ8081_GetLinkSpeedDuplex
                0x00009008       0x3e ./phy/fsl_phyksz8081.o
                0x00009008                PHY_KSZ8081_GetLinkSpeedDuplex
 .text.PHY_KSZ8081_SetLinkSpeedDuplex
                0x00009046       0x44 ./phy/fsl_phyksz8081.o
                0x00009046                PHY_KSZ8081_SetLinkSpeedDuplex
 .text.PHY_KSZ8081_Init
                0x0000908a       0xa6 ./phy/fsl_phyksz8081.o
                0x0000908a                PHY_KSZ8081_Init
 .text.PHY_KSZ8081_EnableLoopback
                0x00009130       0x84 ./phy/fsl_phyksz8081.o
                0x00009130                PHY_KSZ8081_EnableLoopback
 .text.ENET_MDIO_Read
                0x000091b4       0x2a ./mdio/fsl_enet_mdio.o
 .text.ENET_MDIO_Write
                0x000091de       0x26 ./mdio/fsl_enet_mdio.o
 .text.dhcp_set_state
                0x00009204       0x10 ./lwip/src/core/ipv4/dhcp.o
 .text.dhcp_option_trailer
                0x00009214       0x38 ./lwip/src/core/ipv4/dhcp.o
 .text.dhcp_supplied_address
                0x0000924c       0x1e ./lwip/src/core/ipv4/dhcp.o
                0x0000924c                dhcp_supplied_address
 .text.icmp_dest_unreach
                0x0000926a        0x8 ./lwip/src/core/ipv4/icmp.o
                0x0000926a                icmp_dest_unreach
 .text.icmp_time_exceeded
                0x00009272        0x8 ./lwip/src/core/ipv4/icmp.o
                0x00009272                icmp_time_exceeded
 .text.ip4_output_if
                0x0000927a       0x22 ./lwip/src/core/ipv4/ip4.o
                0x0000927a                ip4_output_if
 .text.ip4_addr_isbroadcast_u32
                0x0000929c       0x36 ./lwip/src/core/ipv4/ip4_addr.o
                0x0000929c                ip4_addr_isbroadcast_u32
 .text.lwip_htons
                0x000092d2        0x6 ./lwip/src/core/def.o
                0x000092d2                lwip_htons
 .text.lwip_htonl
                0x000092d8        0x4 ./lwip/src/core/def.o
                0x000092d8                lwip_htonl
 .text.lwip_strnstr
                0x000092dc       0x42 ./lwip/src/core/def.o
                0x000092dc                lwip_strnstr
 .text.lwip_standard_chksum
                0x0000931e       0x56 ./lwip/src/core/inet_chksum.o
                0x0000931e                lwip_standard_chksum
 .text.inet_chksum_pseudo
                0x00009374       0x92 ./lwip/src/core/inet_chksum.o
                0x00009374                inet_chksum_pseudo
 .text.ip_chksum_pseudo
                0x00009406        0x4 ./lwip/src/core/inet_chksum.o
                0x00009406                ip_chksum_pseudo
 .text.inet_chksum
                0x0000940a        0xc ./lwip/src/core/inet_chksum.o
                0x0000940a                inet_chksum
 .text.inet_chksum_pbuf
                0x00009416       0x44 ./lwip/src/core/inet_chksum.o
                0x00009416                inet_chksum_pbuf
 .text.lwip_init
                0x0000945a       0x1e ./lwip/src/core/init.o
                0x0000945a                lwip_init
 .text.memp_init_pool
                0x00009478       0x26 ./lwip/src/core/memp.o
                0x00009478                memp_init_pool
 .text.netif_null_output_ip4
                0x0000949e        0x6 ./lwip/src/core/netif.o
 .text.netif_do_set_ipaddr.isra.0
                0x000094a4       0x34 ./lwip/src/core/netif.o
 .text.netif_init
                0x000094d8        0x2 ./lwip/src/core/netif.o
                0x000094d8                netif_init
 .text.pbuf_alloced_custom
                0x000094da       0x32 ./lwip/src/core/pbuf.o
                0x000094da                pbuf_alloced_custom
 .text.pbuf_add_header
                0x0000950c        0x6 ./lwip/src/core/pbuf.o
                0x0000950c                pbuf_add_header
 .text.pbuf_header_force
                0x00009512       0x10 ./lwip/src/core/pbuf.o
                0x00009512                pbuf_header_force
 .text.pbuf_clen
                0x00009522       0x10 ./lwip/src/core/pbuf.o
                0x00009522                pbuf_clen
 .text.pbuf_chain
                0x00009532       0x12 ./lwip/src/core/pbuf.o
                0x00009532                pbuf_chain
 .text.tcp_init
                0x00009544        0x2 ./lwip/src/core/tcp.o
                0x00009544                tcp_init
 .text.tcp_listen_with_backlog
                0x00009546       0x18 ./lwip/src/core/tcp.o
                0x00009546                tcp_listen_with_backlog
 .text.tcp_seg_free
                0x0000955e       0x1c ./lwip/src/core/tcp.o
                0x0000955e                tcp_seg_free
 .text.tcp_segs_free
                0x0000957a       0x10 ./lwip/src/core/tcp.o
                0x0000957a                tcp_segs_free
 .text.tcp_arg  0x0000958a       0x10 ./lwip/src/core/tcp.o
                0x0000958a                tcp_arg
 .text.tcp_accept
                0x0000959a       0x16 ./lwip/src/core/tcp.o
                0x0000959a                tcp_accept
 .text.tcp_abort
                0x000095b0        0x6 ./lwip/src/core/tcp.o
                0x000095b0                tcp_abort
 .text.tcp_new_ip_type
                0x000095b6        0x6 ./lwip/src/core/tcp.o
                0x000095b6                tcp_new_ip_type
 .text.tcp_rst  0x000095bc       0x38 ./lwip/src/core/tcp_out.o
                0x000095bc                tcp_rst
 .text.tcp_rst_netif
                0x000095f4       0x3c ./lwip/src/core/tcp_out.o
                0x000095f4                tcp_rst_netif
 .text.udp_init
                0x00009630        0x2 ./lwip/src/core/udp.o
                0x00009630                udp_init
 .text.udp_new  0x00009632       0x20 ./lwip/src/core/udp.o
                0x00009632                udp_new
 .text.fs_close
                0x00009652        0x2 ./lwip/src/apps/http/fs.o
                0x00009652                fs_close
 .text.fs_bytes_left
                0x00009654        0x8 ./lwip/src/apps/http/fs.o
                0x00009654                fs_bytes_left
 .text.http_state_eof
                0x0000965c       0x1e ./lwip/src/apps/http/httpd.o
 .text.http_err
                0x0000967a       0x16 ./lwip/src/apps/http/httpd.o
 .text.http_sent
                0x00009690       0x18 ./lwip/src/apps/http/httpd.o
 .text.http_poll
                0x000096a8       0x3a ./lwip/src/apps/http/httpd.o
 .text.ethernetif_rx_release
                0x000096e2       0x12 ./lwip/port/enet_ethernetif_kinetis.o
 .text.ethernetif_rx_alloc
                0x000096f4       0x38 ./lwip/port/enet_ethernetif_kinetis.o
 .text.ethernetif_enet_ptr
                0x0000972c        0x2 ./lwip/port/enet_ethernetif_kinetis.o
                0x0000972c                ethernetif_enet_ptr
 .text.sys_arch_protect
                0x0000972e        0x8 ./lwip/port/sys_arch.o
                0x0000972e                sys_arch_protect
 .text.sys_arch_unprotect
                0x00009736        0x6 ./lwip/port/sys_arch.o
                0x00009736                sys_arch_unprotect
 .text.CLOCK_GetFixedFreqClkFreq
                0x0000973c       0x18 ./drivers/fsl_clock.o
                0x0000973c                CLOCK_GetFixedFreqClkFreq
 .text.ENET_RxBufferFreeAll
                0x00009754       0x6a ./drivers/fsl_enet.o
 .text.ENET_ReceiveIRQHandler
                0x000097be       0x2e ./drivers/fsl_enet.o
                0x000097be                ENET_ReceiveIRQHandler
 .text.ENET_ErrorIRQHandler
                0x000097ec       0x46 ./drivers/fsl_enet.o
                0x000097ec                ENET_ErrorIRQHandler
 .text.ENET_SetMacAddr
                0x00009832       0x14 ./drivers/fsl_enet.o
                0x00009832                ENET_SetMacAddr
 .text.ENET_StartSMIWrite
                0x00009846       0x2a ./drivers/fsl_enet.o
                0x00009846                ENET_StartSMIWrite
 .text.ENET_StartSMIRead
                0x00009870       0x22 ./drivers/fsl_enet.o
                0x00009870                ENET_StartSMIRead
 .text.ENET_SendFrame
                0x00009892      0x1d2 ./drivers/fsl_enet.o
                0x00009892                ENET_SendFrame
 .text.ENET_ReclaimTxDescriptor
                0x00009a64       0x90 ./drivers/fsl_enet.o
                0x00009a64                ENET_ReclaimTxDescriptor
 .text.ENET_TransmitIRQHandler
                0x00009af4       0x46 ./drivers/fsl_enet.o
                0x00009af4                ENET_TransmitIRQHandler
 .text.ENET_GetRxFrame
                0x00009b3a      0x1c8 ./drivers/fsl_enet.o
                0x00009b3a                ENET_GetRxFrame
 .text.ENET_1588_Timer_DriverIRQHandler
                0x00009d02        0x6 ./drivers/fsl_enet.o
                0x00009d02                ENET_1588_Timer_DriverIRQHandler
 .text.UART_GetDefaultConfig
                0x00009d08       0x20 ./drivers/fsl_uart.o
                0x00009d08                UART_GetDefaultConfig
 .text.UART_WriteBlocking
                0x00009d28       0x1e ./drivers/fsl_uart.o
                0x00009d28                UART_WriteBlocking
 .text.UART0_RX_TX_DriverIRQHandler
                0x00009d46        0xc ./drivers/fsl_uart.o
                0x00009d46                UART0_RX_TX_DriverIRQHandler
 .text.UART1_RX_TX_DriverIRQHandler
                0x00009d52        0xc ./drivers/fsl_uart.o
                0x00009d52                UART1_RX_TX_DriverIRQHandler
 .text.UART2_RX_TX_DriverIRQHandler
                0x00009d5e        0xc ./drivers/fsl_uart.o
                0x00009d5e                UART2_RX_TX_DriverIRQHandler
 .text.UART3_RX_TX_DriverIRQHandler
                0x00009d6a        0xc ./drivers/fsl_uart.o
                0x00009d6a                UART3_RX_TX_DriverIRQHandler
 .text.UART4_RX_TX_DriverIRQHandler
                0x00009d76        0xc ./drivers/fsl_uart.o
                0x00009d76                UART4_RX_TX_DriverIRQHandler
 .text.UART5_RX_TX_DriverIRQHandler
                0x00009d82        0xc ./drivers/fsl_uart.o
                0x00009d82                UART5_RX_TX_DriverIRQHandler
 .text.SystemInitHook
                0x00009d8e        0x2 ./device/system_MK64F12.o
                0x00009d8e                SystemInitHook
 .text.SerialManager_Init
                0x00009d90       0x2a ./component/serial_manager/fsl_component_serial_manager.o
                0x00009d90                SerialManager_Init
 .text.SerialManager_OpenWriteHandle
                0x00009dba       0x26 ./component/serial_manager/fsl_component_serial_manager.o
                0x00009dba                SerialManager_OpenWriteHandle
 .text.SerialManager_OpenReadHandle
                0x00009de0       0x2c ./component/serial_manager/fsl_component_serial_manager.o
                0x00009de0                SerialManager_OpenReadHandle
 .text.SerialManager_WriteBlocking
                0x00009e0c       0x14 ./component/serial_manager/fsl_component_serial_manager.o
                0x00009e0c                SerialManager_WriteBlocking
 .text.Serial_UartInit
                0x00009e20        0x4 ./component/serial_manager/fsl_component_serial_port_uart.o
                0x00009e20                Serial_UartInit
 .text.Serial_UartWrite
                0x00009e24        0x4 ./component/serial_manager/fsl_component_serial_port_uart.o
                0x00009e24                Serial_UartWrite
 .text.BOARD_InitDebugConsole
                0x00009e28       0x18 ./board/board.o
                0x00009e28                BOARD_InitDebugConsole
 .text.BOARD_InitBootClocks
                0x00009e40        0x4 ./board/clock_config.o
                0x00009e40                BOARD_InitBootClocks
 .text.BOARD_InitBootPins
                0x00009e44        0x4 ./board/pin_mux.o
                0x00009e44                BOARD_InitBootPins
 .text.__main   0x00009e48        0xe /usr/local/mcuxpressoide-11.10.0_3148/ide/plugins/com.nxp.mcuxpresso.tools.linux_11.10.0.202311280810/tools/bin/../lib/gcc/arm-none-eabi/13.2.1/../../../../arm-none-eabi/lib/thumb/v7-m/nofp/libcr_nohost_nf.a(_cr__main.o)
                0x00009e48                __main
 .text.memcpy   0x00009e56        0x4 /usr/local/mcuxpressoide-11.10.0_3148/ide/plugins/com.nxp.mcuxpresso.tools.linux_11.10.0.202311280810/tools/bin/../lib/gcc/arm-none-eabi/13.2.1/../../../../arm-none-eabi/lib/thumb/v7-m/nofp/libcr_c.a(memcpy.o)
                0x00009e56                memcpy
 .text.memset   0x00009e5a        0x4 /usr/local/mcuxpressoide-11.10.0_3148/ide/plugins/com.nxp.mcuxpresso.tools.linux_11.10.0.202311280810/tools/bin/../lib/gcc/arm-none-eabi/13.2.1/../../../../arm-none-eabi/lib/thumb/v7-m/nofp/libcr_c.a(memset.o)
                0x00009e5a                memset
 .text.free     0x00009e5e       0x30 /usr/local/mcuxpressoide-11.10.0_3148/ide/plugins/com.nxp.mcuxpresso.tools.linux_11.10.0.202311280810/tools/bin/../lib/gcc/arm-none-eabi/13.2.1/../../../../arm-none-eabi/lib/thumb/v7-m/nofp/libcr_c.a(alloc.o)
                0x00009e5e                free
 .text.memcmp   0x00009e8e       0x42 /usr/local/mcuxpressoide-11.10.0_3148/ide/plugins/com.nxp.mcuxpresso.tools.linux_11.10.0.202311280810/tools/bin/../lib/gcc/arm-none-eabi/13.2.1/../../../../arm-none-eabi/lib/thumb/v7-m/nofp/libcr_c.a(memcmp.o)
                0x00009e8e                memcmp
 .text.setvbuf  0x00009ed0       0x3e /usr/local/mcuxpressoide-11.10.0_3148/ide/plugins/com.nxp.mcuxpresso.tools.linux_11.10.0.202311280810/tools/bin/../lib/gcc/arm-none-eabi/13.2.1/../../../../arm-none-eabi/lib/thumb/v7-m/nofp/libcr_c.a(setvbuf.o)
                0x00009ed0                setvbuf
 .text.strchr   0x00009f0e       0x18 /usr/local/mcuxpressoide-11.10.0_3148/ide/plugins/com.nxp.mcuxpresso.tools.linux_11.10.0.202311280810/tools/bin/../lib/gcc/arm-none-eabi/13.2.1/../../../../arm-none-eabi/lib/thumb/v7-m/nofp/libcr_c.a(strchr.o)
                0x00009f0e                strchr
 .text.strcmp   0x00009f26       0x44 /usr/local/mcuxpressoide-11.10.0_3148/ide/plugins/com.nxp.mcuxpresso.tools.linux_11.10.0.202311280810/tools/bin/../lib/gcc/arm-none-eabi/13.2.1/../../../../arm-none-eabi/lib/thumb/v7-m/nofp/libcr_c.a(strcmp.o)
                0x00009f26                strcmp
 .text.strlen   0x00009f6a       0x4e /usr/local/mcuxpressoide-11.10.0_3148/ide/plugins/com.nxp.mcuxpresso.tools.linux_11.10.0.202311280810/tools/bin/../lib/gcc/arm-none-eabi/13.2.1/../../../../arm-none-eabi/lib/thumb/v7-m/nofp/libcr_c.a(strlen.o)
                0x00009f6a                strlen
 .text.strncmp  0x00009fb8       0x54 /usr/local/mcuxpressoide-11.10.0_3148/ide/plugins/com.nxp.mcuxpresso.tools.linux_11.10.0.202311280810/tools/bin/../lib/gcc/arm-none-eabi/13.2.1/../../../../arm-none-eabi/lib/thumb/v7-m/nofp/libcr_c.a(strncmp.o)
                0x00009fb8                strncmp
 .text._deferredlazyseek
                0x0000a00c       0x40 /usr/local/mcuxpressoide-11.10.0_3148/ide/plugins/com.nxp.mcuxpresso.tools.linux_11.10.0.202311280810/tools/bin/../lib/gcc/arm-none-eabi/13.2.1/../../../../arm-none-eabi/lib/thumb/v7-m/nofp/libcr_c.a(_deferredlazyseek.o)
                0x0000a00c                _deferredlazyseek
 .text._fdopen  0x0000a04c       0x68 /usr/local/mcuxpressoide-11.10.0_3148/ide/plugins/com.nxp.mcuxpresso.tools.linux_11.10.0.202311280810/tools/bin/../lib/gcc/arm-none-eabi/13.2.1/../../../../arm-none-eabi/lib/thumb/v7-m/nofp/libcr_c.a(_fdopen.o)
                0x0000a04c                _fdopen
 .text._fflush  0x0000a0b4       0x52 /usr/local/mcuxpressoide-11.10.0_3148/ide/plugins/com.nxp.mcuxpresso.tools.linux_11.10.0.202311280810/tools/bin/../lib/gcc/arm-none-eabi/13.2.1/../../../../arm-none-eabi/lib/thumb/v7-m/nofp/libcr_c.a(_fflush.o)
                0x0000a0b4                _fflush
 .text.fclose   0x0000a106       0x58 /usr/local/mcuxpressoide-11.10.0_3148/ide/plugins/com.nxp.mcuxpresso.tools.linux_11.10.0.202311280810/tools/bin/../lib/gcc/arm-none-eabi/13.2.1/../../../../arm-none-eabi/lib/thumb/v7-m/nofp/libcr_c.a(fclose.o)
                0x0000a106                fclose
 .text.remove   0x0000a15e       0x14 /usr/local/mcuxpressoide-11.10.0_3148/ide/plugins/com.nxp.mcuxpresso.tools.linux_11.10.0.202311280810/tools/bin/../lib/gcc/arm-none-eabi/13.2.1/../../../../arm-none-eabi/lib/thumb/v7-m/nofp/libcr_c.a(remove.o)
                0x0000a15e                remove
 .text._do_fflush
                0x0000a172       0x40 /usr/local/mcuxpressoide-11.10.0_3148/ide/plugins/com.nxp.mcuxpresso.tools.linux_11.10.0.202311280810/tools/bin/../lib/gcc/arm-none-eabi/13.2.1/../../../../arm-none-eabi/lib/thumb/v7-m/nofp/libcr_c.a(_do_fflush.o)
                0x0000a172                _do_fflush
 .text.__aeabi_division_ldivmod
                0x0000a1b2       0x26 /usr/local/mcuxpressoide-11.10.0_3148/ide/plugins/com.nxp.mcuxpresso.tools.linux_11.10.0.202311280810/tools/bin/../lib/gcc/arm-none-eabi/13.2.1/thumb/v7-m/nofp/libcr_eabihelpers.a(division_64.o)
                0x0000a1b2                __aeabi_ldivmod
 .text.__aeabi_division_uldivmod
                0x0000a1d8      0x174 /usr/local/mcuxpressoide-11.10.0_3148/ide/plugins/com.nxp.mcuxpresso.tools.linux_11.10.0.202311280810/tools/bin/../lib/gcc/arm-none-eabi/13.2.1/thumb/v7-m/nofp/libcr_eabihelpers.a(division_64.o)
                0x0000a1d8                __aeabi_uldivmod
                0x0000a1dc                __bhs_ldivmod1
 .text.__aeabi_division_idiv0
                0x0000a34c        0x2 /usr/local/mcuxpressoide-11.10.0_3148/ide/plugins/com.nxp.mcuxpresso.tools.linux_11.10.0.202311280810/tools/bin/../lib/gcc/arm-none-eabi/13.2.1/thumb/v7-m/nofp/libcr_eabihelpers.a(division_idiv0.o)
                0x0000a34c                __aeabi_idiv0
 .text.__aeabi_memcpy
                0x0000a34e       0x34 /usr/local/mcuxpressoide-11.10.0_3148/ide/plugins/com.nxp.mcuxpresso.tools.linux_11.10.0.202311280810/tools/bin/../lib/gcc/arm-none-eabi/13.2.1/thumb/v7-m/nofp/libcr_eabihelpers.a(memcpy.o)
                0x0000a34e                __aeabi_memcpy
                0x0000a358                __aeabi_memcpy4
                0x0000a358                __aeabi_memcpy8
 .text.__aeabi_memset_lowlevel
                0x0000a382       0x32 /usr/local/mcuxpressoide-11.10.0_3148/ide/plugins/com.nxp.mcuxpresso.tools.linux_11.10.0.202311280810/tools/bin/../lib/gcc/arm-none-eabi/13.2.1/thumb/v7-m/nofp/libcr_eabihelpers.a(memcpy.o)
                0x0000a382                __aeabi_lowlevel_memset
 .text.__sys_close
                0x0000a3b4        0x6 /usr/local/mcuxpressoide-11.10.0_3148/ide/plugins/com.nxp.mcuxpresso.tools.linux_11.10.0.202311280810/tools/bin/../lib/gcc/arm-none-eabi/13.2.1/../../../../arm-none-eabi/lib/thumb/v7-m/nofp/libcr_nohost_nf.a(__sys_close.o)
                0x0000a3b4                __sys_close
 .text.__sys_flen
                0x0000a3ba        0x6 /usr/local/mcuxpressoide-11.10.0_3148/ide/plugins/com.nxp.mcuxpresso.tools.linux_11.10.0.202311280810/tools/bin/../lib/gcc/arm-none-eabi/13.2.1/../../../../arm-none-eabi/lib/thumb/v7-m/nofp/libcr_nohost_nf.a(__sys_flen.o)
                0x0000a3ba                __sys_flen
 .text.__sys_istty
                0x0000a3c0        0x6 /usr/local/mcuxpressoide-11.10.0_3148/ide/plugins/com.nxp.mcuxpresso.tools.linux_11.10.0.202311280810/tools/bin/../lib/gcc/arm-none-eabi/13.2.1/../../../../arm-none-eabi/lib/thumb/v7-m/nofp/libcr_nohost_nf.a(__sys_istty.o)
                0x0000a3c0                __sys_istty
 .text.__sys_remove
                0x0000a3c6        0x6 /usr/local/mcuxpressoide-11.10.0_3148/ide/plugins/com.nxp.mcuxpresso.tools.linux_11.10.0.202311280810/tools/bin/../lib/gcc/arm-none-eabi/13.2.1/../../../../arm-none-eabi/lib/thumb/v7-m/nofp/libcr_nohost_nf.a(__sys_remove.o)
                0x0000a3c6                __sys_remove
 .text.__sys_seek
                0x0000a3cc        0x6 /usr/local/mcuxpressoide-11.10.0_3148/ide/plugins/com.nxp.mcuxpresso.tools.linux_11.10.0.202311280810/tools/bin/../lib/gcc/arm-none-eabi/13.2.1/../../../../arm-none-eabi/lib/thumb/v7-m/nofp/libcr_nohost_nf.a(__sys_seek.o)
                0x0000a3cc                __sys_seek
 .text.__sys_tmpnam
                0x0000a3d2        0x6 /usr/local/mcuxpressoide-11.10.0_3148/ide/plugins/com.nxp.mcuxpresso.tools.linux_11.10.0.202311280810/tools/bin/../lib/gcc/arm-none-eabi/13.2.1/../../../../arm-none-eabi/lib/thumb/v7-m/nofp/libcr_nohost_nf.a(__sys_tmpnam.o)
                0x0000a3d2                __sys_tmpnam
 .text.__sys_write
                0x0000a3d8        0x4 /usr/local/mcuxpressoide-11.10.0_3148/ide/plugins/com.nxp.mcuxpresso.tools.linux_11.10.0.202311280810/tools/bin/../lib/gcc/arm-none-eabi/13.2.1/../../../../arm-none-eabi/lib/thumb/v7-m/nofp/libcr_nohost_nf.a(__sys_write.o)
                0x0000a3d8                __sys_write
 *(SORT_BY_ALIGNMENT(.rodata) SORT_BY_ALIGNMENT(.rodata.*) SORT_BY_ALIGNMENT(.constdata) SORT_BY_ALIGNMENT(.constdata.*))
 .rodata        0x0000a3dc        0xc ./source/lwip_httpsrv_bm.o
 .rodata.phyksz8081_ops
                0x0000a3e8       0x20 ./phy/fsl_phyksz8081.o
                0x0000a3e8                phyksz8081_ops
 .rodata.enet_ops
                0x0000a408       0x14 ./mdio/fsl_enet_mdio.o
                0x0000a408                enet_ops
 .rodata.ip_addr_broadcast
                0x0000a41c        0x4 ./lwip/src/core/ipv4/ip4_addr.o
                0x0000a41c                ip_addr_broadcast
 .rodata.ip_addr_any
                0x0000a420        0x4 ./lwip/src/core/ipv4/ip4_addr.o
                0x0000a420                ip_addr_any
 .rodata.memp_pools
                0x0000a424       0x24 ./lwip/src/core/memp.o
                0x0000a424                memp_pools
 .rodata.memp_PBUF_POOL
                0x0000a448       0x10 ./lwip/src/core/memp.o
                0x0000a448                memp_PBUF_POOL
 .rodata.memp_PBUF
                0x0000a458       0x10 ./lwip/src/core/memp.o
                0x0000a458                memp_PBUF
 .rodata.memp_SYS_TIMEOUT
                0x0000a468       0x10 ./lwip/src/core/memp.o
                0x0000a468                memp_SYS_TIMEOUT
 .rodata.memp_FRAG_PBUF
                0x0000a478       0x10 ./lwip/src/core/memp.o
                0x0000a478                memp_FRAG_PBUF
 .rodata.memp_REASSDATA
                0x0000a488       0x10 ./lwip/src/core/memp.o
                0x0000a488                memp_REASSDATA
 .rodata.memp_TCP_SEG
                0x0000a498       0x10 ./lwip/src/core/memp.o
                0x0000a498                memp_TCP_SEG
 .rodata.memp_TCP_PCB_LISTEN
                0x0000a4a8       0x10 ./lwip/src/core/memp.o
                0x0000a4a8                memp_TCP_PCB_LISTEN
 .rodata.memp_TCP_PCB
                0x0000a4b8       0x10 ./lwip/src/core/memp.o
                0x0000a4b8                memp_TCP_PCB
 .rodata.memp_UDP_PCB
                0x0000a4c8       0x10 ./lwip/src/core/memp.o
                0x0000a4c8                memp_UDP_PCB
 .rodata.tcp_pcb_lists
                0x0000a4d8       0x10 ./lwip/src/core/tcp.o
                0x0000a4d8                tcp_pcb_lists
 .rodata.lwip_cyclic_timers
                0x0000a4e8       0x28 ./lwip/src/core/timeouts.o
                0x0000a4e8                lwip_cyclic_timers
 .rodata.file__index_html
                0x0000a510       0x14 ./lwip/src/apps/http/fs.o
                0x0000a510                file__index_html
 .rodata.file__404_html
                0x0000a524       0x14 ./lwip/src/apps/http/fs.o
                0x0000a524                file__404_html
 .rodata.file__img_sics_gif
                0x0000a538       0x14 ./lwip/src/apps/http/fs.o
                0x0000a538                file__img_sics_gif
 .rodata.httpd_default_filenames
                0x0000a54c       0x28 ./lwip/src/apps/http/httpd.o
 .rodata.s_enetClock
                0x0000a574        0x4 ./drivers/fsl_enet.o
                0x0000a574                s_enetClock
 .rodata.s_uartClock
                0x0000a578       0x18 ./drivers/fsl_uart.o
 .rodata.s_UartAdapterBase
                0x0000a590       0x18 ./component/uart/fsl_adapter_uart.o
 .rodata.oscConfig_BOARD_BootClockRUN
                0x0000a5a8        0x8 ./board/clock_config.o
                0x0000a5a8                oscConfig_BOARD_BootClockRUN
 .rodata.simConfig_BOARD_BootClockRUN
                0x0000a5b0        0x8 ./board/clock_config.o
                0x0000a5b0                simConfig_BOARD_BootClockRUN
 .rodata.__num_Ciob_streams
                0x0000a5b8        0x4 /usr/local/mcuxpressoide-11.10.0_3148/ide/plugins/com.nxp.mcuxpresso.tools.linux_11.10.0.202311280810/tools/bin/../lib/gcc/arm-none-eabi/13.2.1/../../../../arm-none-eabi/lib/thumb/v7-m/nofp/libcr_nohost_nf.a(__ciob.o)
                0x0000a5b8                __num_Ciob_streams
 .rodata.fllFactorTable.1
                0x0000a5bc       0x10 ./drivers/fsl_clock.o
 .rodata.CSWTCH.100
                0x0000a5cc        0xf ./utilities/fsl_str.o
 .rodata.main.str1.1
                0x0000a5db     0x236e ./source/lwip_httpsrv_bm.o
                                 0xe5 (size before relaxing)
 .rodata.ethernet_output.str1.1
                0x0000c949       0x31 ./lwip/src/netif/ethernet.o
 .rodata.ethzero
                0x0000c949        0x6 ./lwip/src/netif/ethernet.o
                0x0000c949                ethzero
 .rodata.ethbroadcast
                0x0000c94f        0x6 ./lwip/src/netif/ethernet.o
                0x0000c94f                ethbroadcast
 .rodata.dhcp_option_short.str1.1
                0x0000c955       0x3b ./lwip/src/core/ipv4/dhcp.o
 .rodata.dhcp_option.str1.1
                0x0000c955       0x42 ./lwip/src/core/ipv4/dhcp.o
 .rodata.dhcp_option_long.str1.1
                0x0000c955       0x3a ./lwip/src/core/ipv4/dhcp.o
 .rodata.dhcp_inc_pcb_refcount.str1.1
                0x0000c955       0x25 ./lwip/src/core/ipv4/dhcp.o
 .rodata.dhcp_bind.str1.1
                0x0000c955       0x34 ./lwip/src/core/ipv4/dhcp.o
 .rodata.dhcp_dec_pcb_refcount.str1.1
                0x0000c955       0x24 ./lwip/src/core/ipv4/dhcp.o
 .rodata.dhcp_create_msg.str1.1
                0x0000c955       0x7d ./lwip/src/core/ipv4/dhcp.o
 .rodata.dhcp_discover.str1.1
                0x0000c955       0x35 ./lwip/src/core/ipv4/dhcp.o
 .rodata.dhcp_select.isra.0.str1.1
                0x0000c955       0x35 ./lwip/src/core/ipv4/dhcp.o
 .rodata.dhcp_recv.str1.1
                0x0000c955       0x11 ./lwip/src/core/ipv4/dhcp.o
 .rodata.dhcp_set_struct.str1.1
                0x0000c955       0x3f ./lwip/src/core/ipv4/dhcp.o
 .rodata.dhcp_start.str1.1
                0x0000c955       0x21 ./lwip/src/core/ipv4/dhcp.o
 .rodata.dhcp_discover_request_options
                0x0000c955        0x3 ./lwip/src/core/ipv4/dhcp.o
 .rodata.etharp_find_entry.str1.1
                0x0000c958       0x40 ./lwip/src/core/ipv4/etharp.o
 .rodata.etharp_raw.str1.1
                0x0000c958       0x80 ./lwip/src/core/ipv4/etharp.o
 .rodata.etharp_get_entry.str1.1
                0x0000c958       0x1f ./lwip/src/core/ipv4/etharp.o
 .rodata.etharp_input.str1.1
                0x0000c958       0x27 ./lwip/src/core/ipv4/etharp.o
 .rodata.etharp_output_to_arp_index.str1.1
                0x0000c958       0x30 ./lwip/src/core/ipv4/etharp.o
 .rodata.etharp_query.str1.1
                0x0000c958       0x28 ./lwip/src/core/ipv4/etharp.o
 .rodata.etharp_output.str1.1
                0x0000c958        0xa ./lwip/src/core/ipv4/etharp.o
 .rodata.icmp_send_response.str1.1
                0x0000c958       0x2c ./lwip/src/core/ipv4/icmp.o
 .rodata.icmp_input.str1.1
                0x0000c958       0x65 ./lwip/src/core/ipv4/icmp.o
 .rodata.ip4_output_if_src.str1.1
                0x0000c958       0x39 ./lwip/src/core/ipv4/ip4.o
 .rodata.ip_reass_dequeue_datagram.str1.1
                0x0000c958       0x19 ./lwip/src/core/ipv4/ip4_frag.o
 .rodata.ip_reass_free_complete_datagram.str1.1
                0x0000c958       0x5d ./lwip/src/core/ipv4/ip4_frag.o
 .rodata.ipfrag_free_pbuf_custom.str1.1
                0x0000c958        0xc ./lwip/src/core/ipv4/ip4_frag.o
 .rodata.ip4_reass.str1.1
                0x0000c958       0xbf ./lwip/src/core/ipv4/ip4_frag.o
 .rodata.ip4_frag.str1.1
                0x0000c958       0x4d ./lwip/src/core/ipv4/ip4_frag.o
 .rodata.mem_free.str1.1
                0x0000c958       0xf1 ./lwip/src/core/mem.o
 .rodata.mem_trim.str1.1
                0x0000c958       0x48 ./lwip/src/core/mem.o
 .rodata.mem_malloc.str1.1
                0x0000c958       0x82 ./lwip/src/core/mem.o
 .rodata.do_memp_malloc_pool.str1.1
                0x0000c958       0x23 ./lwip/src/core/memp.o
 .rodata.do_memp_free_pool.str1.1
                0x0000c958       0x20 ./lwip/src/core/memp.o
 .rodata.memp_malloc.str1.1
                0x0000c958       0x20 ./lwip/src/core/memp.o
 .rodata.memp_free.str1.1
                0x0000c958       0x1b ./lwip/src/core/memp.o
 .rodata.str1.1
                0x0000c958       0x5e ./lwip/src/core/memp.o
 .rodata.netif_issue_reports.str1.1
                0x0000c958       0x23 ./lwip/src/core/netif.o
 .rodata.netif_set_ipaddr.str1.1
                0x0000c958       0x23 ./lwip/src/core/netif.o
 .rodata.netif_add.str1.1
                0x0000c958       0x7d ./lwip/src/core/netif.o
 .rodata.netif_set_up.str1.1
                0x0000c958       0x1c ./lwip/src/core/netif.o
 .rodata.pbuf_add_header_impl.str1.1
                0x0000c958        0xa ./lwip/src/core/pbuf.o
 .rodata.pbuf_alloc_reference.str1.1
                0x0000c958       0x12 ./lwip/src/core/pbuf.o
 .rodata.pbuf_remove_header.str1.1
                0x0000c958       0x21 ./lwip/src/core/pbuf.o
 .rodata.pbuf_free.str1.1
                0x0000c958       0x49 ./lwip/src/core/pbuf.o
 .rodata.pbuf_alloc.str1.1
                0x0000c958       0x1b ./lwip/src/core/pbuf.o
 .rodata.pbuf_realloc.str1.1
                0x0000c958       0x65 ./lwip/src/core/pbuf.o
 .rodata.pbuf_ref.str1.1
                0x0000c958       0x12 ./lwip/src/core/pbuf.o
 .rodata.pbuf_cat.str1.1
                0x0000c958       0x72 ./lwip/src/core/pbuf.o
 .rodata.pbuf_copy_partial_pbuf.str1.1
                0x0000c958       0xe7 ./lwip/src/core/pbuf.o
 .rodata.pbuf_copy.str1.1
                0x0000c958       0x1a ./lwip/src/core/pbuf.o
 .rodata.pbuf_copy_partial.str1.1
                0x0000c958       0x42 ./lwip/src/core/pbuf.o
 .rodata.pbuf_clone.str1.1
                0x0000c958       0x11 ./lwip/src/core/pbuf.o
 .rodata.tcp_free.str1.1
                0x0000c958       0x11 ./lwip/src/core/tcp.o
 .rodata.tcp_backlog_delayed.str1.1
                0x0000c958       0x21 ./lwip/src/core/tcp.o
 .rodata.tcp_bind.str1.1
                0x0000c958       0x41 ./lwip/src/core/tcp.o
 .rodata.tcp_listen_with_backlog_and_err.str1.1
                0x0000c958       0x91 ./lwip/src/core/tcp.o
 .rodata.tcp_update_rcv_ann_wnd.str1.1
                0x0000c958       0x3e ./lwip/src/core/tcp.o
 .rodata.tcp_recved.str1.1
                0x0000c958       0x3e ./lwip/src/core/tcp.o
 .rodata.tcp_setprio.str1.1
                0x0000c958       0x19 ./lwip/src/core/tcp.o
 .rodata.tcp_recv.str1.1
                0x0000c958       0x27 ./lwip/src/core/tcp.o
 .rodata.tcp_sent.str1.1
                0x0000c958       0x27 ./lwip/src/core/tcp.o
 .rodata.tcp_err.str1.1
                0x0000c958       0x26 ./lwip/src/core/tcp.o
 .rodata.tcp_poll.str1.1
                0x0000c958       0x34 ./lwip/src/core/tcp.o
 .rodata.tcp_pcb_purge.str1.1
                0x0000c958       0x1b ./lwip/src/core/tcp.o
 .rodata.tcp_slowtmr.str1.1
                0x0000c958      0x1b6 ./lwip/src/core/tcp.o
 .rodata.tcp_pcb_remove.str1.1
                0x0000c958       0x6d ./lwip/src/core/tcp.o
 .rodata.tcp_close_shutdown.str1.1
                0x0000c958       0x52 ./lwip/src/core/tcp.o
 .rodata.tcp_close.str1.1
                0x0000c958       0x17 ./lwip/src/core/tcp.o
 .rodata.tcp_recv_null.str1.1
                0x0000c958       0x1b ./lwip/src/core/tcp.o
 .rodata.tcp_process_refused_data.str1.1
                0x0000c958       0x26 ./lwip/src/core/tcp.o
 .rodata.tcp_abandon.str1.1
                0x0000c958       0x4a ./lwip/src/core/tcp.o
 .rodata.tcp_accept_null.str1.1
                0x0000c958       0x1d ./lwip/src/core/tcp.o
 .rodata.tcp_netif_ip_addr_changed_pcblist.str1.1
                0x0000c958       0x34 ./lwip/src/core/tcp.o
 .rodata.tcp_next_iss.str1.1
                0x0000c958       0x1a ./lwip/src/core/tcp.o
 .rodata.tcp_eff_send_mss_netif.str1.1
                0x0000c958       0x27 ./lwip/src/core/tcp.o
 .rodata.tcp_persist_backoff
                0x0000c958        0x7 ./lwip/src/core/tcp.o
 .rodata.tcp_backoff
                0x0000c95f        0xd ./lwip/src/core/tcp.o
 .rodata.tcp_parseopt.str1.1
                0x0000c96c       0x1a ./lwip/src/core/tcp_in.o
 .rodata.tcp_free_acked_segments.isra.0.str1.1
                0x0000c96c       0x48 ./lwip/src/core/tcp_in.o
 .rodata.tcp_receive.str1.1
                0x0000c96c       0x9c ./lwip/src/core/tcp_in.o
 .rodata.tcp_input.str1.1
                0x0000c96c      0x1ce ./lwip/src/core/tcp_in.o
 .rodata.tcp_output_segment_busy.str1.1
                0x0000c96c       0x25 ./lwip/src/core/tcp_out.o
 .rodata.tcp_pbuf_prealloc.str1.1
                0x0000c96c       0x33 ./lwip/src/core/tcp_out.o
 .rodata.tcp_create_segment.str1.1
                0x0000c96c       0x56 ./lwip/src/core/tcp_out.o
 .rodata.tcp_output_control_segment_netif.str1.1
                0x0000c96c       0x31 ./lwip/src/core/tcp_out.o
 .rodata.tcp_output_alloc_header_common.constprop.0.str1.1
                0x0000c96c       0x2e ./lwip/src/core/tcp_out.o
 .rodata.tcp_output_alloc_header.constprop.0.str1.1
                0x0000c96c       0x25 ./lwip/src/core/tcp_out.o
 .rodata.tcp_output_fill_options.constprop.0.str1.1
                0x0000c96c       0x26 ./lwip/src/core/tcp_out.o
 .rodata.tcp_rst_common.isra.0.str1.1
                0x0000c96c       0x35 ./lwip/src/core/tcp_out.o
 .rodata.tcp_output_control_segment.str1.1
                0x0000c96c       0x29 ./lwip/src/core/tcp_out.o
 .rodata.tcp_write.str1.1
                0x0000c96c      0x2a7 ./lwip/src/core/tcp_out.o
 .rodata.tcp_split_unsent_seg.str1.1
                0x0000c96c       0x5f ./lwip/src/core/tcp_out.o
 .rodata.tcp_enqueue_flags.str1.1
                0x0000c96c      0x117 ./lwip/src/core/tcp_out.o
 .rodata.tcp_send_fin.str1.1
                0x0000c96c       0x1a ./lwip/src/core/tcp_out.o
 .rodata.tcp_rexmit_rto_prepare.str1.1
                0x0000c96c       0x24 ./lwip/src/core/tcp_out.o
 .rodata.tcp_rexmit.str1.1
                0x0000c96c       0x18 ./lwip/src/core/tcp_out.o
 .rodata.tcp_rexmit_fast.str1.1
                0x0000c96c       0x1d ./lwip/src/core/tcp_out.o
 .rodata.tcp_send_empty_ack.str1.1
                0x0000c96c       0x20 ./lwip/src/core/tcp_out.o
 .rodata.tcp_output.str1.1
                0x0000c96c       0x68 ./lwip/src/core/tcp_out.o
 .rodata.tcp_rexmit_rto_commit.str1.1
                0x0000c96c       0x23 ./lwip/src/core/tcp_out.o
 .rodata.tcp_rexmit_rto.str1.1
                0x0000c96c       0x1c ./lwip/src/core/tcp_out.o
 .rodata.tcp_keepalive.str1.1
                0x0000c96c       0x1b ./lwip/src/core/tcp_out.o
 .rodata.tcp_zero_window_probe.str1.1
                0x0000c96c       0x23 ./lwip/src/core/tcp_out.o
 .rodata.sys_timeout_abs.str1.1
                0x0000c96c       0x3d ./lwip/src/core/timeouts.o
 .rodata.sys_timeout.str1.1
                0x0000c96c       0x36 ./lwip/src/core/timeouts.o
 .rodata.udp_input.str1.1
                0x0000c96c       0x70 ./lwip/src/core/udp.o
 .rodata.udp_bind.str1.1
                0x0000c96c       0x19 ./lwip/src/core/udp.o
 .rodata.udp_sendto_if_src.str1.1
                0x0000c96c       0xd2 ./lwip/src/core/udp.o
 .rodata.udp_sendto_if.str1.1
                0x0000c96c       0x72 ./lwip/src/core/udp.o
 .rodata.udp_connect.str1.1
                0x0000c96c       0x35 ./lwip/src/core/udp.o
 .rodata.udp_recv.str1.1
                0x0000c96c       0x16 ./lwip/src/core/udp.o
 .rodata.udp_remove.str1.1
                0x0000c96c       0x18 ./lwip/src/core/udp.o
 .rodata.data__index_html
                0x0000c96c      0x765 ./lwip/src/apps/http/fs.o
 .rodata.data__404_html
                0x0000d0d1      0x2ce ./lwip/src/apps/http/fs.o
 .rodata.data__img_sics_gif
                0x0000d39f      0x365 ./lwip/src/apps/http/fs.o
 .rodata.http_get_404_file.str1.1
                0x0000d704       0x1e ./lwip/src/apps/http/httpd.o
 .rodata.http_send.str1.1
                0x0000d704       0x37 ./lwip/src/apps/http/httpd.o
 .rodata.http_recv.str1.1
                0x0000d704       0x69 ./lwip/src/apps/http/httpd.o
 .rodata.httpd_init.str1.1
                0x0000d704       0x55 ./lwip/src/apps/http/httpd.o
 .rodata.str1.1