Archive member included to satisfy reference by file (symbol)

c:/program files (x86)/atmel/studio/7.0/toolchain/arm/arm-gnu-toolchain/bin/../lib/gcc/arm-none-eabi/6.3.1/thumb/v6-m\libgcc.a(_thumb1_case_sqi.o)
                              src/ASF/thirdparty/lwip/lwip-1.4.1/src/core/tcp.o (__gnu_thumb1_case_sqi)
c:/program files (x86)/atmel/studio/7.0/toolchain/arm/arm-gnu-toolchain/bin/../lib/gcc/arm-none-eabi/6.3.1/thumb/v6-m\libgcc.a(_thumb1_case_uqi.o)
                              src/ASF/sam0/drivers/sercom/sercom.o (__gnu_thumb1_case_uqi)
c:/program files (x86)/atmel/studio/7.0/toolchain/arm/arm-gnu-toolchain/bin/../lib/gcc/arm-none-eabi/6.3.1/thumb/v6-m\libgcc.a(_thumb1_case_uhi.o)
                              src/ASF/thirdparty/lwip/lwip-1.4.1/src/core/tcp_in.o (__gnu_thumb1_case_uhi)
c:/program files (x86)/atmel/studio/7.0/toolchain/arm/arm-gnu-toolchain/bin/../lib/gcc/arm-none-eabi/6.3.1/thumb/v6-m\libgcc.a(_udivsi3.o)
                              src/ASF/common2/services/delay/sam0/systick_counter.o (__aeabi_uidiv)
c:/program files (x86)/atmel/studio/7.0/toolchain/arm/arm-gnu-toolchain/bin/../lib/gcc/arm-none-eabi/6.3.1/thumb/v6-m\libgcc.a(_divsi3.o)
                              src/ASF/thirdparty/lwip/lwip-1.4.1/src/core/tcp_in.o (__aeabi_idiv)
c:/program files (x86)/atmel/studio/7.0/toolchain/arm/arm-gnu-toolchain/bin/../lib/gcc/arm-none-eabi/6.3.1/thumb/v6-m\libgcc.a(_dvmd_tls.o)
                              c:/program files (x86)/atmel/studio/7.0/toolchain/arm/arm-gnu-toolchain/bin/../lib/gcc/arm-none-eabi/6.3.1/thumb/v6-m\libgcc.a(_udivsi3.o) (__aeabi_idiv0)
c:/program files (x86)/atmel/studio/7.0/toolchain/arm/arm-gnu-toolchain/bin/../lib/gcc/arm-none-eabi/6.3.1/thumb/v6-m\libgcc.a(_ashldi3.o)
                              src/ASF/sam0/drivers/sercom/sercom.o (__aeabi_llsl)
c:/program files (x86)/atmel/studio/7.0/toolchain/arm/arm-gnu-toolchain/bin/../lib/gcc/arm-none-eabi/6.3.1/thumb/v6-m\libgcc.a(_muldi3.o)
                              src/ASF/sam0/drivers/sercom/sercom.o (__aeabi_lmul)
c:/program files (x86)/atmel/studio/7.0/toolchain/arm/arm-gnu-toolchain/bin/../lib/gcc/arm-none-eabi/6.3.1/../../../../arm-none-eabi/lib/thumb/v6-m\libc_nano.a(lib_a-atoi.o)
                              src/network/httpserver/httpd.o (atoi)
c:/program files (x86)/atmel/studio/7.0/toolchain/arm/arm-gnu-toolchain/bin/../lib/gcc/arm-none-eabi/6.3.1/../../../../arm-none-eabi/lib/thumb/v6-m\libc_nano.a(lib_a-exit.o)
                              c:/program files (x86)/atmel/studio/7.0/toolchain/arm/arm-gnu-toolchain/bin/../lib/gcc/arm-none-eabi/6.3.1/../../../../arm-none-eabi/lib/thumb/v6-m/crt0.o (exit)
c:/program files (x86)/atmel/studio/7.0/toolchain/arm/arm-gnu-toolchain/bin/../lib/gcc/arm-none-eabi/6.3.1/../../../../arm-none-eabi/lib/thumb/v6-m\libc_nano.a(lib_a-impure.o)
                              c:/program files (x86)/atmel/studio/7.0/toolchain/arm/arm-gnu-toolchain/bin/../lib/gcc/arm-none-eabi/6.3.1/../../../../arm-none-eabi/lib/thumb/v6-m\libc_nano.a(lib_a-exit.o) (_global_impure_ptr)
c:/program files (x86)/atmel/studio/7.0/toolchain/arm/arm-gnu-toolchain/bin/../lib/gcc/arm-none-eabi/6.3.1/../../../../arm-none-eabi/lib/thumb/v6-m\libc_nano.a(lib_a-init.o)
                              c:/program files (x86)/atmel/studio/7.0/toolchain/arm/arm-gnu-toolchain/bin/../lib/gcc/arm-none-eabi/6.3.1/../../../../arm-none-eabi/lib/thumb/v6-m/crt0.o (__libc_init_array)
c:/program files (x86)/atmel/studio/7.0/toolchain/arm/arm-gnu-toolchain/bin/../lib/gcc/arm-none-eabi/6.3.1/../../../../arm-none-eabi/lib/thumb/v6-m\libc_nano.a(lib_a-memcmp.o)
                              src/ASF/thirdparty/lwip/lwip-1.4.1/src/netif/etharp.o (memcmp)
c:/program files (x86)/atmel/studio/7.0/toolchain/arm/arm-gnu-toolchain/bin/../lib/gcc/arm-none-eabi/6.3.1/../../../../arm-none-eabi/lib/thumb/v6-m\libc_nano.a(lib_a-memcpy-stub.o)
                              src/ASF/thirdparty/lwip/lwip-1.4.1/src/core/ipv4/icmp.o (memcpy)
c:/program files (x86)/atmel/studio/7.0/toolchain/arm/arm-gnu-toolchain/bin/../lib/gcc/arm-none-eabi/6.3.1/../../../../arm-none-eabi/lib/thumb/v6-m\libc_nano.a(lib_a-memset.o)
                              c:/program files (x86)/atmel/studio/7.0/toolchain/arm/arm-gnu-toolchain/bin/../lib/gcc/arm-none-eabi/6.3.1/../../../../arm-none-eabi/lib/thumb/v6-m/crt0.o (memset)
c:/program files (x86)/atmel/studio/7.0/toolchain/arm/arm-gnu-toolchain/bin/../lib/gcc/arm-none-eabi/6.3.1/../../../../arm-none-eabi/lib/thumb/v6-m\libc_nano.a(lib_a-printf.o)
                              src/network/ethernet.o (printf)
c:/program files (x86)/atmel/studio/7.0/toolchain/arm/arm-gnu-toolchain/bin/../lib/gcc/arm-none-eabi/6.3.1/../../../../arm-none-eabi/lib/thumb/v6-m\libc_nano.a(lib_a-puts.o)
                              src/main.o (puts)
[...]
Memory Configuration

Name             Origin             Length             Attributes
rom              0x00000000         0x00040000         xr
ram              0x20000000         0x00008000         xrw
*default*        0x00000000         0xffffffff

Linker script and memory map

LOAD c:/program files (x86)/atmel/studio/7.0/toolchain/arm/arm-gnu-toolchain/bin/../lib/gcc/arm-none-eabi/6.3.1/thumb/v6-m/crti.o
LOAD c:/program files (x86)/atmel/studio/7.0/toolchain/arm/arm-gnu-toolchain/bin/../lib/gcc/arm-none-eabi/6.3.1/thumb/v6-m/crtbegin.o
LOAD c:/program files (x86)/atmel/studio/7.0/toolchain/arm/arm-gnu-toolchain/bin/../lib/gcc/arm-none-eabi/6.3.1/../../../../arm-none-eabi/lib/thumb/v6-m/crt0.o
LOAD src/ASF/common2/services/delay/sam0/systick_counter.o
LOAD src/ASF/common/utils/interrupt/interrupt_sam_nvic.o
LOAD src/ASF/sam0/boards/samr21_xplained_pro/board_init.o
LOAD src/ASF/sam0/components/ethernet_phy/ksz8851snl/ksz8851snl.o
LOAD src/ASF/sam0/drivers/extint/extint_callback.o
LOAD src/ASF/sam0/drivers/extint/extint_sam_d_r_h/extint.o
LOAD src/ASF/sam0/drivers/port/port.o
LOAD src/ASF/sam0/drivers/sercom/sercom.o
LOAD src/ASF/sam0/drivers/sercom/sercom_interrupt.o
LOAD src/ASF/sam0/drivers/sercom/spi/spi.o
LOAD src/ASF/sam0/drivers/sercom/spi/spi_interrupt.o
LOAD src/ASF/sam0/drivers/sercom/usart/usart.o
LOAD src/ASF/sam0/drivers/sercom/usart/usart_interrupt.o
LOAD src/ASF/sam0/drivers/system/clock/clock_samd21_r21_da_ha1/clock.o
LOAD src/ASF/sam0/drivers/system/clock/clock_samd21_r21_da_ha1/gclk.o
LOAD src/ASF/sam0/drivers/system/interrupt/system_interrupt.o
LOAD src/ASF/sam0/drivers/system/pinmux/pinmux.o
LOAD src/ASF/sam0/drivers/system/system.o
LOAD src/ASF/sam0/drivers/tc/tc_interrupt.o
LOAD src/ASF/sam0/drivers/tc/tc_sam_d_r_h/tc.o
LOAD src/ASF/sam0/utils/cmsis/samr21/source/gcc/startup_samr21.o
LOAD src/ASF/sam0/utils/cmsis/samr21/source/system_samr21.o
LOAD src/ASF/sam0/utils/stdio/read.o
LOAD src/ASF/sam0/utils/stdio/write.o
LOAD src/ASF/sam0/utils/syscalls/gcc/syscalls.o
LOAD src/ASF/thirdparty/lwip/lwip-1.4.1/src/api/api_lib.o
LOAD src/ASF/thirdparty/lwip/lwip-1.4.1/src/api/api_msg.o
LOAD src/ASF/thirdparty/lwip/lwip-1.4.1/src/api/err.o
LOAD src/ASF/thirdparty/lwip/lwip-1.4.1/src/api/netbuf.o
LOAD src/ASF/thirdparty/lwip/lwip-1.4.1/src/api/netdb.o
LOAD src/ASF/thirdparty/lwip/lwip-1.4.1/src/api/netifapi.o
LOAD src/ASF/thirdparty/lwip/lwip-1.4.1/src/api/sockets.o
LOAD src/ASF/thirdparty/lwip/lwip-1.4.1/src/api/tcpip.o
LOAD src/ASF/thirdparty/lwip/lwip-1.4.1/src/core/def.o
LOAD src/ASF/thirdparty/lwip/lwip-1.4.1/src/core/dhcp.o
LOAD src/ASF/thirdparty/lwip/lwip-1.4.1/src/core/dns.o
LOAD src/ASF/thirdparty/lwip/lwip-1.4.1/src/core/ipv4/autoip.o
LOAD src/ASF/thirdparty/lwip/lwip-1.4.1/src/core/ipv4/icmp.o
LOAD src/ASF/thirdparty/lwip/lwip-1.4.1/src/core/ipv4/igmp.o
LOAD src/ASF/thirdparty/lwip/lwip-1.4.1/src/core/ipv4/inet.o
LOAD src/ASF/thirdparty/lwip/lwip-1.4.1/src/core/ipv4/inet_chksum.o
LOAD src/ASF/thirdparty/lwip/lwip-1.4.1/src/core/ipv4/ip.o
LOAD src/ASF/thirdparty/lwip/lwip-1.4.1/src/core/ipv4/ip_addr.o
LOAD src/ASF/thirdparty/lwip/lwip-1.4.1/src/core/ipv4/ip_frag.o
LOAD src/ASF/thirdparty/lwip/lwip-1.4.1/src/core/lwip_init.o
LOAD src/ASF/thirdparty/lwip/lwip-1.4.1/src/core/lwip_timers_141.o
LOAD src/ASF/thirdparty/lwip/lwip-1.4.1/src/core/mem.o
LOAD src/ASF/thirdparty/lwip/lwip-1.4.1/src/core/memp.o
LOAD src/ASF/thirdparty/lwip/lwip-1.4.1/src/core/netif.o
LOAD src/ASF/thirdparty/lwip/lwip-1.4.1/src/core/pbuf.o
LOAD src/ASF/thirdparty/lwip/lwip-1.4.1/src/core/raw.o
LOAD src/ASF/thirdparty/lwip/lwip-1.4.1/src/core/stats.o
LOAD src/ASF/thirdparty/lwip/lwip-1.4.1/src/core/sys.o
LOAD src/ASF/thirdparty/lwip/lwip-1.4.1/src/core/tcp.o
LOAD src/ASF/thirdparty/lwip/lwip-1.4.1/src/core/tcp_in.o
LOAD src/ASF/thirdparty/lwip/lwip-1.4.1/src/core/tcp_out.o
LOAD src/ASF/thirdparty/lwip/lwip-1.4.1/src/core/udp.o
LOAD src/ASF/thirdparty/lwip/lwip-1.4.1/src/netif/etharp.o
LOAD src/ASF/thirdparty/lwip/lwip-port-1.4.1/sam/netif/sam0_spi_ksz8851snl.o
LOAD src/main.o
LOAD src/network/ethernet.o
LOAD src/network/httpserver/fs.o
LOAD src/network/httpserver/fsdata.o
LOAD src/network/httpserver/httpd.o
LOAD src/network/timer_mgt.o
START GROUP
LOAD ../src/ASF/thirdparty/CMSIS/Lib/GCC\libarm_cortexM0l_math.a
LOAD c:/program files (x86)/atmel/studio/7.0/toolchain/arm/arm-gnu-toolchain/bin/../lib/gcc/arm-none-eabi/6.3.1/../../../../arm-none-eabi/lib/thumb/v6-m\libm.a
END GROUP
                0x00000a00                __stack_size__ = 0xa00
START GROUP
LOAD c:/program files (x86)/atmel/studio/7.0/toolchain/arm/arm-gnu-toolchain/bin/../lib/gcc/arm-none-eabi/6.3.1/thumb/v6-m\libgcc.a
LOAD c:/program files (x86)/atmel/studio/7.0/toolchain/arm/arm-gnu-toolchain/bin/../lib/gcc/arm-none-eabi/6.3.1/../../../../arm-none-eabi/lib/thumb/v6-m\libc_nano.a
END GROUP
START GROUP
LOAD c:/program files (x86)/atmel/studio/7.0/toolchain/arm/arm-gnu-toolchain/bin/../lib/gcc/arm-none-eabi/6.3.1/thumb/v6-m\libgcc.a
LOAD c:/program files (x86)/atmel/studio/7.0/toolchain/arm/arm-gnu-toolchain/bin/../lib/gcc/arm-none-eabi/6.3.1/../../../../arm-none-eabi/lib/thumb/v6-m\libc_nano.a
END GROUP
LOAD c:/program files (x86)/atmel/studio/7.0/toolchain/arm/arm-gnu-toolchain/bin/../lib/gcc/arm-none-eabi/6.3.1/thumb/v6-m/crtend.o
LOAD c:/program files (x86)/atmel/studio/7.0/toolchain/arm/arm-gnu-toolchain/bin/../lib/gcc/arm-none-eabi/6.3.1/thumb/v6-m/crtn.o
                0x00002000                STACK_SIZE = DEFINED (STACK_SIZE)?STACK_SIZE:DEFINED (__stack_size__)?__stack_size__:0x2000

.text           0x00000000    0x2640c
                0x00000000                . = ALIGN (0x4)
                0x00000000                _sfixed = .
 *(.vectors .vectors.*)
 .vectors       0x00000000       0xb4 src/ASF/sam0/utils/cmsis/samr21/source/gcc/startup_samr21.o
                0x00000000                exception_table
 *(.text .text.* .gnu.linkonce.t.*)
 .text          0x000000b4       0x60 c:/program files (x86)/atmel/studio/7.0/toolchain/arm/arm-gnu-toolchain/bin/../lib/gcc/arm-none-eabi/6.3.1/thumb/v6-m/crtbegin.o
 .text.delay_init
                0x00000114       0x40 src/ASF/common2/services/delay/sam0/systick_counter.o
                0x00000114                delay_init
 .text.delay_cycles_ms
                0x00000154       0x2c src/ASF/common2/services/delay/sam0/systick_counter.o
                0x00000154                delay_cycles_ms
 .text.cpu_irq_enter_critical
                0x00000180       0x34 src/ASF/common/utils/interrupt/interrupt_sam_nvic.o
                0x00000180                cpu_irq_enter_critical
 .text.cpu_irq_leave_critical
                0x000001b4       0x30 src/ASF/common/utils/interrupt/interrupt_sam_nvic.o
                0x000001b4                cpu_irq_leave_critical
 .text.system_board_init
                0x000001e4       0x34 src/ASF/sam0/boards/samr21_xplained_pro/board_init.o
                0x000001e4                board_init
                0x000001e4                system_board_init
 .text.configure_intn
                0x00000218       0x50 src/ASF/sam0/components/ethernet_phy/ksz8851snl/ksz8851snl.o
                0x00000218                configure_intn
 .text.ksz8851_fifo_read
                0x00000268       0x70 src/ASF/sam0/components/ethernet_phy/ksz8851snl/ksz8851snl.o
                0x00000268                ksz8851_fifo_read
 .text.ksz8851_fifo_write_begin
                0x000002d8       0x50 src/ASF/sam0/components/ethernet_phy/ksz8851snl/ksz8851snl.o
                0x000002d8                ksz8851_fifo_write_begin
 .text.ksz8851_fifo_write
                0x00000328       0x18 src/ASF/sam0/components/ethernet_phy/ksz8851snl/ksz8851snl.o
                0x00000328                ksz8851_fifo_write
 .text.ksz8851_fifo_write_end
                0x00000340       0x34 src/ASF/sam0/components/ethernet_phy/ksz8851snl/ksz8851snl.o
                0x00000340                ksz8851_fifo_write_end
 .text.ksz8851_reg_read
                0x00000374       0x6c src/ASF/sam0/components/ethernet_phy/ksz8851snl/ksz8851snl.o
                0x00000374                ksz8851_reg_read
 .text.ksz8851_reg_write
                0x000003e0       0x68 src/ASF/sam0/components/ethernet_phy/ksz8851snl/ksz8851snl.o
                0x000003e0                ksz8851_reg_write
 .text.ksz8851_reg_setbits
                0x00000448       0x20 src/ASF/sam0/components/ethernet_phy/ksz8851snl/ksz8851snl.o
                0x00000448                ksz8851_reg_setbits
 .text.ksz8851_reg_clrbits
                0x00000468       0x20 src/ASF/sam0/components/ethernet_phy/ksz8851snl/ksz8851snl.o
                0x00000468                ksz8851_reg_clrbits
 .text.ksz8851snl_init
                0x00000488      0x1dc src/ASF/sam0/components/ethernet_phy/ksz8851snl/ksz8851snl.o
                0x00000488                ksz8851snl_init
 .text.extint_register_callback
                0x00000664       0x28 src/ASF/sam0/drivers/extint/extint_callback.o
                0x00000664                extint_register_callback
 .text.extint_chan_enable_callback
                0x0000068c       0x20 src/ASF/sam0/drivers/extint/extint_callback.o
                0x0000068c                extint_chan_enable_callback
 .text.EIC_Handler
                0x000006ac       0x40 src/ASF/sam0/drivers/extint/extint_callback.o
                0x000006ac                EIC_Handler
 .text.extint_is_syncing
                0x000006ec        0xc src/ASF/sam0/drivers/extint/extint_sam_d_r_h/extint.o
 .text._extint_enable
                0x000006f8       0x20 src/ASF/sam0/drivers/extint/extint_sam_d_r_h/extint.o
 .text._system_extint_init
                0x00000718       0x68 src/ASF/sam0/drivers/extint/extint_sam_d_r_h/extint.o
                0x00000718                _system_extint_init
 .text.extint_chan_get_config_defaults
                0x00000780       0x14 src/ASF/sam0/drivers/extint/extint_sam_d_r_h/extint.o
                0x00000780                extint_chan_get_config_defaults
 .text.extint_chan_set_config
                0x00000794       0x70 src/ASF/sam0/drivers/extint/extint_sam_d_r_h/extint.o
                0x00000794                extint_chan_set_config
 .text.port_pin_set_config
                0x00000804       0x20 src/ASF/sam0/drivers/port/port.o
                0x00000804                port_pin_set_config
 .text.long_division
                0x00000824       0x6c src/ASF/sam0/drivers/sercom/sercom.o
 .text._sercom_get_sync_baud_val
                0x00000890       0x28 src/ASF/sam0/drivers/sercom/sercom.o
                0x00000890                _sercom_get_sync_baud_val
 .text._sercom_get_async_baud_val
                0x000008b8       0x98 src/ASF/sam0/drivers/sercom/sercom.o
                0x000008b8                _sercom_get_async_baud_val
 .text.sercom_set_gclk_generator
                0x00000950       0x44 src/ASF/sam0/drivers/sercom/sercom.o
                0x00000950                sercom_set_gclk_generator
 .text._sercom_get_default_pad
                0x00000994      0x15c src/ASF/sam0/drivers/sercom/sercom.o
                0x00000994                _sercom_get_default_pad
 .text._sercom_get_sercom_inst_index
                0x00000af0       0x30 src/ASF/sam0/drivers/sercom/sercom.o
                0x00000af0                _sercom_get_sercom_inst_index
 .text._sercom_default_handler
                0x00000b20        0x2 src/ASF/sam0/drivers/sercom/sercom_interrupt.o
 *fill*         0x00000b22        0x2 
 .text._sercom_set_handler
                0x00000b24       0x38 src/ASF/sam0/drivers/sercom/sercom_interrupt.o
                0x00000b24                _sercom_set_handler
 .text._sercom_get_interrupt_vector
                0x00000b5c       0x2c src/ASF/sam0/drivers/sercom/sercom_interrupt.o
                0x00000b5c                _sercom_get_interrupt_vector
 .text.SERCOM0_Handler
                0x00000b88       0x10 src/ASF/sam0/drivers/sercom/sercom_interrupt.o
                0x00000b88                SERCOM0_Handler
 .text.SERCOM1_Handler
                0x00000b98       0x10 src/ASF/sam0/drivers/sercom/sercom_interrupt.o
                0x00000b98                SERCOM1_Handler
 .text.SERCOM2_Handler
                0x00000ba8       0x10 src/ASF/sam0/drivers/sercom/sercom_interrupt.o
                0x00000ba8                SERCOM2_Handler
 .text.SERCOM3_Handler
                0x00000bb8       0x10 src/ASF/sam0/drivers/sercom/sercom_interrupt.o
                0x00000bb8                SERCOM3_Handler
 .text.SERCOM4_Handler
                0x00000bc8       0x10 src/ASF/sam0/drivers/sercom/sercom_interrupt.o
                0x00000bc8                SERCOM4_Handler
 .text.SERCOM5_Handler
                0x00000bd8       0x10 src/ASF/sam0/drivers/sercom/sercom_interrupt.o
                0x00000bd8                SERCOM5_Handler
 .text.port_pin_set_output_level
                0x00000be8       0x2c src/ASF/sam0/drivers/sercom/spi/spi.o
 .text.spi_write
                0x00000c14       0x14 src/ASF/sam0/drivers/sercom/spi/spi.o
 .text.spi_read
                0x00000c28       0x30 src/ASF/sam0/drivers/sercom/spi/spi.o
 .text.spi_init
                0x00000c58      0x1c8 src/ASF/sam0/drivers/sercom/spi/spi.o
                0x00000c58                spi_init
 .text.spi_read_buffer_wait
                0x00000e20       0x90 src/ASF/sam0/drivers/sercom/spi/spi.o
                0x00000e20                spi_read_buffer_wait
 .text.spi_select_slave
                0x00000eb0       0x7c src/ASF/sam0/drivers/sercom/spi/spi.o
                0x00000eb0                spi_select_slave
 .text.spi_write_buffer_wait
                0x00000f2c       0x8c src/ASF/sam0/drivers/sercom/spi/spi.o
                0x00000f2c                spi_write_buffer_wait
 .text.spi_transceive_buffer_wait
                0x00000fb8       0xbc src/ASF/sam0/drivers/sercom/spi/spi.o
                0x00000fb8                spi_transceive_buffer_wait
 .text._spi_interrupt_handler
                0x00001074      0x1ac src/ASF/sam0/drivers/sercom/spi/spi_interrupt.o
                0x00001074                _spi_interrupt_handler
 .text.usart_init
                0x00001220      0x2b8 src/ASF/sam0/drivers/sercom/usart/usart.o
                0x00001220                usart_init
 .text.usart_write_wait
                0x000014d8       0x22 src/ASF/sam0/drivers/sercom/usart/usart.o
                0x000014d8                usart_write_wait
 .text.usart_read_wait
                0x000014fa       0x68 src/ASF/sam0/drivers/sercom/usart/usart.o
                0x000014fa                usart_read_wait
 *fill*         0x00001562        0x2 
 .text._usart_interrupt_handler
                0x00001564      0x168 src/ASF/sam0/drivers/sercom/usart/usart_interrupt.o
                0x00001564                _usart_interrupt_handler
 .text._system_dfll_wait_for_sync
                0x000016cc       0x10 src/ASF/sam0/drivers/system/clock/clock_samd21_r21_da_ha1/clock.o
 .text.system_clock_source_enable.part.0
                0x000016dc       0x38 src/ASF/sam0/drivers/system/clock/clock_samd21_r21_da_ha1/clock.o
 .text.system_clock_source_get_hz
                0x00001714       0x90 src/ASF/sam0/drivers/system/clock/clock_samd21_r21_da_ha1/clock.o
                0x00001714                system_clock_source_get_hz
 .text.system_clock_source_osc8m_set_config
                0x000017a4       0x3c src/ASF/sam0/drivers/system/clock/clock_samd21_r21_da_ha1/clock.o
                0x000017a4                system_clock_source_osc8m_set_config
 .text.system_clock_source_osc32k_set_config
                0x000017e0       0x70 src/ASF/sam0/drivers/system/clock/clock_samd21_r21_da_ha1/clock.o
                0x000017e0                system_clock_source_osc32k_set_config
 .text.system_clock_source_xosc32k_set_config
                0x00001850       0x9c src/ASF/sam0/drivers/system/clock/clock_samd21_r21_da_ha1/clock.o
                0x00001850                system_clock_source_xosc32k_set_config
 .text.system_clock_source_dfll_set_config
                0x000018ec       0x7c src/ASF/sam0/drivers/system/clock/clock_samd21_r21_da_ha1/clock.o
                0x000018ec                system_clock_source_dfll_set_config
 .text.system_clock_source_enable
                0x00001968       0x68 src/ASF/sam0/drivers/system/clock/clock_samd21_r21_da_ha1/clock.o
                0x00001968                system_clock_source_enable
 .text.system_clock_init
                0x000019d0      0x190 src/ASF/sam0/drivers/system/clock/clock_samd21_r21_da_ha1/clock.o
                0x000019d0                system_clock_init
 .text.system_gclk_is_syncing
                0x00001b60        0xc src/ASF/sam0/drivers/system/clock/clock_samd21_r21_da_ha1/gclk.o
 .text.system_gclk_init
                0x00001b6c       0x20 src/ASF/sam0/drivers/system/clock/clock_samd21_r21_da_ha1/gclk.o
                0x00001b6c                system_gclk_init
 .text.system_gclk_gen_set_config
                0x00001b8c       0xa4 src/ASF/sam0/drivers/system/clock/clock_samd21_r21_da_ha1/gclk.o
                0x00001b8c                system_gclk_gen_set_config
 .text.system_gclk_gen_enable
                0x00001c30       0x40 src/ASF/sam0/drivers/system/clock/clock_samd21_r21_da_ha1/gclk.o
                0x00001c30                system_gclk_gen_enable
 .text.system_gclk_gen_get_hz
                0x00001c70       0x88 src/ASF/sam0/drivers/system/clock/clock_samd21_r21_da_ha1/gclk.o
                0x00001c70                system_gclk_gen_get_hz
 .text.system_gclk_chan_enable
                0x00001cf8       0x30 src/ASF/sam0/drivers/system/clock/clock_samd21_r21_da_ha1/gclk.o
                0x00001cf8                system_gclk_chan_enable
 .text.system_gclk_chan_disable
                0x00001d28       0x58 src/ASF/sam0/drivers/system/clock/clock_samd21_r21_da_ha1/gclk.o
                0x00001d28                system_gclk_chan_disable
 .text.system_gclk_chan_set_config
                0x00001d80       0x1c src/ASF/sam0/drivers/system/clock/clock_samd21_r21_da_ha1/gclk.o
                0x00001d80                system_gclk_chan_set_config
 .text.system_gclk_chan_get_hz
                0x00001d9c       0x34 src/ASF/sam0/drivers/system/clock/clock_samd21_r21_da_ha1/gclk.o
                0x00001d9c                system_gclk_chan_get_hz
 .text._system_pinmux_config
                0x00001dd0       0x84 src/ASF/sam0/drivers/system/pinmux/pinmux.o
 .text.system_pinmux_pin_set_config
                0x00001e54       0x2c src/ASF/sam0/drivers/system/pinmux/pinmux.o
                0x00001e54                system_pinmux_pin_set_config
 .text._system_dummy_init
                0x00001e80        0x2 src/ASF/sam0/drivers/system/system.o
                0x00001e80                _system_events_init
                0x00001e80                _system_dummy_init
                0x00001e80                _system_divas_init
 *fill*         0x00001e82        0x2 
 .text.system_init
                0x00001e84       0x2c src/ASF/sam0/drivers/system/system.o
                0x00001e84                system_init
 .text.tc_register_callback
                0x00001eb0       0x26 src/ASF/sam0/drivers/tc/tc_interrupt.o
                0x00001eb0                tc_register_callback
 *fill*         0x00001ed6        0x2 
 .text._tc_interrupt_handler
                0x00001ed8       0x5c src/ASF/sam0/drivers/tc/tc_interrupt.o
                0x00001ed8                _tc_interrupt_handler
 .text.TC3_Handler
                0x00001f34       0x10 src/ASF/sam0/drivers/tc/tc_interrupt.o
                0x00001f34                TC3_Handler
 .text.TC4_Handler
                0x00001f44       0x10 src/ASF/sam0/drivers/tc/tc_interrupt.o
                0x00001f44                TC4_Handler
 .text.TC5_Handler
                0x00001f54       0x10 src/ASF/sam0/drivers/tc/tc_interrupt.o
                0x00001f54                TC5_Handler
 .text._tc_get_inst_index
                0x00001f64       0x38 src/ASF/sam0/drivers/tc/tc_sam_d_r_h/tc.o
                0x00001f64                _tc_get_inst_index
 .text.tc_init  0x00001f9c      0x248 src/ASF/sam0/drivers/tc/tc_sam_d_r_h/tc.o
                0x00001f9c                tc_init
 .text.Dummy_Handler
                0x000021e4        0x2 src/ASF/sam0/utils/cmsis/samr21/source/gcc/startup_samr21.o
                0x000021e4                DMAC_Handler
                0x000021e4                HardFault_Handler
                0x000021e4                AC_Handler
                0x000021e4                SysTick_Handler
                0x000021e4                PendSV_Handler
                0x000021e4                NMI_Handler
                0x000021e4                ADC_Handler
                0x000021e4                TCC1_Handler
                0x000021e4                TCC0_Handler
                0x000021e4                RTC_Handler
                0x000021e4                WDT_Handler
                0x000021e4                USB_Handler
                0x000021e4                Dummy_Handler
                0x000021e4                PM_Handler
                0x000021e4                SVC_Handler
                0x000021e4                TCC2_Handler
                0x000021e4                EVSYS_Handler
                0x000021e4                NVMCTRL_Handler
                0x000021e4                PTC_Handler
                0x000021e4                SYSCTRL_Handler
 *fill*         0x000021e6        0x2 
 .text.Reset_Handler
                0x000021e8       0xbc src/ASF/sam0/utils/cmsis/samr21/source/gcc/startup_samr21.o
                0x000021e8                Reset_Handler
 .text._read    0x000022a4       0x38 src/ASF/sam0/utils/stdio/read.o
                0x000022a4                _read
 .text._write   0x000022dc       0x34 src/ASF/sam0/utils/stdio/write.o
                0x000022dc                _write
 .text._sbrk    0x00002310       0x20 src/ASF/sam0/utils/syscalls/gcc/syscalls.o
                0x00002310                _sbrk
 .text._close   0x00002330        0x6 src/ASF/sam0/utils/syscalls/gcc/syscalls.o
                0x00002330                _close
 .text._fstat   0x00002336        0xa src/ASF/sam0/utils/syscalls/gcc/syscalls.o
                0x00002336                _fstat
 .text._isatty  0x00002340        0x4 src/ASF/sam0/utils/syscalls/gcc/syscalls.o
                0x00002340                _isatty
 .text._lseek   0x00002344        0x4 src/ASF/sam0/utils/syscalls/gcc/syscalls.o
                0x00002344                _lseek
 .text.lwip_htons
                0x00002348        0x6 src/ASF/thirdparty/lwip/lwip-1.4.1/src/core/def.o
                0x00002348                lwip_htons
 .text.lwip_ntohs
                0x0000234e        0x6 src/ASF/thirdparty/lwip/lwip-1.4.1/src/core/def.o
                0x0000234e                lwip_ntohs
 .text.lwip_htonl
                0x00002354        0x4 src/ASF/thirdparty/lwip/lwip-1.4.1/src/core/def.o
                0x00002354                lwip_htonl
 .text.lwip_ntohl
                0x00002358        0xc src/ASF/thirdparty/lwip/lwip-1.4.1/src/core/def.o
                0x00002358                lwip_ntohl
 .text.icmp_send_response.isra.0
                0x00002364       0x9c src/ASF/thirdparty/lwip/lwip-1.4.1/src/core/ipv4/icmp.o
 .text.icmp_input
                0x00002400      0x138 src/ASF/thirdparty/lwip/lwip-1.4.1/src/core/ipv4/icmp.o
                0x00002400                icmp_input
 .text.icmp_dest_unreach
                0x00002538       0x14 src/ASF/thirdparty/lwip/lwip-1.4.1/src/core/ipv4/icmp.o
                0x00002538                icmp_dest_unreach
 .text.icmp_time_exceeded
                0x0000254c       0x14 src/ASF/thirdparty/lwip/lwip-1.4.1/src/core/ipv4/icmp.o
                0x0000254c                icmp_time_exceeded
 .text.lwip_standard_chksum
                0x00002560       0x5a src/ASF/thirdparty/lwip/lwip-1.4.1/src/core/ipv4/inet_chksum.o
 *fill*         0x000025ba        0x2 
 .text.inet_chksum
                0x000025bc       0x10 src/ASF/thirdparty/lwip/lwip-1.4.1/src/core/ipv4/inet_chksum.o
                0x000025bc                inet_chksum
 .text.inet_chksum_pbuf
                0x000025cc       0x50 src/ASF/thirdparty/lwip/lwip-1.4.1/src/core/ipv4/inet_chksum.o
                0x000025cc                inet_chksum_pbuf
 .text.ip_route
                0x0000261c       0x48 src/ASF/thirdparty/lwip/lwip-1.4.1/src/core/ipv4/ip.o
                0x0000261c                ip_route
 .text.ip_input
                0x00002664      0x194 src/ASF/thirdparty/lwip/lwip-1.4.1/src/core/ipv4/ip.o
                0x00002664                ip_input
 .text.ip_output_if
                0x000027f8       0xf0 src/ASF/thirdparty/lwip/lwip-1.4.1/src/core/ipv4/ip.o
                0x000027f8                ip_output_if
 .text.ip_output
                0x000028e8       0x44 src/ASF/thirdparty/lwip/lwip-1.4.1/src/core/ipv4/ip.o
                0x000028e8                ip_output
 .text.ip4_addr_isbroadcast
                0x0000292c       0x34 src/ASF/thirdparty/lwip/lwip-1.4.1/src/core/ipv4/ip_addr.o
                0x0000292c                ip4_addr_isbroadcast
 .text.ipaddr_ntoa_r
                0x00002960       0x9c src/ASF/thirdparty/lwip/lwip-1.4.1/src/core/ipv4/ip_addr.o
                0x00002960                ipaddr_ntoa_r
 .text.ipaddr_ntoa
                0x000029fc       0x14 src/ASF/thirdparty/lwip/lwip-1.4.1/src/core/ipv4/ip_addr.o
                0x000029fc                ipaddr_ntoa
 .text.ipfrag_free_pbuf_custom
                0x00002a10       0x20 src/ASF/thirdparty/lwip/lwip-1.4.1/src/core/ipv4/ip_frag.o
 .text.ip_reass_free_complete_datagram
                0x00002a30       0xc4 src/ASF/thirdparty/lwip/lwip-1.4.1/src/core/ipv4/ip_frag.o
 .text.ip_reass_remove_oldest_datagram
                0x00002af4       0xa8 src/ASF/thirdparty/lwip/lwip-1.4.1/src/core/ipv4/ip_frag.o
 .text.ip_reass_tmr
                0x00002b9c       0x30 src/ASF/thirdparty/lwip/lwip-1.4.1/src/core/ipv4/ip_frag.o
                0x00002b9c                ip_reass_tmr
 .text.ip_reass
                0x00002bcc      0x3cc src/ASF/thirdparty/lwip/lwip-1.4.1/src/core/ipv4/ip_frag.o
                0x00002bcc                ip_reass
 .text.ip_frag  0x00002f98      0x1c4 src/ASF/thirdparty/lwip/lwip-1.4.1/src/core/ipv4/ip_frag.o
                0x00002f98                ip_frag
 .text.lwip_init
                0x0000315c       0x34 src/ASF/thirdparty/lwip/lwip-1.4.1/src/core/lwip_init.o
                0x0000315c                lwip_init
 .text.sys_timeout
                0x00003190       0x64 src/ASF/thirdparty/lwip/lwip-1.4.1/src/core/lwip_timers_141.o
                0x00003190                sys_timeout
 .text.tcp_timer_needed
                0x000031f4       0x40 src/ASF/thirdparty/lwip/lwip-1.4.1/src/core/lwip_timers_141.o
                0x000031f4                tcp_timer_needed
 .text.tcpip_tcp_timer
                0x00003234       0x40 src/ASF/thirdparty/lwip/lwip-1.4.1/src/core/lwip_timers_141.o
 .text.sys_timeouts_init
                0x00003274       0x38 src/ASF/thirdparty/lwip/lwip-1.4.1/src/core/lwip_timers_141.o
                0x00003274                sys_timeouts_init
 .text.arp_timer
                0x000032ac       0x24 src/ASF/thirdparty/lwip/lwip-1.4.1/src/core/lwip_timers_141.o
 .text.ip_reass_timer
                0x000032d0       0x20 src/ASF/thirdparty/lwip/lwip-1.4.1/src/core/lwip_timers_141.o
 .text.mem_init
                0x000032f0       0x3c src/ASF/thirdparty/lwip/lwip-1.4.1/src/core/mem.o
                0x000032f0                mem_init
 .text.mem_free
                0x0000332c       0x7c src/ASF/thirdparty/lwip/lwip-1.4.1/src/core/mem.o
                0x0000332c                mem_free
 .text.mem_trim
                0x000033a8       0xb8 src/ASF/thirdparty/lwip/lwip-1.4.1/src/core/mem.o
                0x000033a8                mem_trim
 .text.mem_malloc
                0x00003460       0xbc src/ASF/thirdparty/lwip/lwip-1.4.1/src/core/mem.o
                0x00003460                mem_malloc
 .text.memp_init
                0x0000351c       0x4c src/ASF/thirdparty/lwip/lwip-1.4.1/src/core/memp.o
                0x0000351c                memp_init
 .text.memp_malloc
                0x00003568       0x1c src/ASF/thirdparty/lwip/lwip-1.4.1/src/core/memp.o
                0x00003568                memp_malloc
 .text.memp_free
                0x00003584       0x14 src/ASF/thirdparty/lwip/lwip-1.4.1/src/core/memp.o
                0x00003584                memp_free
 .text.netif_init
                0x00003598        0x2 src/ASF/thirdparty/lwip/lwip-1.4.1/src/core/netif.o
                0x00003598                netif_init
 *fill*         0x0000359a        0x2 
 .text.netif_set_ipaddr
                0x0000359c       0x5c src/ASF/thirdparty/lwip/lwip-1.4.1/src/core/netif.o
                0x0000359c                netif_set_ipaddr
 .text.netif_set_addr
                0x000035f8       0x24 src/ASF/thirdparty/lwip/lwip-1.4.1/src/core/netif.o
                0x000035f8                netif_set_addr
 .text.netif_add
                0x0000361c       0x54 src/ASF/thirdparty/lwip/lwip-1.4.1/src/core/netif.o
                0x0000361c                netif_add
 .text.netif_set_default
                0x00003670        0xc src/ASF/thirdparty/lwip/lwip-1.4.1/src/core/netif.o
                0x00003670                netif_set_default
 .text.netif_set_up
                0x0000367c       0x34 src/ASF/thirdparty/lwip/lwip-1.4.1/src/core/netif.o
                0x0000367c                netif_set_up
 .text.netif_set_status_callback
                0x000036b0        0x8 src/ASF/thirdparty/lwip/lwip-1.4.1/src/core/netif.o
                0x000036b0                netif_set_status_callback
 .text.pbuf_alloced_custom
                0x000036b8       0x52 src/ASF/thirdparty/lwip/lwip-1.4.1/src/core/pbuf.o
                0x000036b8                pbuf_alloced_custom
 .text.pbuf_header
                0x0000370a       0x62 src/ASF/thirdparty/lwip/lwip-1.4.1/src/core/pbuf.o
                0x0000370a                pbuf_header
 .text.pbuf_free
                0x0000376c       0x5c src/ASF/thirdparty/lwip/lwip-1.4.1/src/core/pbuf.o
                0x0000376c                pbuf_free
 .text.pbuf_alloc
                0x000037c8      0x124 src/ASF/thirdparty/lwip/lwip-1.4.1/src/core/pbuf.o
                0x000037c8                pbuf_alloc
 .text.pbuf_realloc
                0x000038ec       0x58 src/ASF/thirdparty/lwip/lwip-1.4.1/src/core/pbuf.o
                0x000038ec                pbuf_realloc
 .text.pbuf_clen
                0x00003944       0x12 src/ASF/thirdparty/lwip/lwip-1.4.1/src/core/pbuf.o
                0x00003944                pbuf_clen
 .text.pbuf_ref
                0x00003956        0xc src/ASF/thirdparty/lwip/lwip-1.4.1/src/core/pbuf.o
                0x00003956                pbuf_ref
 .text.pbuf_cat
                0x00003962       0x20 src/ASF/thirdparty/lwip/lwip-1.4.1/src/core/pbuf.o
                0x00003962                pbuf_cat
 *fill*         0x00003982        0x2 
 .text.pbuf_copy
                0x00003984       0x98 src/ASF/thirdparty/lwip/lwip-1.4.1/src/core/pbuf.o
                0x00003984                pbuf_copy
 .text.pbuf_copy_partial
                0x00003a1c       0x60 src/ASF/thirdparty/lwip/lwip-1.4.1/src/core/pbuf.o
                0x00003a1c                pbuf_copy_partial
 .text.tcp_accept_null
                0x00003a7c        0x6 src/ASF/thirdparty/lwip/lwip-1.4.1/src/core/tcp.o
 *fill*         0x00003a82        0x2 
 .text.unlikely.tcp_new_port
                0x00003a84       0x58 src/ASF/thirdparty/lwip/lwip-1.4.1/src/core/tcp.o
 .text.tcp_init
                0x00003adc        0x2 src/ASF/thirdparty/lwip/lwip-1.4.1/src/core/tcp.o
                0x00003adc                tcp_init
 *fill*         0x00003ade        0x2 
 .text.tcp_bind
                0x00003ae0       0x84 src/ASF/thirdparty/lwip/lwip-1.4.1/src/core/tcp.o
                0x00003ae0                tcp_bind
 .text.tcp_listen_with_backlog
                0x00003b64       0xb4 src/ASF/thirdparty/lwip/lwip-1.4.1/src/core/tcp.o
                0x00003b64                tcp_listen_with_backlog
 .text.tcp_update_rcv_ann_wnd
                0x00003c18       0x3c src/ASF/thirdparty/lwip/lwip-1.4.1/src/core/tcp.o
                0x00003c18                tcp_update_rcv_ann_wnd
 .text.tcp_recved
                0x00003c54       0x44 src/ASF/thirdparty/lwip/lwip-1.4.1/src/core/tcp.o
                0x00003c54                tcp_recved
 .text.tcp_seg_free
                0x00003c98       0x24 src/ASF/thirdparty/lwip/lwip-1.4.1/src/core/tcp.o
                0x00003c98                tcp_seg_free
 .text.tcp_segs_free
                0x00003cbc       0x18 src/ASF/thirdparty/lwip/lwip-1.4.1/src/core/tcp.o
                0x00003cbc                tcp_segs_free
 .text.tcp_setprio
                0x00003cd4        0x4 src/ASF/thirdparty/lwip/lwip-1.4.1/src/core/tcp.o
                0x00003cd4                tcp_setprio
 .text.tcp_seg_copy
                0x00003cd8       0x2c src/ASF/thirdparty/lwip/lwip-1.4.1/src/core/tcp.o
                0x00003cd8                tcp_seg_copy
 .text.tcp_arg  0x00003d04        0x4 src/ASF/thirdparty/lwip/lwip-1.4.1/src/core/tcp.o
                0x00003d04                tcp_arg
 .text.tcp_recv
                0x00003d08        0x6 src/ASF/thirdparty/lwip/lwip-1.4.1/src/core/tcp.o
                0x00003d08                tcp_recv
 .text.tcp_sent
                0x00003d0e        0x4 src/ASF/thirdparty/lwip/lwip-1.4.1/src/core/tcp.o
                0x00003d0e                tcp_sent
 .text.tcp_err  0x00003d12        0x6 src/ASF/thirdparty/lwip/lwip-1.4.1/src/core/tcp.o
                0x00003d12                tcp_err
 .text.tcp_accept
                0x00003d18        0x4 src/ASF/thirdparty/lwip/lwip-1.4.1/src/core/tcp.o
                0x00003d18                tcp_accept
 .text.tcp_poll
                0x00003d1c        0xc src/ASF/thirdparty/lwip/lwip-1.4.1/src/core/tcp.o
                0x00003d1c                tcp_poll
 .text.tcp_pcb_purge
                0x00003d28       0x48 src/ASF/thirdparty/lwip/lwip-1.4.1/src/core/tcp.o
                0x00003d28                tcp_pcb_purge
 .text.tcp_slowtmr
                0x00003d70      0x308 src/ASF/thirdparty/lwip/lwip-1.4.1/src/core/tcp.o
                0x00003d70                tcp_slowtmr
 .text.tcp_pcb_remove
                0x00004078       0x74 src/ASF/thirdparty/lwip/lwip-1.4.1/src/core/tcp.o
                0x00004078                tcp_pcb_remove
 .text.tcp_close_shutdown
                0x000040ec      0x16c src/ASF/thirdparty/lwip/lwip-1.4.1/src/core/tcp.o
 .text.tcp_close
                0x00004258       0x1c src/ASF/thirdparty/lwip/lwip-1.4.1/src/core/tcp.o
                0x00004258                tcp_close
 .text.tcp_recv_null
                0x00004274       0x34 src/ASF/thirdparty/lwip/lwip-1.4.1/src/core/tcp.o
                0x00004274                tcp_recv_null
 .text.tcp_process_refused_data
                0x000042a8       0x70 src/ASF/thirdparty/lwip/lwip-1.4.1/src/core/tcp.o
                0x000042a8                tcp_process_refused_data
 .text.tcp_fasttmr
                0x00004318       0x70 src/ASF/thirdparty/lwip/lwip-1.4.1/src/core/tcp.o
                0x00004318                tcp_fasttmr
 .text.tcp_tmr  0x00004388       0x28 src/ASF/thirdparty/lwip/lwip-1.4.1/src/core/tcp.o
                0x00004388                tcp_tmr
 .text.tcp_abandon
                0x000043b0       0xa8 src/ASF/thirdparty/lwip/lwip-1.4.1/src/core/tcp.o
                0x000043b0                tcp_abandon
 .text.tcp_abort
                0x00004458       0x10 src/ASF/thirdparty/lwip/lwip-1.4.1/src/core/tcp.o
                0x00004458                tcp_abort
 .text.tcp_next_iss
                0x00004468       0x18 src/ASF/thirdparty/lwip/lwip-1.4.1/src/core/tcp.o
                0x00004468                tcp_next_iss
 .text.tcp_alloc
                0x00004480      0x120 src/ASF/thirdparty/lwip/lwip-1.4.1/src/core/tcp.o
                0x00004480                tcp_alloc
 .text.tcp_new  0x000045a0       0x10 src/ASF/thirdparty/lwip/lwip-1.4.1/src/core/tcp.o
                0x000045a0                tcp_new
 .text.tcp_eff_send_mss
                0x000045b0       0x2c src/ASF/thirdparty/lwip/lwip-1.4.1/src/core/tcp.o
                0x000045b0                tcp_eff_send_mss
 .text.tcp_oos_insert_segment
                0x000045dc       0xb4 src/ASF/thirdparty/lwip/lwip-1.4.1/src/core/tcp_in.o
 .text.tcp_receive
                0x00004690      0x974 src/ASF/thirdparty/lwip/lwip-1.4.1/src/core/tcp_in.o
 .text.tcp_parseopt.isra.0
                0x00005004       0x90 src/ASF/thirdparty/lwip/lwip-1.4.1/src/core/tcp_in.o
 .text.tcp_input
                0x00005094      0x978 src/ASF/thirdparty/lwip/lwip-1.4.1/src/core/tcp_in.o
                0x00005094                tcp_input
 .text.tcp_pbuf_prealloc
                0x00005a0c       0x64 src/ASF/thirdparty/lwip/lwip-1.4.1/src/core/tcp_out.o
 .text.tcp_create_segment
                0x00005a70       0xd4 src/ASF/thirdparty/lwip/lwip-1.4.1/src/core/tcp_out.o
 .text.tcp_output_alloc_header.constprop.0
                0x00005b44       0x98 src/ASF/thirdparty/lwip/lwip-1.4.1/src/core/tcp_out.o
 .text.tcp_write
                0x00005bdc      0x380 src/ASF/thirdparty/lwip/lwip-1.4.1/src/core/tcp_out.o
                0x00005bdc                tcp_write
 .text.tcp_enqueue_flags
                0x00005f5c       0xbc src/ASF/thirdparty/lwip/lwip-1.4.1/src/core/tcp_out.o
                0x00005f5c                tcp_enqueue_flags
 .text.tcp_send_fin
                0x00006018       0x64 src/ASF/thirdparty/lwip/lwip-1.4.1/src/core/tcp_out.o
                0x00006018                tcp_send_fin
 .text.tcp_send_empty_ack
                0x0000607c       0x54 src/ASF/thirdparty/lwip/lwip-1.4.1/src/core/tcp_out.o
                0x0000607c                tcp_send_empty_ack
 .text.tcp_output
                0x000060d0      0x330 src/ASF/thirdparty/lwip/lwip-1.4.1/src/core/tcp_out.o
                0x000060d0                tcp_output
 .text.tcp_rst  0x00006400       0xb8 src/ASF/thirdparty/lwip/lwip-1.4.1/src/core/tcp_out.o
                0x00006400                tcp_rst
 .text.tcp_rexmit_rto
                0x000064b8       0x34 src/ASF/thirdparty/lwip/lwip-1.4.1/src/core/tcp_out.o
                0x000064b8                tcp_rexmit_rto
 .text.tcp_rexmit
                0x000064ec       0x7c src/ASF/thirdparty/lwip/lwip-1.4.1/src/core/tcp_out.o
                0x000064ec                tcp_rexmit
 .text.tcp_rexmit_fast
                0x00006568       0x54 src/ASF/thirdparty/lwip/lwip-1.4.1/src/core/tcp_out.o
                0x00006568                tcp_rexmit_fast
 .text.tcp_keepalive
                0x000065bc       0x44 src/ASF/thirdparty/lwip/lwip-1.4.1/src/core/tcp_out.o
                0x000065bc                tcp_keepalive
 .text.tcp_zero_window_probe
                0x00006600       0xd0 src/ASF/thirdparty/lwip/lwip-1.4.1/src/core/tcp_out.o
                0x00006600                tcp_zero_window_probe
 .text.udp_init
                0x000066d0        0x2 src/ASF/thirdparty/lwip/lwip-1.4.1/src/core/udp.o
                0x000066d0                udp_init
 *fill*         0x000066d2        0x2 
 .text.udp_input
                0x000066d4      0x164 src/ASF/thirdparty/lwip/lwip-1.4.1/src/core/udp.o
                0x000066d4                udp_input
 .text.etharp_free_entry
                0x00006838       0x2c src/ASF/thirdparty/lwip/lwip-1.4.1/src/netif/etharp.o
 .text.etharp_find_entry
                0x00006864       0xe0 src/ASF/thirdparty/lwip/lwip-1.4.1/src/netif/etharp.o
 .text.etharp_send_ip
                0x00006944       0x34 src/ASF/thirdparty/lwip/lwip-1.4.1/src/netif/etharp.o
 .text.etharp_tmr
                0x00006978       0x44 src/ASF/thirdparty/lwip/lwip-1.4.1/src/netif/etharp.o
                0x00006978                etharp_tmr
 .text.etharp_request
                0x000069bc       0xc0 src/ASF/thirdparty/lwip/lwip-1.4.1/src/netif/etharp.o
                0x000069bc                etharp_request
 .text.etharp_output_to_arp_index
                0x00006a7c       0x50 src/ASF/thirdparty/lwip/lwip-1.4.1/src/netif/etharp.o
 .text.etharp_query
                0x00006acc      0x118 src/ASF/thirdparty/lwip/lwip-1.4.1/src/netif/etharp.o
                0x00006acc                etharp_query
 .text.etharp_output
                0x00006be4       0xfc src/ASF/thirdparty/lwip/lwip-1.4.1/src/netif/etharp.o
                0x00006be4                etharp_output
 .text.ethernet_input
                0x00006ce0      0x20c src/ASF/thirdparty/lwip/lwip-1.4.1/src/netif/etharp.o
                0x00006ce0                ethernet_input
 .text.INTN_Handler
                0x00006eec        0xc src/ASF/thirdparty/lwip/lwip-port-1.4.1/sam/netif/sam0_spi_ksz8851snl.o
 .text.ksz8851snl_rx_populate_queue
                0x00006ef8       0x38 src/ASF/thirdparty/lwip/lwip-port-1.4.1/sam/netif/sam0_spi_ksz8851snl.o
 .text.ksz8851snl_low_level_output
                0x00006f30       0x38 src/ASF/thirdparty/lwip/lwip-port-1.4.1/sam/netif/sam0_spi_ksz8851snl.o
 .text.ethernetif_input
                0x00006f68      0x264 src/ASF/thirdparty/lwip/lwip-port-1.4.1/sam/netif/sam0_spi_ksz8851snl.o
                0x00006f68                ethernetif_input
 .text.ethernetif_init
                0x000071cc       0xb0 src/ASF/thirdparty/lwip/lwip-port-1.4.1/sam/netif/sam0_spi_ksz8851snl.o
                0x000071cc                ethernetif_init
 .text.usart_serial_getchar
                0x0000727c       0x24 src/main.o
 .text.usart_serial_putchar
                0x000072a0       0x18 src/main.o
 .text.startup.main
                0x000072b8      0x12c src/main.o
                0x000072b8                main
 .text.status_callback
                0x000073e4       0x5c src/network/ethernet.o
                0x000073e4                status_callback
 .text.init_ethernet
                0x00007440       0x8c src/network/ethernet.o
                0x00007440                init_ethernet
 .text.ethernet_task
                0x000074cc       0x60 src/network/ethernet.o
                0x000074cc                ethernet_task
 .text.fs_open  0x0000752c       0x34 src/network/httpserver/fs.o
                0x0000752c                fs_open
 .text.http_conn_err
                0x00007560        0xc src/network/httpserver/httpd.o
 .text.http_close_conn
                0x0000756c       0x40 src/network/httpserver/httpd.o
 .text.http_send_data
                0x000075ac       0x44 src/network/httpserver/httpd.o
 .text.http_write
                0x000075f0       0x34 src/network/httpserver/httpd.o
 .text.http_sendOk
                0x00007624       0x34 src/network/httpserver/httpd.o
 .text.http_sendInternalErr
                0x00007658       0x34 src/network/httpserver/httpd.o
 .text.http_sent
                0x0000768c       0x24 src/network/httpserver/httpd.o
 .text.http_accept
                0x000076b0       0x6c src/network/httpserver/httpd.o
 .text.http_poll
                0x0000771c       0x38 src/network/httpserver/httpd.o
 .text.http_decodeUrl.constprop.9
                0x00007754       0x8c src/network/httpserver/httpd.o
 .text.http_getValue.part.0.constprop.8
                0x000077e0       0x80 src/network/httpserver/httpd.o
 .text.cgi_GetStaus
                0x00007860       0x54 src/network/httpserver/httpd.o
 .text.http_recv
                0x000078b4      0x1c0 src/network/httpserver/httpd.o
 .text.cgi_SetLed
                0x00007a74       0xf0 src/network/httpserver/httpd.o
 .text.httpd_init
                0x00007b64       0x38 src/network/httpserver/httpd.o
                0x00007b64                httpd_init
 .text.tc_callback
                0x00007b9c       0x10 src/network/timer_mgt.o
 .text.sys_init_timing
                0x00007bac       0xb8 src/network/timer_mgt.o
                0x00007bac                sys_init_timing
 .text.sys_get_ms
                0x00007c64        0xc src/network/timer_mgt.o
                0x00007c64                sys_get_ms
 .text.sys_now  0x00007c70        0xc src/network/timer_mgt.o
                0x00007c70                sys_now
 .text          0x00007c7c       0x14 c:/program files (x86)/atmel/studio/7.0/toolchain/arm/arm-gnu-toolchain/bin/../lib/gcc/arm-none-eabi/6.3.1/thumb/v6-m\libgcc.a(_thumb1_case_sqi.o)
                0x00007c7c                __gnu_thumb1_case_sqi
 .text          0x00007c90       0x14 c:/program files (x86)/atmel/studio/7.0/toolchain/arm/arm-gnu-toolchain/bin/../lib/gcc/arm-none-eabi/6.3.1/thumb/v6-m\libgcc.a(_thumb1_case_uqi.o)
                0x00007c90                __gnu_thumb1_case_uqi
 .text          0x00007ca4       0x14 c:/program files (x86)/atmel/studio/7.0/toolchain/arm/arm-gnu-toolchain/bin/../lib/gcc/arm-none-eabi/6.3.1/thumb/v6-m\libgcc.a(_thumb1_case_uhi.o)
                0x00007ca4                __gnu_thumb1_case_uhi
 .text          0x00007cb8      0x114 c:/program files (x86)/atmel/studio/7.0/toolchain/arm/arm-gnu-toolchain/bin/../lib/gcc/arm-none-eabi/6.3.1/thumb/v6-m\libgcc.a(_udivsi3.o)
                0x00007cb8                __aeabi_uidiv
                0x00007cb8                __udivsi3
                0x00007dc4                __aeabi_uidivmod
 .text          0x00007dcc      0x1d4 c:/program files (x86)/atmel/studio/7.0/toolchain/arm/arm-gnu-toolchain/bin/../lib/gcc/arm-none-eabi/6.3.1/thumb/v6-m\libgcc.a(_divsi3.o)
                0x00007dcc                __divsi3
                0x00007dcc                __aeabi_idiv
                0x00007f98                __aeabi_idivmod
 .text          0x00007fa0        0x4 c:/program files (x86)/atmel/studio/7.0/toolchain/arm/arm-gnu-toolchain/bin/../lib/gcc/arm-none-eabi/6.3.1/thumb/v6-m\libgcc.a(_dvmd_tls.o)
                0x00007fa0                __aeabi_idiv0
                0x00007fa0                __aeabi_ldiv0
 .text          0x00007fa4       0x18 c:/program files (x86)/atmel/studio/7.0/toolchain/arm/arm-gnu-toolchain/bin/../lib/gcc/arm-none-eabi/6.3.1/thumb/v6-m\libgcc.a(_ashldi3.o)
                0x00007fa4                __aeabi_llsl
                0x00007fa4                __ashldi3
 .text          0x00007fbc       0x54 c:/program files (x86)/atmel/studio/7.0/toolchain/arm/arm-gnu-toolchain/bin/../lib/gcc/arm-none-eabi/6.3.1/thumb/v6-m\libgcc.a(_muldi3.o)
                0x00007fbc                __muldi3
                0x00007fbc                __aeabi_lmul
 .text.atoi     0x00008010        0xc c:/program files (x86)/atmel/studio/7.0/toolchain/arm/arm-gnu-toolchain/bin/../lib/gcc/arm-none-eabi/6.3.1/../../../../arm-none-eabi/lib/thumb/v6-m\libc_nano.a(lib_a-atoi.o)
                0x00008010                atoi
 .text.__libc_init_array
                0x0000801c       0x48 c:/program files (x86)/atmel/studio/7.0/toolchain/arm/arm-gnu-toolchain/bin/../lib/gcc/arm-none-eabi/6.3.1/../../../../arm-none-eabi/lib/thumb/v6-m\libc_nano.a(lib_a-init.o)
                0x0000801c                __libc_init_array
 .text.memcmp   0x00008064       0x1e c:/program files (x86)/atmel/studio/7.0/toolchain/arm/arm-gnu-toolchain/bin/../lib/gcc/arm-none-eabi/6.3.1/../../../../arm-none-eabi/lib/thumb/v6-m\libc_nano.a(lib_a-memcmp.o)
                0x00008064                memcmp
 .text.memcpy   0x00008082       0x12 c:/program files (x86)/atmel/studio/7.0/toolchain/arm/arm-gnu-toolchain/bin/../lib/gcc/arm-none-eabi/6.3.1/../../../../arm-none-eabi/lib/thumb/v6-m\libc_nano.a(lib_a-memcpy-stub.o)
                0x00008082                memcpy
 .text.memset   0x00008094       0x10 c:/program files (x86)/atmel/studio/7.0/toolchain/arm/arm-gnu-toolchain/bin/../lib/gcc/arm-none-eabi/6.3.1/../../../../arm-none-eabi/lib/thumb/v6-m\libc_nano.a(lib_a-memset.o)
                0x00008094                memset
 .text.printf   0x000080a4       0x34 c:/program files (x86)/atmel/studio/7.0/toolchain/arm/arm-gnu-toolchain/bin/../lib/gcc/arm-none-eabi/6.3.1/../../../../arm-none-eabi/lib/thumb/v6-m\libc_nano.a(lib_a-printf.o)
                0x000080a4                iprintf
                0x000080a4                printf
 .text._puts_r  0x000080d8       0xc0 c:/program files (x86)/atmel/studio/7.0/toolchain/arm/arm-gnu-toolchain/bin/../lib/gcc/arm-none-eabi/6.3.1/../../../../arm-none-eabi/lib/thumb/v6-m\libc_nano.a(lib_a-puts.o)
                0x000080d8                _puts_r
 .text.puts     0x00008198       0x14 c:/program files (x86)/atmel/studio/7.0/toolchain/arm/arm-gnu-toolchain/bin/../lib/gcc/arm-none-eabi/6.3.1/../../../../arm-none-eabi/lib/thumb/v6-m\libc_nano.a(lib_a-puts.o)
                0x00008198                puts
 .text.setbuf   0x000081ac       0x12 c:/program files (x86)/atmel/studio/7.0/toolchain/arm/arm-gnu-toolchain/bin/../lib/gcc/arm-none-eabi/6.3.1/../../../../arm-none-eabi/lib/thumb/v6-m\libc_nano.a(lib_a-setbuf.o)
                0x000081ac                setbuf
 *fill*         0x000081be        0x2 
 .text.setvbuf  0x000081c0      0x158 c:/program files (x86)/atmel/studio/7.0/toolchain/arm/arm-gnu-toolchain/bin/../lib/gcc/arm-none-eabi/6.3.1/../../../../arm-none-eabi/lib/thumb/v6-m\libc_nano.a(lib_a-setvbuf.o)
                0x000081c0                setvbuf
 .text.sprintf  0x00008318       0x44 c:/program files (x86)/atmel/studio/7.0/toolchain/arm/arm-gnu-toolchain/bin/../lib/gcc/arm-none-eabi/6.3.1/../../../../arm-none-eabi/lib/thumb/v6-m\libc_nano.a(lib_a-sprintf.o)
                0x00008318                siprintf
                0x00008318                sprintf
 .text.strcat   0x0000835c       0x1a c:/program files (x86)/atmel/studio/7.0/toolchain/arm/arm-gnu-toolchain/bin/../lib/gcc/arm-none-eabi/6.3.1/../../../../arm-none-eabi/lib/thumb/v6-m\libc_nano.a(lib_a-strcat.o)
                0x0000835c                strcat
 .text.strchr   0x00008376       0x1c c:/program files (x86)/atmel/studio/7.0/toolchain/arm/arm-gnu-toolchain/bin/../lib/gcc/arm-none-eabi/6.3.1/../../../../arm-none-eabi/lib/thumb/v6-m\libc_nano.a(lib_a-strchr.o)
                0x00008376                strchr
 .text          0x00008392       0x14 c:/program files (x86)/atmel/studio/7.0/toolchain/arm/arm-gnu-toolchain/bin/../lib/gcc/arm-none-eabi/6.3.1/../../../../arm-none-eabi/lib/thumb/v6-m\libc_nano.a(lib_a-strcmp.o)
                0x00008392                strcmp
 .text.strcpy   0x000083a6       0x10 c:/program files (x86)/atmel/studio/7.0/toolchain/arm/arm-gnu-toolchain/bin/../lib/gcc/arm-none-eabi/6.3.1/../../../../arm-none-eabi/lib/thumb/v6-m\libc_nano.a(lib_a-strcpy.o)
                0x000083a6                strcpy
 .text          0x000083b6        0xe c:/program files (x86)/atmel/studio/7.0/toolchain/arm/arm-gnu-toolchain/bin/../lib/gcc/arm-none-eabi/6.3.1/../../../../arm-none-eabi/lib/thumb/v6-m\libc_nano.a(lib_a-strlen.o)
                0x000083b6                strlen
 .text.strstr   0x000083c4       0x30 c:/program files (x86)/atmel/studio/7.0/toolchain/arm/arm-gnu-toolchain/bin/../lib/gcc/arm-none-eabi/6.3.1/../../../../arm-none-eabi/lib/thumb/v6-m\libc_nano.a(lib_a-strstr.o)
                0x000083c4                strstr
 .text._strtol_l.isra.0
                0x000083f4      0x10c c:/program files (x86)/atmel/studio/7.0/toolchain/arm/arm-gnu-toolchain/bin/../lib/gcc/arm-none-eabi/6.3.1/../../../../arm-none-eabi/lib/thumb/v6-m\libc_nano.a(lib_a-strtol.o)
 .text.strtol   0x00008500       0x28 c:/program files (x86)/atmel/studio/7.0/toolchain/arm/arm-gnu-toolchain/bin/../lib/gcc/arm-none-eabi/6.3.1/../../../../arm-none-eabi/lib/thumb/v6-m\libc_nano.a(lib_a-strtol.o)
                0x00008500                strtol
 .text.__swbuf_r
                0x00008528       0xac c:/program files (x86)/atmel/studio/7.0/toolchain/arm/arm-gnu-toolchain/bin/../lib/gcc/arm-none-eabi/6.3.1/../../../../arm-none-eabi/lib/thumb/v6-m\libc_nano.a(lib_a-wbuf.o)
                0x00008528                __swbuf_r
 .text.__swsetup_r
                0x000085d4       0xec c:/program files (x86)/atmel/studio/7.0/toolchain/arm/arm-gnu-toolchain/bin/../lib/gcc/arm-none-eabi/6.3.1/../../../../arm-none-eabi/lib/thumb/v6-m\libc_nano.a(lib_a-wsetup.o)
                0x000085d4                __swsetup_r
 .text.__sflush_r
                0x000086c0      0x114 c:/program files (x86)/atmel/studio/7.0/toolchain/arm/arm-gnu-toolchain/bin/../lib/gcc/arm-none-eabi/6.3.1/../../../../arm-none-eabi/lib/thumb/v6-m\libc_nano.a(lib_a-fflush.o)
                0x000086c0                __sflush_r
 .text._fflush_r
                0x000087d4       0x58 c:/program files (x86)/atmel/studio/7.0/toolchain/arm/arm-gnu-toolchain/bin/../lib/gcc/arm-none-eabi/6.3.1/../../../../arm-none-eabi/lib/thumb/v6-m\libc_nano.a(lib_a-fflush.o)
                0x000087d4                _fflush_r
 .text._cleanup_r
                0x0000882c       0x10 c:/program files (x86)/atmel/studio/7.0/toolchain/arm/arm-gnu-toolchain/bin/../lib/gcc/arm-none-eabi/6.3.1/../../../../arm-none-eabi/lib/thumb/v6-m\libc_nano.a(lib_a-findfp.o)
                0x0000882c                _cleanup_r
 .text.std.isra.0
                0x0000883c       0x48 c:/program files (x86)/atmel/studio/7.0/toolchain/arm/arm-gnu-toolchain/bin/../lib/gcc/arm-none-eabi/6.3.1/../../../../arm-none-eabi/lib/thumb/v6-m\libc_nano.a(lib_a-findfp.o)
 .text.__sfmoreglue
                0x00008884       0x2c c:/program files (x86)/atmel/studio/7.0/toolchain/arm/arm-gnu-toolchain/bin/../lib/gcc/arm-none-eabi/6.3.1/../../../../arm-none-eabi/lib/thumb/v6-m\libc_nano.a(lib_a-findfp.o)
                0x00008884                __sfmoreglue
 .text.__sinit  0x000088b0       0x68 c:/program files (x86)/atmel/studio/7.0/toolchain/arm/arm-gnu-toolchain/bin/../lib/gcc/arm-none-eabi/6.3.1/../../../../arm-none-eabi/lib/thumb/v6-m\libc_nano.a(lib_a-findfp.o)
                0x000088b0                __sinit
 .text.__sfp    0x00008918       0x80 c:/program files (x86)/atmel/studio/7.0/toolchain/arm/arm-gnu-toolchain/bin/../lib/gcc/arm-none-eabi/6.3.1/../../../../arm-none-eabi/lib/thumb/v6-m\libc_nano.a(lib_a-findfp.o)
                0x00008918                __sfp
 .text._fwalk_reent
                0x00008998       0x42 c:/program files (x86)/atmel/studio/7.0/toolchain/arm/arm-gnu-toolchain/bin/../lib/gcc/arm-none-eabi/6.3.1/../../../../arm-none-eabi/lib/thumb/v6-m\libc_nano.a(lib_a-fwalk.o)
                0x00008998                _fwalk_reent
 .text.__locale_ctype_ptr_l
                0x000089da        0x6 c:/program files (x86)/atmel/studio/7.0/toolchain/arm/arm-gnu-toolchain/bin/../lib/gcc/arm-none-eabi/6.3.1/../../../../arm-none-eabi/lib/thumb/v6-m\libc_nano.a(lib_a-locale.o)
                0x000089da                __locale_ctype_ptr_l
 .text.__swhatbuf_r
                0x000089e0       0x50 c:/program files (x86)/atmel/studio/7.0/toolchain/arm/arm-gnu-toolchain/bin/../lib/gcc/arm-none-eabi/6.3.1/../../../../arm-none-eabi/lib/thumb/v6-m\libc_nano.a(lib_a-makebuf.o)
                0x000089e0                __swhatbuf_r
 .text.__smakebuf_r
                0x00008a30       0x88 c:/program files (x86)/atmel/studio/7.0/toolchain/arm/arm-gnu-toolchain/bin/../lib/gcc/arm-none-eabi/6.3.1/../../../../arm-none-eabi/lib/thumb/v6-m\libc_nano.a(lib_a-makebuf.o)
                0x00008a30                __smakebuf_r
 .text.malloc   0x00008ab8       0x14 c:/program files (x86)/atmel/studio/7.0/toolchain/arm/arm-gnu-toolchain/bin/../lib/gcc/arm-none-eabi/6.3.1/../../../../arm-none-eabi/lib/thumb/v6-m\libc_nano.a(lib_a-malloc.o)
                0x00008ab8                malloc
 .text.__ascii_mbtowc
                0x00008acc       0x24 c:/program files (x86)/atmel/studio/7.0/toolchain/arm/arm-gnu-toolchain/bin/../lib/gcc/arm-none-eabi/6.3.1/../../../../arm-none-eabi/lib/thumb/v6-m\libc_nano.a(lib_a-mbtowc_r.o)
                0x00008acc                __ascii_mbtowc
 .text._free_r  0x00008af0       0x94 c:/program files (x86)/atmel/studio/7.0/toolchain/arm/arm-gnu-toolchain/bin/../lib/gcc/arm-none-eabi/6.3.1/../../../../arm-none-eabi/lib/thumb/v6-m\libc_nano.a(lib_a-nano-freer.o)
                0x00008af0                _free_r
 .text._malloc_r
                0x00008b84       0xbc c:/program files (x86)/atmel/studio/7.0/toolchain/arm/arm-gnu-toolchain/bin/../lib/gcc/arm-none-eabi/6.3.1/../../../../arm-none-eabi/lib/thumb/v6-m\libc_nano.a(lib_a-nano-mallocr.o)
                0x00008b84                _malloc_r
 .text.__ssputs_r
                0x00008c40       0xc4 c:/program files (x86)/atmel/studio/7.0/toolchain/arm/arm-gnu-toolchain/bin/../lib/gcc/arm-none-eabi/6.3.1/../../../../arm-none-eabi/lib/thumb/v6-m\libc_nano.a(lib_a-nano-svfprintf.o)
                0x00008c40                __ssputs_r
 .text._svfprintf_r
                0x00008d04      0x208 c:/program files (x86)/atmel/studio/7.0/toolchain/arm/arm-gnu-toolchain/bin/../lib/gcc/arm-none-eabi/6.3.1/../../../../arm-none-eabi/lib/thumb/v6-m\libc_nano.a(lib_a-nano-svfprintf.o)
                0x00008d04                _svfiprintf_r
                0x00008d04                _svfprintf_r
 .text.__sfputc_r
                0x00008f0c       0x2a c:/program files (x86)/atmel/studio/7.0/toolchain/arm/arm-gnu-toolchain/bin/../lib/gcc/arm-none-eabi/6.3.1/../../../../arm-none-eabi/lib/thumb/v6-m\libc_nano.a(lib_a-nano-vfprintf.o)
 .text.__sfputs_r
                0x00008f36       0x24 c:/program files (x86)/atmel/studio/7.0/toolchain/arm/arm-gnu-toolchain/bin/../lib/gcc/arm-none-eabi/6.3.1/../../../../arm-none-eabi/lib/thumb/v6-m\libc_nano.a(lib_a-nano-vfprintf.o)
                0x00008f36                __sfputs_r
 *fill*         0x00008f5a        0x2 
 .text._vfprintf_r
                0x00008f5c      0x238 c:/program files (x86)/atmel/studio/7.0/toolchain/arm/arm-gnu-toolchain/bin/../lib/gcc/arm-none-eabi/6.3.1/../../../../arm-none-eabi/lib/thumb/v6-m\libc_nano.a(lib_a-nano-vfprintf.o)
                0x00008f5c                _vfprintf_r
                0x00008f5c                _vfiprintf_r
 .text._printf_common
                0x00009194       0xda c:/program files (x86)/atmel/studio/7.0/toolchain/arm/arm-gnu-toolchain/bin/../lib/gcc/arm-none-eabi/6.3.1/../../../../arm-none-eabi/lib/thumb/v6-m\libc_nano.a(lib_a-nano-vfprintf_i.o)
                0x00009194                _printf_common
 *fill*         0x0000926e        0x2 
 .text._printf_i
                0x00009270      0x234 c:/program files (x86)/atmel/studio/7.0/toolchain/arm/arm-gnu-toolchain/bin/../lib/gcc/arm-none-eabi/6.3.1/../../../../arm-none-eabi/lib/thumb/v6-m\libc_nano.a(lib_a-nano-vfprintf_i.o)
                0x00009270                _printf_i
 .text._sbrk_r  0x000094a4       0x24 c:/program files (x86)/atmel/studio/7.0/toolchain/arm/arm-gnu-toolchain/bin/../lib/gcc/arm-none-eabi/6.3.1/../../../../arm-none-eabi/lib/thumb/v6-m\libc_nano.a(lib_a-sbrkr.o)
                0x000094a4                _sbrk_r
 .text.__sread  0x000094c8       0x28 c:/program files (x86)/atmel/studio/7.0/toolchain/arm/arm-gnu-toolchain/bin/../lib/gcc/arm-none-eabi/6.3.1/../../../../arm-none-eabi/lib/thumb/v6-m\libc_nano.a(lib_a-stdio.o)
                0x000094c8                __sread
 .text.__swrite
                0x000094f0       0x38 c:/program files (x86)/atmel/studio/7.0/toolchain/arm/arm-gnu-toolchain/bin/../lib/gcc/arm-none-eabi/6.3.1/../../../../arm-none-eabi/lib/thumb/v6-m\libc_nano.a(lib_a-stdio.o)
                0x000094f0                __swrite
 .text.__sseek  0x00009528       0x2c c:/program files (x86)/atmel/studio/7.0/toolchain/arm/arm-gnu-toolchain/bin/../lib/gcc/arm-none-eabi/6.3.1/../../../../arm-none-eabi/lib/thumb/v6-m\libc_nano.a(lib_a-stdio.o)
                0x00009528                __sseek
 .text.__sclose
                0x00009554        0xc c:/program files (x86)/atmel/studio/7.0/toolchain/arm/arm-gnu-toolchain/bin/../lib/gcc/arm-none-eabi/6.3.1/../../../../arm-none-eabi/lib/thumb/v6-m\libc_nano.a(lib_a-stdio.o)
                0x00009554                __sclose
 .text.__ascii_wctomb
                0x00009560       0x18 c:/program files (x86)/atmel/studio/7.0/toolchain/arm/arm-gnu-toolchain/bin/../lib/gcc/arm-none-eabi/6.3.1/../../../../arm-none-eabi/lib/thumb/v6-m\libc_nano.a(lib_a-wctomb_r.o)
                0x00009560                __ascii_wctomb
 .text._write_r
                0x00009578       0x28 c:/program files (x86)/atmel/studio/7.0/toolchain/arm/arm-gnu-toolchain/bin/../lib/gcc/arm-none-eabi/6.3.1/../../../../arm-none-eabi/lib/thumb/v6-m\libc_nano.a(lib_a-writer.o)
                0x00009578                _write_r
 .text._close_r
                0x000095a0       0x24 c:/program files (x86)/atmel/studio/7.0/toolchain/arm/arm-gnu-toolchain/bin/../lib/gcc/arm-none-eabi/6.3.1/../../../../arm-none-eabi/lib/thumb/v6-m\libc_nano.a(lib_a-closer.o)
                0x000095a0                _close_r
 .text._fstat_r
                0x000095c4       0x24 c:/program files (x86)/atmel/studio/7.0/toolchain/arm/arm-gnu-toolchain/bin/../lib/gcc/arm-none-eabi/6.3.1/../../../../arm-none-eabi/lib/thumb/v6-m\libc_nano.a(lib_a-fstatr.o)
                0x000095c4                _fstat_r
 .text._isatty_r
                0x000095e8       0x24 c:/program files (x86)/atmel/studio/7.0/toolchain/arm/arm-gnu-toolchain/bin/../lib/gcc/arm-none-eabi/6.3.1/../../../../arm-none-eabi/lib/thumb/v6-m\libc_nano.a(lib_a-isattyr.o)
                0x000095e8                _isatty_r
 .text._lseek_r
                0x0000960c       0x28 c:/program files (x86)/atmel/studio/7.0/toolchain/arm/arm-gnu-toolchain/bin/../lib/gcc/arm-none-eabi/6.3.1/../../../../arm-none-eabi/lib/thumb/v6-m\libc_nano.a(lib_a-lseekr.o)
                0x0000960c                _lseek_r
 .text.memchr   0x00009634       0x16 c:/program files (x86)/atmel/studio/7.0/toolchain/arm/arm-gnu-toolchain/bin/../lib/gcc/arm-none-eabi/6.3.1/../../../../arm-none-eabi/lib/thumb/v6-m\libc_nano.a(lib_a-memchr-stub.o)
                0x00009634                memchr
 .text.memmove  0x0000964a       0x24 c:/program files (x86)/atmel/studio/7.0/toolchain/arm/arm-gnu-toolchain/bin/../lib/gcc/arm-none-eabi/6.3.1/../../../../arm-none-eabi/lib/thumb/v6-m\libc_nano.a(lib_a-memmove.o)
                0x0000964a                memmove
 .text.__malloc_lock
                0x0000966e        0x2 c:/program files (x86)/atmel/studio/7.0/toolchain/arm/arm-gnu-toolchain/bin/../lib/gcc/arm-none-eabi/6.3.1/../../../../arm-none-eabi/lib/thumb/v6-m\libc_nano.a(lib_a-mlock.o)
                0x0000966e                __malloc_lock
 .text.__malloc_unlock
                0x00009670        0x2 c:/program files (x86)/atmel/studio/7.0/toolchain/arm/arm-gnu-toolchain/bin/../lib/gcc/arm-none-eabi/6.3.1/../../../../arm-none-eabi/lib/thumb/v6-m\libc_nano.a(lib_a-mlock.o)
                0x00009670                __malloc_unlock
 .text._realloc_r
                0x00009672       0x4c c:/program files (x86)/atmel/studio/7.0/toolchain/arm/arm-gnu-toolchain/bin/../lib/gcc/arm-none-eabi/6.3.1/../../../../arm-none-eabi/lib/thumb/v6-m\libc_nano.a(lib_a-nano-reallocr.o)
                0x00009672                _realloc_r
 *fill*         0x000096be        0x2 
 .text._read_r  0x000096c0       0x28 c:/program files (x86)/atmel/studio/7.0/toolchain/arm/arm-gnu-toolchain/bin/../lib/gcc/arm-none-eabi/6.3.1/../../../../arm-none-eabi/lib/thumb/v6-m\libc_nano.a(lib_a-readr.o)
                0x000096c0                _read_r
 .text._malloc_usable_size_r
                0x000096e8       0x10 c:/program files (x86)/atmel/studio/7.0/toolchain/arm/arm-gnu-toolchain/bin/../lib/gcc/arm-none-eabi/6.3.1/../../../../arm-none-eabi/lib/thumb/v6-m\libc_nano.a(lib_a-nano-msizer.o)
                0x000096e8                _malloc_usable_size_r
 *(.glue_7t)
 .glue_7t       0x000096f8        0x0 linker stubs
 *(.glue_7)
 .glue_7        0x000096f8        0x0 linker stubs
 *(.rodata .rodata* .gnu.linkonce.r.*)
 .rodata        0x000096f8       0x18 src/ASF/sam0/drivers/sercom/sercom.o
 .rodata        0x00009710        0xc src/ASF/sam0/drivers/tc/tc_sam_d_r_h/tc.o
 .rodata.ip_addr_any
                0x0000971c        0x4 src/ASF/thirdparty/lwip/lwip-1.4.1/src/core/ipv4/ip_addr.o
                0x0000971c                ip_addr_any
 .rodata.memp_num
                0x00009720       0x12 src/ASF/thirdparty/lwip/lwip-1.4.1/src/core/memp.o
 .rodata.memp_sizes
                0x00009732       0x12 src/ASF/thirdparty/lwip/lwip-1.4.1/src/core/memp.o
 .rodata.pbuf_alloc.cst2
                0x00009744        0x2 src/ASF/thirdparty/lwip/lwip-1.4.1/src/core/pbuf.o
 .rodata.tcp_backoff
                0x00009746        0xd src/ASF/thirdparty/lwip/lwip-1.4.1/src/core/tcp.o
                0x00009746                tcp_backoff
 *fill*         0x00009753        0x1 
 .rodata.tcp_pcb_lists
                0x00009754       0x10 src/ASF/thirdparty/lwip/lwip-1.4.1/src/core/tcp.o
                0x00009754                tcp_pcb_lists
 .rodata.tcp_persist_backoff
                0x00009764        0x7 src/ASF/thirdparty/lwip/lwip-1.4.1/src/core/tcp.o
                0x00009764                tcp_persist_backoff
 .rodata.ethbroadcast
                0x0000976b        0x6 src/ASF/thirdparty/lwip/lwip-1.4.1/src/netif/etharp.o
                0x0000976b                ethbroadcast
 .rodata.ethzero
                0x00009771        0x6 src/ASF/thirdparty/lwip/lwip-1.4.1/src/netif/etharp.o
                0x00009771                ethzero
 .rodata.main.str1.1
                0x00009777       0x5f src/main.o
 .rodata.init_ethernet.str1.1
                0x000097d6       0x1c src/network/ethernet.o
 .rodata.status_callback.str1.1
                0x000097f2       0x22 src/network/ethernet.o
 .rodata.data_404_html
                0x00009814      0x28e src/network/httpserver/fsdata.o
 .rodata.data_index_html
                0x00009aa2      0x800 src/network/httpserver/fsdata.o
 .rodata.favicon
                0x0000a2a2     0x423e src/network/httpserver/fsdata.o
 .rodata.file_404_html
                0x0000e4e0       0x10 src/network/httpserver/fsdata.o
                0x0000e4e0                file_404_html
 .rodata.file_favicon_ico
                0x0000e4f0       0x10 src/network/httpserver/fsdata.o
                0x0000e4f0                file_favicon_ico
 .rodata.file_index_html
                0x0000e500       0x10 src/network/httpserver/fsdata.o
                0x0000e500                file_index_html
 .rodata.file_jquery_js
                0x0000e510       0x10 src/network/httpserver/fsdata.o
                0x0000e510                file_jquery_js
 .rodata.file_style_css
                0x0000e520       0x10 src/network/httpserver/fsdata.o
                0x0000e520                file_style_css
 .rodata.jquery
                0x0000e530    0x170c4 src/network/httpserver/fsdata.o
 .rodata.str1.1
                0x000255f4       0x34 src/network/httpserver/fsdata.o
 .rodata.style  0x00025628      0x90d src/network/httpserver/fsdata.o
 .rodata.cgi_GetStaus.str1.1
                0x00025f35       0x16 src/network/httpserver/httpd.o
 .rodata.cgi_SetLed.str1.1
                0x00025f4b       0x1a src/network/httpserver/httpd.o
 *fill*         0x00025f65        0x3 
 .rodata.http_content_type
                0x00025f68       0x40 src/network/httpserver/httpd.o
 .rodata.http_html_hdr_200
                0x00025fa8       0x12 src/network/httpserver/httpd.o
 .rodata.http_html_hdr_404
                0x00025fba       0x19 src/network/httpserver/httpd.o
 .rodata.http_html_hdr_500
                0x00025fd3       0x25 src/network/httpserver/httpd.o
 .rodata.http_recv.str1.1
                0x00025ff8       0x1a src/network/httpserver/httpd.o
                                  0xf (size before relaxing)
 .rodata.http_server_error
                0x00025ff8      0x140 src/network/httpserver/httpd.o
                0x00025ff8                http_server_error
 .rodata.str1.1
                0x00026138      0x10d src/network/httpserver/httpd.o
                                0x11a (size before relaxing)
 .rodata.tc_interrupt_vectors.11988
                0x00026245        0x3 src/network/timer_mgt.o
 .rodata._global_impure_ptr
                0x00026248        0x4 c:/program files (x86)/atmel/studio/7.0/toolchain/arm/arm-gnu-toolchain/bin/../lib/gcc/arm-none-eabi/6.3.1/../../../../arm-none-eabi/lib/thumb/v6-m\libc_nano.a(lib_a-impure.o)
                0x00026248                _global_impure_ptr
 .rodata.__sf_fake_stderr
                0x0002624c       0x20 c:/program files (x86)/atmel/studio/7.0/toolchain/arm/arm-gnu-toolchain/bin/../lib/gcc/arm-none-eabi/6.3.1/../../../../arm-none-eabi/lib/thumb/v6-m\libc_nano.a(lib_a-findfp.o)
                0x0002624c                __sf_fake_stderr
 .rodata.__sf_fake_stdin
                0x0002626c       0x20 c:/program files (x86)/atmel/studio/7.0/toolchain/arm/arm-gnu-toolchain/bin/../lib/gcc/arm-none-eabi/6.3.1/../../../../arm-none-eabi/lib/thumb/v6-m\libc_nano.a(lib_a-findfp.o)
                0x0002626c                __sf_fake_stdin
 .rodata.__sf_fake_stdout
                0x0002628c       0x20 c:/program files (x86)/atmel/studio/7.0/toolchain/arm/arm-gnu-toolchain/bin/../lib/gcc/arm-none-eabi/6.3.1/../../../../arm-none-eabi/lib/thumb/v6-m\libc_nano.a(lib_a-findfp.o)
                0x0002628c                __sf_fake_stdout
 .rodata._setlocale_r.str1.1
                0x000262ac        0x8 c:/program files (x86)/atmel/studio/7.0/toolchain/arm/arm-gnu-toolchain/bin/../lib/gcc/arm-none-eabi/6.3.1/../../../../arm-none-eabi/lib/thumb/v6-m\libc_nano.a(lib_a-locale.o)
                                  0x9 (size before relaxing)
 .rodata.str1.1
                0x000262b4        0x2 c:/program files (x86)/atmel/studio/7.0/toolchain/arm/arm-gnu-toolchain/bin/../lib/gcc/arm-none-eabi/6.3.1/../../../../arm-none-eabi/lib/thumb/v6-m\libc_nano.a(lib_a-locale.o)
 .rodata._svfprintf_r.str1.1
                0x000262b6       0x11 c:/program files (x86)/atmel/studio/7.0/toolchain/arm/arm-gnu-toolchain/bin/../lib/gcc/arm-none-eabi/6.3.1/../../../../arm-none-eabi/lib/thumb/v6-m\libc_nano.a(lib_a-nano-svfprintf.o)
 .rodata._vfprintf_r.str1.1
                0x000262c7       0x11 c:/program files (x86)/atmel/studio/7.0/toolchain/arm/arm-gnu-toolchain/bin/../lib/gcc/arm-none-eabi/6.3.1/../../../../arm-none-eabi/lib/thumb/v6-m\libc_nano.a(lib_a-nano-vfprintf.o)
 .rodata._printf_i.str1.1
                0x000262c7       0x22 c:/program files (x86)/atmel/studio/7.0/toolchain/arm/arm-gnu-toolchain/bin/../lib/gcc/arm-none-eabi/6.3.1/../../../../arm-none-eabi/lib/thumb/v6-m\libc_nano.a(lib_a-nano-vfprintf_i.o)
 .rodata._ctype_
                0x000262e9      0x101 c:/program files (x86)/atmel/studio/7.0/toolchain/arm/arm-gnu-toolchain/bin/../lib/gcc/arm-none-eabi/6.3.1/../../../../arm-none-eabi/lib/thumb/v6-m\libc_nano.a(lib_a-ctype_.o)
                0x000262e9                _ctype_
 *(.ARM.extab* .gnu.linkonce.armextab.*)
                0x000263ec                . = ALIGN (0x4)
 *fill*         0x000263ea        0x2 
 *(.init)
 .init          0x000263ec        0x4 c:/program files (x86)/atmel/studio/7.0/toolchain/arm/arm-gnu-toolchain/bin/../lib/gcc/arm-none-eabi/6.3.1/thumb/v6-m/crti.o
                0x000263ec                _init
 .init          0x000263f0        0x8 c:/program files (x86)/atmel/studio/7.0/toolchain/arm/arm-gnu-toolchain/bin/../lib/gcc/arm-none-eabi/6.3.1/thumb/v6-m/crtn.o
                0x000263f8                . = ALIGN (0x4)
                0x000263f8                __preinit_array_start = .
 *(.preinit_array)
                0x000263f8                __preinit_array_end = .
                0x000263f8                . = ALIGN (0x4)
                0x000263f8                __init_array_start = .
 *(SORT(.init_array.*))
 *(.init_array)
 .init_array    0x000263f8        0x4 c:/program files (x86)/atmel/studio/7.0/toolchain/arm/arm-gnu-toolchain/bin/../lib/gcc/arm-none-eabi/6.3.1/thumb/v6-m/crtbegin.o
                0x000263fc                __init_array_end = .
                0x000263fc                . = ALIGN (0x4)
 *crtbegin.o(.ctors)
 *(EXCLUDE_FILE(*crtend.o) .ctors)
 *(SORT(.ctors.*))
 *crtend.o(.ctors)
                0x000263fc                . = ALIGN (0x4)
 *(.fini)
 .fini          0x000263fc        0x4 c:/program files (x86)/atmel/studio/7.0/toolchain/arm/arm-gnu-toolchain/bin/../lib/gcc/arm-none-eabi/6.3.1/thumb/v6-m/crti.o
                0x000263fc                _fini
 .fini          0x00026400        0x8 c:/program files (x86)/atmel/studio/7.0/toolchain/arm/arm-gnu-toolchain/bin/../lib/gcc/arm-none-eabi/6.3.1/thumb/v6-m/crtn.o
                0x00026408                . = ALIGN (0x4)
                0x00026408                __fini_array_start = .
 *(.fini_array)
 .fini_array    0x00026408        0x4 c:/program files (x86)/atmel/studio/7.0/toolchain/arm/arm-gnu-toolchain/bin/../lib/gcc/arm-none-eabi/6.3.1/thumb/v6-m/crtbegin.o
 *(SORT(.fini_array.*))
                0x0002640c                __fini_array_end = .
 *crtbegin.o(.dtors)
 *(EXCLUDE_FILE(*crtend.o) .dtors)
 *(SORT(.dtors.*))
 *crtend.o(.dtors)
                0x0002640c                . = ALIGN (0x4)
                0x0002640c                _efixed = .
                [!provide]                PROVIDE (__exidx_start, .)

.vfp11_veneer   0x0002640c        0x0
 .vfp11_veneer  0x0002640c        0x0 linker stubs

.v4_bx          0x0002640c        0x0
 .v4_bx         0x0002640c        0x0 linker stubs

.iplt           0x0002640c        0x0
 .iplt          0x0002640c        0x0 c:/program files (x86)/atmel/studio/7.0/toolchain/arm/arm-gnu-toolchain/bin/../lib/gcc/arm-none-eabi/6.3.1/thumb/v6-m/crtbegin.o

.eh_frame       0x0002640c        0x0
 .eh_frame      0x0002640c        0x0 c:/program files (x86)/atmel/studio/7.0/toolchain/arm/arm-gnu-toolchain/bin/../lib/gcc/arm-none-eabi/6.3.1/thumb/v6-m/crtbegin.o

.rel.dyn        0x0002640c        0x0
 .rel.iplt      0x0002640c        0x0 c:/program files (x86)/atmel/studio/7.0/toolchain/arm/arm-gnu-toolchain/bin/../lib/gcc/arm-none-eabi/6.3.1/thumb/v6-m/crtbegin.o

.jcr            0x0002640c        0x0
 .jcr           0x0002640c        0x0 c:/program files (x86)/atmel/studio/7.0/toolchain/arm/arm-gnu-toolchain/bin/../lib/gcc/arm-none-eabi/6.3.1/thumb/v6-m/crtbegin.o

.igot.plt       0x0002640c        0x0
 .igot.plt      0x0002640c        0x0 c:/program files (x86)/atmel/studio/7.0/toolchain/arm/arm-gnu-toolchain/bin/../lib/gcc/arm-none-eabi/6.3.1/thumb/v6-m/crtbegin.o

.ARM.exidx
 *(.ARM.exidx* .gnu.linkonce.armexidx.*)
                [!provide]                PROVIDE (__exidx_end, .)
                0x0002640c                . = ALIGN (0x4)
                0x0002640c                _etext = .

.relocate       0x20000000      0x22c load address 0x0002640c
                0x20000000                . = ALIGN (0x4)
                0x20000000                _srelocate = .
 *(.ramfunc .ramfunc.*)
 *(.data .data.*)
 .data.cycles_per_ms
                0x20000000        0x4 src/ASF/common2/services/delay/sam0/systick_counter.o
 .data.cycles_per_us
                0x20000004        0x4 src/ASF/common2/services/delay/sam0/systick_counter.o
 .data.g_interrupt_enabled
                0x20000008        0x1 src/ASF/common/utils/interrupt/interrupt_sam_nvic.o
                0x20000008                g_interrupt_enabled
 *fill*         0x20000009        0x3 
 .data.iss.12387
                0x2000000c        0x4 src/ASF/thirdparty/lwip/lwip-1.4.1/src/core/tcp.o
 .data.tcp_port
                0x20000010        0x2 src/ASF/thirdparty/lwip/lwip-1.4.1/src/core/tcp.o
 *fill*         0x20000012        0x2 
 .data.gs_timers_table
                0x20000014       0x24 src/network/ethernet.o
 .data.cgi_table
                0x20000038       0x24 src/network/httpserver/httpd.o
                0x20000038                cgi_table
 .data._impure_ptr
                0x2000005c        0x4 c:/program files (x86)/atmel/studio/7.0/toolchain/arm/arm-gnu-toolchain/bin/../lib/gcc/arm-none-eabi/6.3.1/../../../../arm-none-eabi/lib/thumb/v6-m\libc_nano.a(lib_a-impure.o)
                0x2000005c                _impure_ptr
 .data.impure_data
                0x20000060       0x60 c:/program files (x86)/atmel/studio/7.0/toolchain/arm/arm-gnu-toolchain/bin/../lib/gcc/arm-none-eabi/6.3.1/../../../../arm-none-eabi/lib/thumb/v6-m\libc_nano.a(lib_a-impure.o)
 .data.__global_locale
                0x200000c0      0x16c c:/program files (x86)/atmel/studio/7.0/toolchain/arm/arm-gnu-toolchain/bin/../lib/gcc/arm-none-eabi/6.3.1/../../../../arm-none-eabi/lib/thumb/v6-m\libc_nano.a(lib_a-locale.o)
                0x200000c0                __global_locale
                0x2000022c                . = ALIGN (0x4)
                0x2000022c                _erelocate = .

.bss            0x20000230     0x5190 load address 0x00026640
                0x20000230                . = ALIGN (0x4)
                0x20000230                _sbss = .
                0x20000230                _szero = .
 *(.bss .bss.*)
 .bss           0x20000230       0x1c c:/program files (x86)/atmel/studio/7.0/toolchain/arm/arm-gnu-toolchain/bin/../lib/gcc/arm-none-eabi/6.3.1/thumb/v6-m/crtbegin.o
 .bss.cpu_irq_critical_section_counter
                0x2000024c        0x4 src/ASF/common/utils/interrupt/interrupt_sam_nvic.o
 .bss.cpu_irq_prev_interrupt_state
                0x20000250        0x1 src/ASF/common/utils/interrupt/interrupt_sam_nvic.o
 .bss.frameID.12469
                0x20000251        0x1 src/ASF/sam0/components/ethernet_phy/ksz8851snl/ksz8851snl.o
 .bss._sercom_config
                0x20000252        0x2 src/ASF/sam0/drivers/sercom/sercom.o
 .bss._handler_table_initialized
                0x20000254        0x1 src/ASF/sam0/drivers/sercom/sercom_interrupt.o
 *fill*         0x20000255        0x3 
 .bss._sercom_interrupt_handlers
                0x20000258       0x18 src/ASF/sam0/drivers/sercom/sercom_interrupt.o
 .bss._system_clock_inst
                0x20000270       0x18 src/ASF/sam0/drivers/system/clock/clock_samd21_r21_da_ha1/clock.o
 .bss.heap.5296
                0x20000288        0x4 src/ASF/sam0/utils/syscalls/gcc/syscalls.o
 .bss.ip_id     0x2000028c        0x2 src/ASF/thirdparty/lwip/lwip-1.4.1/src/core/ipv4/ip.o
 .bss.str.11608
                0x2000028e       0x10 src/ASF/thirdparty/lwip/lwip-1.4.1/src/core/ipv4/ip_addr.o
 .bss.ip_reass_pbufcount
                0x2000029e        0x2 src/ASF/thirdparty/lwip/lwip-1.4.1/src/core/ipv4/ip_frag.o
 .bss.reassdatagrams
                0x200002a0        0x4 src/ASF/thirdparty/lwip/lwip-1.4.1/src/core/ipv4/ip_frag.o
 .bss.next_timeout
                0x200002a4        0x4 src/ASF/thirdparty/lwip/lwip-1.4.1/src/core/lwip_timers_141.o
 .bss.tcpip_tcp_timer_active
                0x200002a8        0x4 src/ASF/thirdparty/lwip/lwip-1.4.1/src/core/lwip_timers_141.o
 .bss.timeouts_last_time
                0x200002ac        0x4 src/ASF/thirdparty/lwip/lwip-1.4.1/src/core/lwip_timers_141.o
 .bss.lfree     0x200002b0        0x4 src/ASF/thirdparty/lwip/lwip-1.4.1/src/core/mem.o
 .bss.ram       0x200002b4        0x4 src/ASF/thirdparty/lwip/lwip-1.4.1/src/core/mem.o
 .bss.ram_end   0x200002b8        0x4 src/ASF/thirdparty/lwip/lwip-1.4.1/src/core/mem.o
 .bss.memp_memory
                0x200002bc     0x210f src/ASF/thirdparty/lwip/lwip-1.4.1/src/core/memp.o
 *fill*         0x200023cb        0x1 
 .bss.memp_tab  0x200023cc       0x24 src/ASF/thirdparty/lwip/lwip-1.4.1/src/core/memp.o
 .bss.netif_num
                0x200023f0        0x1 src/ASF/thirdparty/lwip/lwip-1.4.1/src/core/netif.o
 .bss.tcp_timer
                0x200023f1        0x1 src/ASF/thirdparty/lwip/lwip-1.4.1/src/core/tcp.o
 .bss.tcp_timer_ctr
                0x200023f2        0x1 src/ASF/thirdparty/lwip/lwip-1.4.1/src/core/tcp.o
 *fill*         0x200023f3        0x1 
 .bss.ackno     0x200023f4        0x4 src/ASF/thirdparty/lwip/lwip-1.4.1/src/core/tcp_in.o
 .bss.flags     0x200023f8        0x1 src/ASF/thirdparty/lwip/lwip-1.4.1/src/core/tcp_in.o
 *fill*         0x200023f9        0x3 
 .bss.inseg     0x200023fc       0x10 src/ASF/thirdparty/lwip/lwip-1.4.1/src/core/tcp_in.o
 .bss.recv_data
                0x2000240c        0x4 src/ASF/thirdparty/lwip/lwip-1.4.1/src/core/tcp_in.o
 .bss.recv_flags
                0x20002410        0x1 src/ASF/thirdparty/lwip/lwip-1.4.1/src/core/tcp_in.o
 *fill*         0x20002411        0x3 
 .bss.seqno     0x20002414        0x4 src/ASF/thirdparty/lwip/lwip-1.4.1/src/core/tcp_in.o
 .bss.tcphdr    0x20002418        0x4 src/ASF/thirdparty/lwip/lwip-1.4.1/src/core/tcp_in.o
 .bss.tcplen    0x2000241c        0x2 src/ASF/thirdparty/lwip/lwip-1.4.1/src/core/tcp_in.o
 *fill*         0x2000241e        0x2 
 .bss.arp_table
                0x20002420       0xc8 src/ASF/thirdparty/lwip/lwip-1.4.1/src/netif/etharp.o
 .bss.etharp_cached_entry
                0x200024e8        0x1 src/ASF/thirdparty/lwip/lwip-1.4.1/src/netif/etharp.o
 *fill*         0x200024e9        0x3 
 .bss.g_intn_flag
                0x200024ec        0x4 src/ASF/thirdparty/lwip/lwip-port-1.4.1/sam/netif/sam0_spi_ksz8851snl.o
                0x200024ec                g_intn_flag
 .bss.gs_ksz8851snl_dev
                0x200024f0       0x34 src/ASF/thirdparty/lwip/lwip-port-1.4.1/sam/netif/sam0_spi_ksz8851snl.o
 .bss.pending_frame
                0x20002524        0x2 src/ASF/thirdparty/lwip/lwip-port-1.4.1/sam/netif/sam0_spi_ksz8851snl.o
 *fill*         0x20002526        0x2 
 .bss.usart_instance
                0x20002528       0x34 src/main.o
 .bss.ul_last_time.13018
                0x2000255c        0x4 src/network/ethernet.o
 .bss.decoded_str
                0x20002560       0x50 src/network/httpserver/httpd.o
 .bss.key_value
                0x200025b0       0x50 src/network/httpserver/httpd.o
 .bss.req_string
                0x20002600       0x50 src/network/httpserver/httpd.o
 .bss.gs_ul_clk_tick
                0x20002650        0x4 src/network/timer_mgt.o
 .bss.__malloc_free_list
                0x20002654        0x4 c:/program files (x86)/atmel/studio/7.0/toolchain/arm/arm-gnu-toolchain/bin/../lib/gcc/arm-none-eabi/6.3.1/../../../../arm-none-eabi/lib/thumb/v6-m\libc_nano.a(lib_a-nano-mallocr.o)
                0x20002654                __malloc_free_list
 .bss.__malloc_sbrk_start
                0x20002658        0x4 c:/program files (x86)/atmel/studio/7.0/toolchain/arm/arm-gnu-toolchain/bin/../lib/gcc/arm-none-eabi/6.3.1/../../../../arm-none-eabi/lib/thumb/v6-m\libc_nano.a(lib_a-nano-mallocr.o)
                0x20002658                __malloc_sbrk_start
 *(COMMON)
 COMMON         0x2000265c       0x3f src/ASF/sam0/components/ethernet_phy/ksz8851snl/ksz8851snl.o
                0x2000265c                ksz8851snl_master
                0x20002698                ksz8851snl_slave
 COMMON         0x2000269b        0x1 src/ASF/sam0/drivers/extint/extint_callback.o
                0x2000269b                _current_channel
 COMMON         0x2000269c       0x40 src/ASF/sam0/drivers/extint/extint_sam_d_r_h/extint.o
                0x2000269c                _extint_dev
 COMMON         0x200026dc       0x18 src/ASF/sam0/drivers/sercom/sercom_interrupt.o
                0x200026dc                _sercom_instances
 COMMON         0x200026f4        0x2 src/ASF/sam0/drivers/sercom/spi/spi_interrupt.o
                0x200026f4                dummy_write
 *fill*         0x200026f6        0x2 
 COMMON         0x200026f8        0xc src/ASF/sam0/drivers/tc/tc_interrupt.o
                0x200026f8                _tc_instances
 COMMON         0x20002704        0x4 src/ASF/sam0/utils/stdio/read.o
                0x20002704                ptr_get
 COMMON         0x20002708        0x8 src/ASF/sam0/utils/stdio/write.o
                0x20002708                ptr_put
                0x2000270c                stdio_base
 COMMON         0x20002710       0x10 src/ASF/thirdparty/lwip/lwip-1.4.1/src/core/ipv4/ip.o
                0x20002710                current_iphdr_src
                0x20002714                current_netif
                0x20002718                current_iphdr_dest
                0x2000271c                current_header
 COMMON         0x20002720     0x2814 src/ASF/thirdparty/lwip/lwip-1.4.1/src/core/mem.o
                0x20002720                ram_heap
 COMMON         0x20004f34        0x8 src/ASF/thirdparty/lwip/lwip-1.4.1/src/core/netif.o
                0x20004f34                netif_list
                0x20004f38                netif_default
 COMMON         0x20004f3c        0x1 src/ASF/thirdparty/lwip/lwip-1.4.1/src/core/pbuf.o
                0x20004f3c                pbuf_free_ooseq_pending
 *fill*         0x20004f3d        0x3 
 COMMON         0x20004f40       0x1c src/ASF/thirdparty/lwip/lwip-1.4.1/src/core/tcp.o
                0x20004f40                tcp_active_pcbs_changed
                0x20004f44                tcp_active_pcbs
                0x20004f48                tcp_ticks
                0x20004f4c                tcp_listen_pcbs
                0x20004f50                tcp_tmp_pcb
                0x20004f54                tcp_bound_pcbs
                0x20004f58                tcp_tw_pcbs
 COMMON         0x20004f5c        0x4 src/ASF/thirdparty/lwip/lwip-1.4.1/src/core/tcp_in.o
                0x20004f5c                tcp_input_pcb
 COMMON         0x20004f60        0x4 src/ASF/thirdparty/lwip/lwip-1.4.1/src/core/udp.o
                0x20004f60                udp_pcbs
 COMMON         0x20004f64       0x34 src/network/ethernet.o
                0x20004f64                gs_net_if
 COMMON         0x20004f98      0x408 src/network/httpserver/httpd.o
                0x20004f98                g_hs
                0x20004f9c                g_pcb
                0x20004fa0                tx_buf
 COMMON         0x200053a0       0x1c src/network/timer_mgt.o
                0x200053a0                tc_instance
 COMMON         0x200053bc        0x4 c:/program files (x86)/atmel/studio/7.0/toolchain/arm/arm-gnu-toolchain/bin/../lib/gcc/arm-none-eabi/6.3.1/../../../../arm-none-eabi/lib/thumb/v6-m\libc_nano.a(lib_a-reent.o)
                0x200053bc                errno
                0x200053c0                . = ALIGN (0x4)
                0x200053c0                _ebss = .
                0x200053c0                _ezero = .

.stack          0x200053c0      0xa00 load address 0x0002b7d0
                0x200053c0                . = ALIGN (0x8)
                0x200053c0                _sstack = .
                0x20005dc0                . = (. + STACK_SIZE)
 *fill*         0x200053c0      0xa00 
                0x20005dc0                . = ALIGN (0x8)
                0x20005dc0                _estack = .
                0x20005dc0                . = ALIGN (0x4)
                0x20005dc0                _end = .
OUTPUT(THIRDPARTY_LWIP_RAW_BASIC_HTTP_EXAMPLE_AJAX.elf elf32-littlearm)

.ARM.attributes
                0x00000000       0x28
 .ARM.attributes
                0x00000000       0x1e c:/program files (x86)/atmel/studio/7.0/toolchain/arm/arm-gnu-toolchain/bin/../lib/gcc/arm-none-eabi/6.3.1/thumb/v6-m/crti.o
 .ARM.attributes
                0x0000001e       0x2c c:/program files (x86)/atmel/studio/7.0/toolchain/arm/arm-gnu-toolchain/bin/../lib/gcc/arm-none-eabi/6.3.1/thumb/v6-m/crtbegin.o
 .ARM.attributes
                0x0000004a       0x32 src/ASF/common2/services/delay/sam0/systick_counter.o
 .ARM.attributes
                0x0000007c       0x32 src/ASF/common/utils/interrupt/interrupt_sam_nvic.o
 .ARM.attributes
                0x000000ae       0x32 src/ASF/sam0/boards/samr21_xplained_pro/board_init.o
 .ARM.attributes
                0x000000e0       0x32 src/ASF/sam0/components/ethernet_phy/ksz8851snl/ksz8851snl.o
 .ARM.attributes
                0x00000112       0x32 src/ASF/sam0/drivers/extint/extint_callback.o
 .ARM.attributes
                0x00000144       0x32 src/ASF/sam0/drivers/extint/extint_sam_d_r_h/extint.o
 .ARM.attributes
                0x00000176       0x32 src/ASF/sam0/drivers/port/port.o
 .ARM.attributes
                0x000001a8       0x32 src/ASF/sam0/drivers/sercom/sercom.o
 .ARM.attributes
                0x000001da       0x32 src/ASF/sam0/drivers/sercom/sercom_interrupt.o
 .ARM.attributes
                0x0000020c       0x32 src/ASF/sam0/drivers/sercom/spi/spi.o
 .ARM.attributes
                0x0000023e       0x32 src/ASF/sam0/drivers/sercom/spi/spi_interrupt.o
 .ARM.attributes
                0x00000270       0x32 src/ASF/sam0/drivers/sercom/usart/usart.o
 .ARM.attributes
                0x000002a2       0x32 src/ASF/sam0/drivers/sercom/usart/usart_interrupt.o
 .ARM.attributes
                0x000002d4       0x32 src/ASF/sam0/drivers/system/clock/clock_samd21_r21_da_ha1/clock.o
 .ARM.attributes
                0x00000306       0x32 src/ASF/sam0/drivers/system/clock/clock_samd21_r21_da_ha1/gclk.o
 .ARM.attributes
                0x00000338       0x32 src/ASF/sam0/drivers/system/pinmux/pinmux.o
 .ARM.attributes
                0x0000036a       0x32 src/ASF/sam0/drivers/system/system.o
 .ARM.attributes
                0x0000039c       0x32 src/ASF/sam0/drivers/tc/tc_interrupt.o
 .ARM.attributes
                0x000003ce       0x32 src/ASF/sam0/drivers/tc/tc_sam_d_r_h/tc.o
 .ARM.attributes
                0x00000400       0x32 src/ASF/sam0/utils/cmsis/samr21/source/gcc/startup_samr21.o
 .ARM.attributes
                0x00000432       0x32 src/ASF/sam0/utils/stdio/read.o
 .ARM.attributes
                0x00000464       0x32 src/ASF/sam0/utils/stdio/write.o
 .ARM.attributes
                0x00000496       0x32 src/ASF/sam0/utils/syscalls/gcc/syscalls.o
 .ARM.attributes
                0x000004c8       0x32 src/ASF/thirdparty/lwip/lwip-1.4.1/src/core/def.o
 .ARM.attributes
                0x000004fa       0x32 src/ASF/thirdparty/lwip/lwip-1.4.1/src/core/ipv4/icmp.o
 .ARM.attributes
                0x0000052c       0x32 src/ASF/thirdparty/lwip/lwip-1.4.1/src/core/ipv4/inet_chksum.o
 .ARM.attributes
                0x0000055e       0x32 src/ASF/thirdparty/lwip/lwip-1.4.1/src/core/ipv4/ip.o
 .ARM.attributes
                0x00000590       0x32 src/ASF/thirdparty/lwip/lwip-1.4.1/src/core/ipv4/ip_addr.o
 .ARM.attributes
                0x000005c2       0x32 src/ASF/thirdparty/lwip/lwip-1.4.1/src/core/ipv4/ip_frag.o
 .ARM.attributes
                0x000005f4       0x32 src/ASF/thirdparty/lwip/lwip-1.4.1/src/core/lwip_init.o
 .ARM.attributes
                0x00000626       0x32 src/ASF/thirdparty/lwip/lwip-1.4.1/src/core/lwip_timers_141.o
 .ARM.attributes
                0x00000658       0x32 src/ASF/thirdparty/lwip/lwip-1.4.1/src/core/mem.o
 .ARM.attributes
                0x0000068a       0x32 src/ASF/thirdparty/lwip/lwip-1.4.1/src/core/memp.o
 .ARM.attributes
                0x000006bc       0x32 src/ASF/thirdparty/lwip/lwip-1.4.1/src/core/netif.o
 .ARM.attributes
                0x000006ee       0x32 src/ASF/thirdparty/lwip/lwip-1.4.1/src/core/pbuf.o
 .ARM.attributes
                0x00000720       0x32 src/ASF/thirdparty/lwip/lwip-1.4.1/src/core/tcp.o
 .ARM.attributes
                0x00000752       0x32 src/ASF/thirdparty/lwip/lwip-1.4.1/src/core/tcp_in.o
 .ARM.attributes
                0x00000784       0x32 src/ASF/thirdparty/lwip/lwip-1.4.1/src/core/tcp_out.o
 .ARM.attributes
                0x000007b6       0x32 src/ASF/thirdparty/lwip/lwip-1.4.1/src/core/udp.o
 .ARM.attributes
                0x000007e8       0x32 src/ASF/thirdparty/lwip/lwip-1.4.1/src/netif/etharp.o
 .ARM.attributes
                0x0000081a       0x32 src/ASF/thirdparty/lwip/lwip-port-1.4.1/sam/netif/sam0_spi_ksz8851snl.o
 .ARM.attributes
                0x0000084c       0x32 src/main.o
 .ARM.attributes
                0x0000087e       0x32 src/network/ethernet.o
 .ARM.attributes
                0x000008b0       0x32 src/network/httpserver/fs.o
 .ARM.attributes
                0x000008e2       0x32 src/network/httpserver/fsdata.o
 .ARM.attributes
                0x00000914       0x32 src/network/httpserver/httpd.o
 .ARM.attributes
                0x00000946       0x32 src/network/timer_mgt.o
 .ARM.attributes
                0x00000978       0x1e c:/program files (x86)/atmel/studio/7.0/toolchain/arm/arm-gnu-toolchain/bin/../lib/gcc/arm-none-eabi/6.3.1/thumb/v6-m\libgcc.a(_thumb1_case_sqi.o)
 .ARM.attributes
                0x00000996       0x1e c:/program files (x86)/atmel/studio/7.0/toolchain/arm/arm-gnu-toolchain/bin/../lib/gcc/arm-none-eabi/6.3.1/thumb/v6-m\libgcc.a(_thumb1_case_uqi.o)
 .ARM.attributes
                0x000009b4       0x1e c:/program files (x86)/atmel/studio/7.0/toolchain/arm/arm-gnu-toolchain/bin/../lib/gcc/arm-none-eabi/6.3.1/thumb/v6-m\libgcc.a(_thumb1_case_uhi.o)
 .ARM.attributes
                0x000009d2       0x1e c:/program files (x86)/atmel/studio/7.0/toolchain/arm/arm-gnu-toolchain/bin/../lib/gcc/arm-none-eabi/6.3.1/thumb/v6-m\libgcc.a(_udivsi3.o)
 .ARM.attributes
                0x000009f0       0x1e c:/program files (x86)/atmel/studio/7.0/toolchain/arm/arm-gnu-toolchain/bin/../lib/gcc/arm-none-eabi/6.3.1/thumb/v6-m\libgcc.a(_divsi3.o)
 .ARM.attributes