Archive member included to satisfy reference by file (symbol)

c:/program files (x86)/atmel/studio/7.0/toolchain/arm/arm-gnu-toolchain/bin/../lib/gcc/arm-none-eabi/6.3.1/thumb/v6-m\libgcc.a(_thumb1_case_uqi.o)
                              src/ASF/sam0/drivers/sercom/sercom.o (__gnu_thumb1_case_uqi)
c:/program files (x86)/atmel/studio/7.0/toolchain/arm/arm-gnu-toolchain/bin/../lib/gcc/arm-none-eabi/6.3.1/thumb/v6-m\libgcc.a(_thumb1_case_shi.o)
                              src/ASF/thirdparty/wireless/SmartConnect_6LoWPAN/core/net/ipv6/uip6.o (__gnu_thumb1_case_shi)
c:/program files (x86)/atmel/studio/7.0/toolchain/arm/arm-gnu-toolchain/bin/../lib/gcc/arm-none-eabi/6.3.1/thumb/v6-m\libgcc.a(_thumb1_case_uhi.o)
                              src/ASF/thirdparty/wireless/SmartConnect_6LoWPAN/core/net/ipv6/sicslowpan.o (__gnu_thumb1_case_uhi)
c:/program files (x86)/atmel/studio/7.0/toolchain/arm/arm-gnu-toolchain/bin/../lib/gcc/arm-none-eabi/6.3.1/thumb/v6-m\libgcc.a(_udivsi3.o)
                              src/ASF/common2/services/delay/sam0/systick_counter.o (__aeabi_uidiv)
c:/program files (x86)/atmel/studio/7.0/toolchain/arm/arm-gnu-toolchain/bin/../lib/gcc/arm-none-eabi/6.3.1/thumb/v6-m\libgcc.a(_divsi3.o)
                              src/ASF/thirdparty/wireless/SmartConnect_6LoWPAN/core/lib/ifft.o (__aeabi_idiv)
c:/program files (x86)/atmel/studio/7.0/toolchain/arm/arm-gnu-toolchain/bin/../lib/gcc/arm-none-eabi/6.3.1/thumb/v6-m\libgcc.a(_dvmd_tls.o)
                              c:/program files (x86)/atmel/studio/7.0/toolchain/arm/arm-gnu-toolchain/bin/../lib/gcc/arm-none-eabi/6.3.1/thumb/v6-m\libgcc.a(_udivsi3.o) (__aeabi_idiv0)
c:/program files (x86)/atmel/studio/7.0/toolchain/arm/arm-gnu-toolchain/bin/../lib/gcc/arm-none-eabi/6.3.1/thumb/v6-m\libgcc.a(_ashldi3.o)
                              src/ASF/sam0/drivers/sercom/sercom.o (__aeabi_llsl)
c:/program files (x86)/atmel/studio/7.0/toolchain/arm/arm-gnu-toolchain/bin/../lib/gcc/arm-none-eabi/6.3.1/thumb/v6-m\libgcc.a(_muldi3.o)
                              src/ASF/sam0/drivers/sercom/sercom.o (__aeabi_lmul)
c:/program files (x86)/atmel/studio/7.0/toolchain/arm/arm-gnu-toolchain/bin/../lib/gcc/arm-none-eabi/6.3.1/thumb/v6-m\libgcc.a(addsf3.o)
                              src/ASF/thirdparty/wireless/SmartConnect_6LoWPAN/services/sam0/sam0_sensors.o (__aeabi_fadd)
c:/program files (x86)/atmel/studio/7.0/toolchain/arm/arm-gnu-toolchain/bin/../lib/gcc/arm-none-eabi/6.3.1/thumb/v6-m\libgcc.a(divsf3.o)
                              src/ASF/thirdparty/wireless/SmartConnect_6LoWPAN/services/sam0/sam0_sensors.o (__aeabi_fdiv)
c:/program files (x86)/atmel/studio/7.0/toolchain/arm/arm-gnu-toolchain/bin/../lib/gcc/arm-none-eabi/6.3.1/thumb/v6-m\libgcc.a(mulsf3.o)
                              src/ASF/thirdparty/wireless/SmartConnect_6LoWPAN/services/sam0/sam0_sensors.o (__aeabi_fmul)
c:/program files (x86)/atmel/studio/7.0/toolchain/arm/arm-gnu-toolchain/bin/../lib/gcc/arm-none-eabi/6.3.1/thumb/v6-m\libgcc.a(subsf3.o)
                              src/ASF/thirdparty/wireless/SmartConnect_6LoWPAN/services/sam0/sam0_sensors.o (__aeabi_fsub)
c:/program files (x86)/atmel/studio/7.0/toolchain/arm/arm-gnu-toolchain/bin/../lib/gcc/arm-none-eabi/6.3.1/thumb/v6-m\libgcc.a(floatunsisf.o)
                              src/ASF/thirdparty/wireless/SmartConnect_6LoWPAN/services/sam0/sam0_sensors.o (__aeabi_ui2f)
c:/program files (x86)/atmel/studio/7.0/toolchain/arm/arm-gnu-toolchain/bin/../lib/gcc/arm-none-eabi/6.3.1/thumb/v6-m\libgcc.a(adddf3.o)
                              src/ASF/sam0/drivers/sercom/i2c/i2c_sam0/i2c_master.o (__aeabi_dadd)
c:/program files (x86)/atmel/studio/7.0/toolchain/arm/arm-gnu-toolchain/bin/../lib/gcc/arm-none-eabi/6.3.1/thumb/v6-m\libgcc.a(divdf3.o)
                              src/ASF/sam0/drivers/sercom/i2c/i2c_sam0/i2c_master.o (__aeabi_ddiv)
c:/program files (x86)/atmel/studio/7.0/toolchain/arm/arm-gnu-toolchain/bin/../lib/gcc/arm-none-eabi/6.3.1/thumb/v6-m\libgcc.a(muldf3.o)
                              src/ASF/sam0/drivers/sercom/i2c/i2c_sam0/i2c_master.o (__aeabi_dmul)
c:/program files (x86)/atmel/studio/7.0/toolchain/arm/arm-gnu-toolchain/bin/../lib/gcc/arm-none-eabi/6.3.1/thumb/v6-m\libgcc.a(subdf3.o)
                              src/ASF/sam0/drivers/sercom/i2c/i2c_sam0/i2c_master.o (__aeabi_dsub)
c:/program files (x86)/atmel/studio/7.0/toolchain/arm/arm-gnu-toolchain/bin/../lib/gcc/arm-none-eabi/6.3.1/thumb/v6-m\libgcc.a(fixdfsi.o)
                              src/ASF/sam0/drivers/sercom/i2c/i2c_sam0/i2c_master.o (__aeabi_d2iz)
c:/program files (x86)/atmel/studio/7.0/toolchain/arm/arm-gnu-toolchain/bin/../lib/gcc/arm-none-eabi/6.3.1/thumb/v6-m\libgcc.a(floatunsidf.o)
                              src/ASF/sam0/drivers/sercom/i2c/i2c_sam0/i2c_master.o (__aeabi_ui2d)
[...]
Memory Configuration

Name             Origin             Length             Attributes
rom              0x00000000         0x00040000         xr
ram              0x20000000         0x00008000         xrw
*default*        0x00000000         0xffffffff

Linker script and memory map

LOAD c:/program files (x86)/atmel/studio/7.0/toolchain/arm/arm-gnu-toolchain/bin/../lib/gcc/arm-none-eabi/6.3.1/thumb/v6-m/crti.o
LOAD c:/program files (x86)/atmel/studio/7.0/toolchain/arm/arm-gnu-toolchain/bin/../lib/gcc/arm-none-eabi/6.3.1/thumb/v6-m/crtbegin.o
LOAD c:/program files (x86)/atmel/studio/7.0/toolchain/arm/arm-gnu-toolchain/bin/../lib/gcc/arm-none-eabi/6.3.1/../../../../arm-none-eabi/lib/thumb/v6-m/crt0.o
LOAD src/ASF/common2/services/delay/sam0/systick_counter.o
LOAD src/ASF/common/utils/interrupt/interrupt_sam_nvic.o
LOAD src/ASF/sam0/boards/samr21_xplained_pro/board_init.o
LOAD src/ASF/sam0/drivers/extint/extint_callback.o
LOAD src/ASF/sam0/drivers/extint/extint_sam_d_r_h/extint.o
LOAD src/ASF/sam0/drivers/nvm/nvm.o
LOAD src/ASF/sam0/drivers/port/port.o
LOAD src/ASF/sam0/drivers/rtc/rtc_sam_d_r_h/rtc_count.o
LOAD src/ASF/sam0/drivers/rtc/rtc_sam_d_r_h/rtc_count_interrupt.o
LOAD src/ASF/sam0/drivers/sercom/i2c/i2c_sam0/i2c_master.o
LOAD src/ASF/sam0/drivers/sercom/sercom.o
LOAD src/ASF/sam0/drivers/sercom/sercom_interrupt.o
LOAD src/ASF/sam0/drivers/sercom/spi/spi.o
LOAD src/ASF/sam0/drivers/sercom/usart/usart.o
LOAD src/ASF/sam0/drivers/sercom/usart/usart_interrupt.o
LOAD src/ASF/sam0/drivers/system/clock/clock_samd21_r21_da_ha1/clock.o
LOAD src/ASF/sam0/drivers/system/clock/clock_samd21_r21_da_ha1/gclk.o
LOAD src/ASF/sam0/drivers/system/interrupt/system_interrupt.o
LOAD src/ASF/sam0/drivers/system/pinmux/pinmux.o
LOAD src/ASF/sam0/drivers/system/system.o
LOAD src/ASF/sam0/drivers/tc/tc_interrupt.o
LOAD src/ASF/sam0/drivers/tc/tc_sam_d_r_h/tc.o
LOAD src/ASF/sam0/drivers/wdt/wdt.o
LOAD src/ASF/sam0/drivers/wdt/wdt_callback.o
LOAD src/ASF/sam0/utils/cmsis/samr21/source/gcc/startup_samr21.o
LOAD src/ASF/sam0/utils/cmsis/samr21/source/system_samr21.o
LOAD src/ASF/sam0/utils/stdio/read.o
LOAD src/ASF/sam0/utils/stdio/write.o
LOAD src/ASF/sam0/utils/syscalls/gcc/syscalls.o
LOAD src/ASF/thirdparty/wireless/addons/sio2host/uart/sio2host.o
LOAD src/ASF/thirdparty/wireless/services/trx_access/trx_access.o
LOAD src/ASF/thirdparty/wireless/SmartConnect_6LoWPAN/apps/aes/aes-ccm.o
LOAD src/ASF/thirdparty/wireless/SmartConnect_6LoWPAN/apps/aes/aes.o
LOAD src/ASF/thirdparty/wireless/SmartConnect_6LoWPAN/apps/aes/netstack-aes.o
LOAD src/ASF/thirdparty/wireless/SmartConnect_6LoWPAN/apps/ip64-addr/ip64-addr.o
LOAD src/ASF/thirdparty/wireless/SmartConnect_6LoWPAN/apps/led_control/ledctrl.o
LOAD src/ASF/thirdparty/wireless/SmartConnect_6LoWPAN/apps/mdns/mdns.o
LOAD src/ASF/thirdparty/wireless/SmartConnect_6LoWPAN/apps/servreg-hack/servreg-hack.o
LOAD src/ASF/thirdparty/wireless/SmartConnect_6LoWPAN/apps/simple-rpl/simple-rpl.o
LOAD src/ASF/thirdparty/wireless/SmartConnect_6LoWPAN/core/dev/leds.o
LOAD src/ASF/thirdparty/wireless/SmartConnect_6LoWPAN/core/dev/nullradio.o
LOAD src/ASF/thirdparty/wireless/SmartConnect_6LoWPAN/core/dev/serial-line.o
LOAD src/ASF/thirdparty/wireless/SmartConnect_6LoWPAN/core/dev/slip.o
LOAD src/ASF/thirdparty/wireless/SmartConnect_6LoWPAN/core/lib/assert.o
LOAD src/ASF/thirdparty/wireless/SmartConnect_6LoWPAN/core/lib/crc16.o
LOAD src/ASF/thirdparty/wireless/SmartConnect_6LoWPAN/core/lib/gcr.o
LOAD src/ASF/thirdparty/wireless/SmartConnect_6LoWPAN/core/lib/ifft.o
LOAD src/ASF/thirdparty/wireless/SmartConnect_6LoWPAN/core/lib/list.o
LOAD src/ASF/thirdparty/wireless/SmartConnect_6LoWPAN/core/lib/me.o
LOAD src/ASF/thirdparty/wireless/SmartConnect_6LoWPAN/core/lib/memb.o
LOAD src/ASF/thirdparty/wireless/SmartConnect_6LoWPAN/core/lib/me_tabs.o
LOAD src/ASF/thirdparty/wireless/SmartConnect_6LoWPAN/core/lib/mmem.o
LOAD src/ASF/thirdparty/wireless/SmartConnect_6LoWPAN/core/lib/petsciiconv.o
LOAD src/ASF/thirdparty/wireless/SmartConnect_6LoWPAN/core/lib/print-stats.o
LOAD src/ASF/thirdparty/wireless/SmartConnect_6LoWPAN/core/lib/random.o
LOAD src/ASF/thirdparty/wireless/SmartConnect_6LoWPAN/core/lib/ringbuf.o
LOAD src/ASF/thirdparty/wireless/SmartConnect_6LoWPAN/core/lib/sensors.o
LOAD src/ASF/thirdparty/wireless/SmartConnect_6LoWPAN/core/lib/trickle-timer.o
LOAD src/ASF/thirdparty/wireless/SmartConnect_6LoWPAN/core/net/ipv4/uaodv-rt.o
LOAD src/ASF/thirdparty/wireless/SmartConnect_6LoWPAN/core/net/ipv4/uaodv.o
LOAD src/ASF/thirdparty/wireless/SmartConnect_6LoWPAN/core/net/ipv4/uip-fw-drv.o
LOAD src/ASF/thirdparty/wireless/SmartConnect_6LoWPAN/core/net/ipv4/uip-fw.o
LOAD src/ASF/thirdparty/wireless/SmartConnect_6LoWPAN/core/net/ipv4/uip-neighbor.o
LOAD src/ASF/thirdparty/wireless/SmartConnect_6LoWPAN/core/net/ipv4/uip-over-mesh.o
LOAD src/ASF/thirdparty/wireless/SmartConnect_6LoWPAN/core/net/ipv4/uip.o
LOAD src/ASF/thirdparty/wireless/SmartConnect_6LoWPAN/core/net/ipv4/uip_arp.o
LOAD src/ASF/thirdparty/wireless/SmartConnect_6LoWPAN/core/net/ipv6/sicslowpan.o
LOAD src/ASF/thirdparty/wireless/SmartConnect_6LoWPAN/core/net/ipv6/uip-ds6-nbr.o
LOAD src/ASF/thirdparty/wireless/SmartConnect_6LoWPAN/core/net/ipv6/uip-ds6-route.o
LOAD src/ASF/thirdparty/wireless/SmartConnect_6LoWPAN/core/net/ipv6/uip-ds6.o
LOAD src/ASF/thirdparty/wireless/SmartConnect_6LoWPAN/core/net/ipv6/uip-icmp6.o
LOAD src/ASF/thirdparty/wireless/SmartConnect_6LoWPAN/core/net/ipv6/uip-nd6.o
LOAD src/ASF/thirdparty/wireless/SmartConnect_6LoWPAN/core/net/ipv6/uip6.o
LOAD src/ASF/thirdparty/wireless/SmartConnect_6LoWPAN/core/net/ip/dhcpc.o
LOAD src/ASF/thirdparty/wireless/SmartConnect_6LoWPAN/core/net/ip/psock.o
LOAD src/ASF/thirdparty/wireless/SmartConnect_6LoWPAN/core/net/ip/resolv.o
LOAD src/ASF/thirdparty/wireless/SmartConnect_6LoWPAN/core/net/ip/simple-udp.o
LOAD src/ASF/thirdparty/wireless/SmartConnect_6LoWPAN/core/net/ip/slipdev.o
LOAD src/ASF/thirdparty/wireless/SmartConnect_6LoWPAN/core/net/ip/tcp-socket.o
LOAD src/ASF/thirdparty/wireless/SmartConnect_6LoWPAN/core/net/ip/tcpip.o
LOAD src/ASF/thirdparty/wireless/SmartConnect_6LoWPAN/core/net/ip/udp-socket.o
LOAD src/ASF/thirdparty/wireless/SmartConnect_6LoWPAN/core/net/ip/uip-debug.o
LOAD src/ASF/thirdparty/wireless/SmartConnect_6LoWPAN/core/net/ip/uip-packetqueue.o
LOAD src/ASF/thirdparty/wireless/SmartConnect_6LoWPAN/core/net/ip/uip-split.o
LOAD src/ASF/thirdparty/wireless/SmartConnect_6LoWPAN/core/net/ip/uip-udp-packet.o
LOAD src/ASF/thirdparty/wireless/SmartConnect_6LoWPAN/core/net/ip/uiplib.o
LOAD src/ASF/thirdparty/wireless/SmartConnect_6LoWPAN/core/net/linkaddr.o
LOAD src/ASF/thirdparty/wireless/SmartConnect_6LoWPAN/core/net/mac/contikimac/contikimac.o
LOAD src/ASF/thirdparty/wireless/SmartConnect_6LoWPAN/core/net/mac/csma.o
LOAD src/ASF/thirdparty/wireless/SmartConnect_6LoWPAN/core/net/mac/frame802154.o
LOAD src/ASF/thirdparty/wireless/SmartConnect_6LoWPAN/core/net/mac/framer-802154.o
LOAD src/ASF/thirdparty/wireless/SmartConnect_6LoWPAN/core/net/mac/framer-nullmac.o
LOAD src/ASF/thirdparty/wireless/SmartConnect_6LoWPAN/core/net/mac/mac-sequence.o
LOAD src/ASF/thirdparty/wireless/SmartConnect_6LoWPAN/core/net/mac/mac.o
LOAD src/ASF/thirdparty/wireless/SmartConnect_6LoWPAN/core/net/mac/nullmac.o
LOAD src/ASF/thirdparty/wireless/SmartConnect_6LoWPAN/core/net/mac/nullrdc-noframer.o
LOAD src/ASF/thirdparty/wireless/SmartConnect_6LoWPAN/core/net/mac/nullrdc.o
LOAD src/ASF/thirdparty/wireless/SmartConnect_6LoWPAN/core/net/mac/phase.o
LOAD src/ASF/thirdparty/wireless/SmartConnect_6LoWPAN/core/net/nbr-table.o
LOAD src/ASF/thirdparty/wireless/SmartConnect_6LoWPAN/core/net/netstack.o
LOAD src/ASF/thirdparty/wireless/SmartConnect_6LoWPAN/core/net/packetbuf.o
LOAD src/ASF/thirdparty/wireless/SmartConnect_6LoWPAN/core/net/packetqueue.o
LOAD src/ASF/thirdparty/wireless/SmartConnect_6LoWPAN/core/net/queuebuf.o
LOAD src/ASF/thirdparty/wireless/SmartConnect_6LoWPAN/core/net/rime/rimestats.o
LOAD src/ASF/thirdparty/wireless/SmartConnect_6LoWPAN/core/net/rpl/rpl-dag.o
LOAD src/ASF/thirdparty/wireless/SmartConnect_6LoWPAN/core/net/rpl/rpl-ext-header.o
LOAD src/ASF/thirdparty/wireless/SmartConnect_6LoWPAN/core/net/rpl/rpl-icmp6.o
LOAD src/ASF/thirdparty/wireless/SmartConnect_6LoWPAN/core/net/rpl/rpl-mrhof.o
LOAD src/ASF/thirdparty/wireless/SmartConnect_6LoWPAN/core/net/rpl/rpl-of0.o
LOAD src/ASF/thirdparty/wireless/SmartConnect_6LoWPAN/core/net/rpl/rpl-timers.o
LOAD src/ASF/thirdparty/wireless/SmartConnect_6LoWPAN/core/net/rpl/rpl.o
LOAD src/ASF/thirdparty/wireless/SmartConnect_6LoWPAN/core/sys/arg.o
LOAD src/ASF/thirdparty/wireless/SmartConnect_6LoWPAN/core/sys/autostart.o
LOAD src/ASF/thirdparty/wireless/SmartConnect_6LoWPAN/core/sys/compower.o
LOAD src/ASF/thirdparty/wireless/SmartConnect_6LoWPAN/core/sys/ctimer.o
LOAD src/ASF/thirdparty/wireless/SmartConnect_6LoWPAN/core/sys/energest.o
LOAD src/ASF/thirdparty/wireless/SmartConnect_6LoWPAN/core/sys/etimer.o
LOAD src/ASF/thirdparty/wireless/SmartConnect_6LoWPAN/core/sys/mt.o
LOAD src/ASF/thirdparty/wireless/SmartConnect_6LoWPAN/core/sys/process.o
LOAD src/ASF/thirdparty/wireless/SmartConnect_6LoWPAN/core/sys/procinit.o
LOAD src/ASF/thirdparty/wireless/SmartConnect_6LoWPAN/core/sys/rtimer.o
LOAD src/ASF/thirdparty/wireless/SmartConnect_6LoWPAN/core/sys/stimer.o
LOAD src/ASF/thirdparty/wireless/SmartConnect_6LoWPAN/core/sys/timer.o
LOAD src/ASF/thirdparty/wireless/SmartConnect_6LoWPAN/dev/at86rf233/rf233.o
LOAD src/ASF/thirdparty/wireless/SmartConnect_6LoWPAN/services/sam0/battery-sensor.o
LOAD src/ASF/thirdparty/wireless/SmartConnect_6LoWPAN/services/sam0/button-sensor.o
LOAD src/ASF/thirdparty/wireless/SmartConnect_6LoWPAN/services/sam0/edbg-eui.o
LOAD src/ASF/thirdparty/wireless/SmartConnect_6LoWPAN/services/sam0/flash.o
LOAD src/ASF/thirdparty/wireless/SmartConnect_6LoWPAN/services/sam0/leds-arch.o
LOAD src/ASF/thirdparty/wireless/SmartConnect_6LoWPAN/services/sam0/node-id.o
LOAD src/ASF/thirdparty/wireless/SmartConnect_6LoWPAN/services/sam0/sam0-sensors.o
LOAD src/ASF/thirdparty/wireless/SmartConnect_6LoWPAN/services/sam0/sam0_sensors.o
LOAD src/ASF/thirdparty/wireless/SmartConnect_6LoWPAN/services/sam0/temp-sensor.o
LOAD src/ASF/thirdparty/wireless/SmartConnect_6LoWPAN/services/sam0/voltage-sensor.o
LOAD src/ASF/thirdparty/wireless/SmartConnect_6LoWPAN/services/sam0/watchdog.o
LOAD src/ASF/thirdparty/wireless/SmartConnect_6LoWPAN/services/timer/sam0/tc-clock.o
LOAD src/ASF/thirdparty/wireless/SmartConnect_6LoWPAN/services/timer/sam0/tc-rtimer-arch.o
LOAD src/symbols.o
LOAD src/udp-unicast-receiver-main.o
LOAD src/udp-unicast-receiver.o
START GROUP
LOAD ../src/ASF/thirdparty/CMSIS/Lib/GCC\libarm_cortexM0l_math.a
LOAD c:/program files (x86)/atmel/studio/7.0/toolchain/arm/arm-gnu-toolchain/bin/../lib/gcc/arm-none-eabi/6.3.1/../../../../arm-none-eabi/lib/thumb/v6-m\libm.a
END GROUP
START GROUP
LOAD c:/program files (x86)/atmel/studio/7.0/toolchain/arm/arm-gnu-toolchain/bin/../lib/gcc/arm-none-eabi/6.3.1/thumb/v6-m\libgcc.a
LOAD c:/program files (x86)/atmel/studio/7.0/toolchain/arm/arm-gnu-toolchain/bin/../lib/gcc/arm-none-eabi/6.3.1/../../../../arm-none-eabi/lib/thumb/v6-m\libc_nano.a
END GROUP
START GROUP
LOAD c:/program files (x86)/atmel/studio/7.0/toolchain/arm/arm-gnu-toolchain/bin/../lib/gcc/arm-none-eabi/6.3.1/thumb/v6-m\libgcc.a
LOAD c:/program files (x86)/atmel/studio/7.0/toolchain/arm/arm-gnu-toolchain/bin/../lib/gcc/arm-none-eabi/6.3.1/../../../../arm-none-eabi/lib/thumb/v6-m\libc_nano.a
END GROUP
LOAD c:/program files (x86)/atmel/studio/7.0/toolchain/arm/arm-gnu-toolchain/bin/../lib/gcc/arm-none-eabi/6.3.1/thumb/v6-m/crtend.o
LOAD c:/program files (x86)/atmel/studio/7.0/toolchain/arm/arm-gnu-toolchain/bin/../lib/gcc/arm-none-eabi/6.3.1/thumb/v6-m/crtn.o
                0x00002000                STACK_SIZE = DEFINED (STACK_SIZE)?STACK_SIZE:DEFINED (__stack_size__)?__stack_size__:0x2000

.text           0x00000000     0xfc7c
                0x00000000                . = ALIGN (0x4)
                0x00000000                _sfixed = .
 *(.vectors .vectors.*)
 .vectors       0x00000000       0xb4 src/ASF/sam0/utils/cmsis/samr21/source/gcc/startup_samr21.o
                0x00000000                exception_table
 *(.text .text.* .gnu.linkonce.t.*)
 .text          0x000000b4       0x60 c:/program files (x86)/atmel/studio/7.0/toolchain/arm/arm-gnu-toolchain/bin/../lib/gcc/arm-none-eabi/6.3.1/thumb/v6-m/crtbegin.o
 .text.delay_init
                0x00000114       0x40 src/ASF/common2/services/delay/sam0/systick_counter.o
                0x00000114                delay_init
 .text.delay_cycles_us
                0x00000154       0x2c src/ASF/common2/services/delay/sam0/systick_counter.o
                0x00000154                delay_cycles_us
 .text.delay_cycles_ms
                0x00000180       0x2c src/ASF/common2/services/delay/sam0/systick_counter.o
                0x00000180                delay_cycles_ms
 .text.cpu_irq_enter_critical
                0x000001ac       0x34 src/ASF/common/utils/interrupt/interrupt_sam_nvic.o
                0x000001ac                cpu_irq_enter_critical
 .text.cpu_irq_leave_critical
                0x000001e0       0x30 src/ASF/common/utils/interrupt/interrupt_sam_nvic.o
                0x000001e0                cpu_irq_leave_critical
 .text.system_board_init
                0x00000210       0xc4 src/ASF/sam0/boards/samr21_xplained_pro/board_init.o
                0x00000210                board_init
                0x00000210                system_board_init
 .text.extint_register_callback
                0x000002d4       0x28 src/ASF/sam0/drivers/extint/extint_callback.o
                0x000002d4                extint_register_callback
 .text.extint_chan_enable_callback
                0x000002fc       0x20 src/ASF/sam0/drivers/extint/extint_callback.o
                0x000002fc                extint_chan_enable_callback
 .text.extint_chan_disable_callback
                0x0000031c       0x20 src/ASF/sam0/drivers/extint/extint_callback.o
                0x0000031c                extint_chan_disable_callback
 .text.EIC_Handler
                0x0000033c       0x40 src/ASF/sam0/drivers/extint/extint_callback.o
                0x0000033c                EIC_Handler
 .text.extint_is_syncing
                0x0000037c        0xc src/ASF/sam0/drivers/extint/extint_sam_d_r_h/extint.o
 .text._extint_enable
                0x00000388       0x20 src/ASF/sam0/drivers/extint/extint_sam_d_r_h/extint.o
 .text._system_extint_init
                0x000003a8       0x68 src/ASF/sam0/drivers/extint/extint_sam_d_r_h/extint.o
                0x000003a8                _system_extint_init
 .text.extint_chan_get_config_defaults
                0x00000410       0x14 src/ASF/sam0/drivers/extint/extint_sam_d_r_h/extint.o
                0x00000410                extint_chan_get_config_defaults
 .text.extint_chan_set_config
                0x00000424       0x70 src/ASF/sam0/drivers/extint/extint_sam_d_r_h/extint.o
                0x00000424                extint_chan_set_config
 .text.nvm_is_ready
                0x00000494       0x10 src/ASF/sam0/drivers/nvm/nvm.o
 .text.nvm_set_config
                0x000004a4       0x84 src/ASF/sam0/drivers/nvm/nvm.o
                0x000004a4                nvm_set_config
 .text.port_pin_set_config
                0x00000528       0x20 src/ASF/sam0/drivers/port/port.o
                0x00000528                port_pin_set_config
 .text.rtc_count_is_syncing
                0x00000548        0x8 src/ASF/sam0/drivers/rtc/rtc_sam_d_r_h/rtc_count.o
 .text.rtc_count_disable
                0x00000550       0x30 src/ASF/sam0/drivers/rtc/rtc_sam_d_r_h/rtc_count.o
                0x00000550                rtc_count_disable
 .text.rtc_count_reset
                0x00000580       0x2c src/ASF/sam0/drivers/rtc/rtc_sam_d_r_h/rtc_count.o
                0x00000580                rtc_count_reset
 .text.rtc_count_set_compare
                0x000005ac       0x54 src/ASF/sam0/drivers/rtc/rtc_sam_d_r_h/rtc_count.o
                0x000005ac                rtc_count_set_compare
 .text.rtc_count_init
                0x00000600       0xdc src/ASF/sam0/drivers/rtc/rtc_sam_d_r_h/rtc_count.o
                0x00000600                rtc_count_init
 .text.rtc_count_register_callback
                0x000006dc       0x34 src/ASF/sam0/drivers/rtc/rtc_sam_d_r_h/rtc_count_interrupt.o
                0x000006dc                rtc_count_register_callback
 .text.rtc_count_enable_callback
                0x00000710       0x22 src/ASF/sam0/drivers/rtc/rtc_sam_d_r_h/rtc_count_interrupt.o
                0x00000710                rtc_count_enable_callback
 *fill*         0x00000732        0x2 
 .text.RTC_Handler
                0x00000734       0x4c src/ASF/sam0/drivers/rtc/rtc_sam_d_r_h/rtc_count_interrupt.o
                0x00000734                RTC_Handler
 .text._i2c_master_wait_for_sync
                0x00000780        0xc src/ASF/sam0/drivers/sercom/i2c/i2c_sam0/i2c_master.o
 .text.i2c_master_init
                0x0000078c      0x2ac src/ASF/sam0/drivers/sercom/i2c/i2c_sam0/i2c_master.o
                0x0000078c                i2c_master_init
 .text.i2c_master_reset
                0x00000a38       0x2c src/ASF/sam0/drivers/sercom/i2c/i2c_sam0/i2c_master.o
                0x00000a38                i2c_master_reset
 .text._i2c_master_address_response
                0x00000a64       0x2c src/ASF/sam0/drivers/sercom/i2c/i2c_sam0/i2c_master.o
                0x00000a64                _i2c_master_address_response
 .text._i2c_master_wait_for_bus
                0x00000a90       0x28 src/ASF/sam0/drivers/sercom/i2c/i2c_sam0/i2c_master.o
                0x00000a90                _i2c_master_wait_for_bus
 .text._i2c_master_send_hs_master_code
                0x00000ab8       0x20 src/ASF/sam0/drivers/sercom/i2c/i2c_sam0/i2c_master.o
                0x00000ab8                _i2c_master_send_hs_master_code
 .text._i2c_master_read_packet
                0x00000ad8      0x154 src/ASF/sam0/drivers/sercom/i2c/i2c_sam0/i2c_master.o
 .text._i2c_master_write_packet
                0x00000c2c       0xc8 src/ASF/sam0/drivers/sercom/i2c/i2c_sam0/i2c_master.o
 .text.i2c_master_read_packet_wait
                0x00000cf4       0x14 src/ASF/sam0/drivers/sercom/i2c/i2c_sam0/i2c_master.o
                0x00000cf4                i2c_master_read_packet_wait
 .text.i2c_master_write_packet_wait_no_stop
                0x00000d08       0x14 src/ASF/sam0/drivers/sercom/i2c/i2c_sam0/i2c_master.o
                0x00000d08                i2c_master_write_packet_wait_no_stop
 .text.long_division
                0x00000d1c       0x6c src/ASF/sam0/drivers/sercom/sercom.o
 .text._sercom_get_sync_baud_val
                0x00000d88       0x28 src/ASF/sam0/drivers/sercom/sercom.o
                0x00000d88                _sercom_get_sync_baud_val
 .text._sercom_get_async_baud_val
                0x00000db0       0x98 src/ASF/sam0/drivers/sercom/sercom.o
                0x00000db0                _sercom_get_async_baud_val
 .text.sercom_set_gclk_generator
                0x00000e48       0x44 src/ASF/sam0/drivers/sercom/sercom.o
                0x00000e48                sercom_set_gclk_generator
 .text._sercom_get_default_pad
                0x00000e8c      0x15c src/ASF/sam0/drivers/sercom/sercom.o
                0x00000e8c                _sercom_get_default_pad
 .text._sercom_get_sercom_inst_index
                0x00000fe8       0x30 src/ASF/sam0/drivers/sercom/sercom.o
                0x00000fe8                _sercom_get_sercom_inst_index
 .text._sercom_default_handler
                0x00001018        0x2 src/ASF/sam0/drivers/sercom/sercom_interrupt.o
 *fill*         0x0000101a        0x2 
 .text._sercom_set_handler
                0x0000101c       0x38 src/ASF/sam0/drivers/sercom/sercom_interrupt.o
                0x0000101c                _sercom_set_handler
 .text._sercom_get_interrupt_vector
                0x00001054       0x2c src/ASF/sam0/drivers/sercom/sercom_interrupt.o
                0x00001054                _sercom_get_interrupt_vector
 .text.SERCOM0_Handler
                0x00001080       0x10 src/ASF/sam0/drivers/sercom/sercom_interrupt.o
                0x00001080                SERCOM0_Handler
 .text.SERCOM1_Handler
                0x00001090       0x10 src/ASF/sam0/drivers/sercom/sercom_interrupt.o
                0x00001090                SERCOM1_Handler
 .text.SERCOM2_Handler
                0x000010a0       0x10 src/ASF/sam0/drivers/sercom/sercom_interrupt.o
                0x000010a0                SERCOM2_Handler
 .text.SERCOM3_Handler
                0x000010b0       0x10 src/ASF/sam0/drivers/sercom/sercom_interrupt.o
                0x000010b0                SERCOM3_Handler
 .text.SERCOM4_Handler
                0x000010c0       0x10 src/ASF/sam0/drivers/sercom/sercom_interrupt.o
                0x000010c0                SERCOM4_Handler
 .text.SERCOM5_Handler
                0x000010d0       0x10 src/ASF/sam0/drivers/sercom/sercom_interrupt.o
                0x000010d0                SERCOM5_Handler
 .text.spi_write
                0x000010e0       0x14 src/ASF/sam0/drivers/sercom/spi/spi.o
 .text.port_pin_set_output_level
                0x000010f4       0x2c src/ASF/sam0/drivers/sercom/spi/spi.o
 .text.spi_read
                0x00001120       0x30 src/ASF/sam0/drivers/sercom/spi/spi.o
 .text.spi_init
                0x00001150      0x29c src/ASF/sam0/drivers/sercom/spi/spi.o
                0x00001150                spi_init
 .text.spi_select_slave
                0x000013ec       0x7c src/ASF/sam0/drivers/sercom/spi/spi.o
                0x000013ec                spi_select_slave
 .text.usart_init
                0x00001468      0x2b4 src/ASF/sam0/drivers/sercom/usart/usart.o
                0x00001468                usart_init
 .text.usart_write_wait
                0x0000171c       0x22 src/ASF/sam0/drivers/sercom/usart/usart.o
                0x0000171c                usart_write_wait
 .text.usart_read_wait
                0x0000173e       0x68 src/ASF/sam0/drivers/sercom/usart/usart.o
                0x0000173e                usart_read_wait
 *fill*         0x000017a6        0x2 
 .text.usart_read_buffer_wait
                0x000017a8       0x78 src/ASF/sam0/drivers/sercom/usart/usart.o
                0x000017a8                usart_read_buffer_wait
 .text._usart_interrupt_handler
                0x00001820      0x168 src/ASF/sam0/drivers/sercom/usart/usart_interrupt.o
                0x00001820                _usart_interrupt_handler
 .text._system_dfll_wait_for_sync
                0x00001988       0x10 src/ASF/sam0/drivers/system/clock/clock_samd21_r21_da_ha1/clock.o
 .text.system_clock_source_enable.part.0
                0x00001998       0x38 src/ASF/sam0/drivers/system/clock/clock_samd21_r21_da_ha1/clock.o
 .text.system_clock_source_get_hz
                0x000019d0       0x90 src/ASF/sam0/drivers/system/clock/clock_samd21_r21_da_ha1/clock.o
                0x000019d0                system_clock_source_get_hz
 .text.system_clock_source_osc8m_set_config
                0x00001a60       0x3c src/ASF/sam0/drivers/system/clock/clock_samd21_r21_da_ha1/clock.o
                0x00001a60                system_clock_source_osc8m_set_config
 .text.system_clock_source_xosc32k_set_config
                0x00001a9c       0x9c src/ASF/sam0/drivers/system/clock/clock_samd21_r21_da_ha1/clock.o
                0x00001a9c                system_clock_source_xosc32k_set_config
 .text.system_clock_source_dfll_set_config
                0x00001b38       0x7c src/ASF/sam0/drivers/system/clock/clock_samd21_r21_da_ha1/clock.o
                0x00001b38                system_clock_source_dfll_set_config
 .text.system_clock_source_enable
                0x00001bb4       0x68 src/ASF/sam0/drivers/system/clock/clock_samd21_r21_da_ha1/clock.o
                0x00001bb4                system_clock_source_enable
 .text.system_clock_init
                0x00001c1c      0x1a0 src/ASF/sam0/drivers/system/clock/clock_samd21_r21_da_ha1/clock.o
                0x00001c1c                system_clock_init
 .text.system_gclk_is_syncing
                0x00001dbc        0xc src/ASF/sam0/drivers/system/clock/clock_samd21_r21_da_ha1/gclk.o
 .text.system_gclk_init
                0x00001dc8       0x20 src/ASF/sam0/drivers/system/clock/clock_samd21_r21_da_ha1/gclk.o
                0x00001dc8                system_gclk_init
 .text.system_gclk_gen_set_config
                0x00001de8       0xa4 src/ASF/sam0/drivers/system/clock/clock_samd21_r21_da_ha1/gclk.o
                0x00001de8                system_gclk_gen_set_config
 .text.system_gclk_gen_enable
                0x00001e8c       0x40 src/ASF/sam0/drivers/system/clock/clock_samd21_r21_da_ha1/gclk.o
                0x00001e8c                system_gclk_gen_enable
 .text.system_gclk_gen_get_hz
                0x00001ecc       0x88 src/ASF/sam0/drivers/system/clock/clock_samd21_r21_da_ha1/gclk.o
                0x00001ecc                system_gclk_gen_get_hz
 .text.system_gclk_chan_enable
                0x00001f54       0x30 src/ASF/sam0/drivers/system/clock/clock_samd21_r21_da_ha1/gclk.o
                0x00001f54                system_gclk_chan_enable
 .text.system_gclk_chan_disable
                0x00001f84       0x58 src/ASF/sam0/drivers/system/clock/clock_samd21_r21_da_ha1/gclk.o
                0x00001f84                system_gclk_chan_disable
 .text.system_gclk_chan_set_config
                0x00001fdc       0x1c src/ASF/sam0/drivers/system/clock/clock_samd21_r21_da_ha1/gclk.o
                0x00001fdc                system_gclk_chan_set_config
 .text.system_gclk_chan_get_hz
                0x00001ff8       0x34 src/ASF/sam0/drivers/system/clock/clock_samd21_r21_da_ha1/gclk.o
                0x00001ff8                system_gclk_chan_get_hz
 .text.system_interrupt_set_priority
                0x0000202c       0x44 src/ASF/sam0/drivers/system/interrupt/system_interrupt.o
                0x0000202c                system_interrupt_set_priority
 .text._system_pinmux_config
                0x00002070       0x84 src/ASF/sam0/drivers/system/pinmux/pinmux.o
 .text.system_pinmux_pin_set_config
                0x000020f4       0x2c src/ASF/sam0/drivers/system/pinmux/pinmux.o
                0x000020f4                system_pinmux_pin_set_config
 .text._system_dummy_init
                0x00002120        0x2 src/ASF/sam0/drivers/system/system.o
                0x00002120                _system_events_init
                0x00002120                _system_dummy_init
                0x00002120                _system_divas_init
 *fill*         0x00002122        0x2 
 .text.system_init
                0x00002124       0x2c src/ASF/sam0/drivers/system/system.o
                0x00002124                system_init
 .text.tc_register_callback
                0x00002150       0x26 src/ASF/sam0/drivers/tc/tc_interrupt.o
                0x00002150                tc_register_callback
 *fill*         0x00002176        0x2 
 .text._tc_interrupt_handler
                0x00002178       0x5c src/ASF/sam0/drivers/tc/tc_interrupt.o
                0x00002178                _tc_interrupt_handler
 .text.TC3_Handler
                0x000021d4       0x10 src/ASF/sam0/drivers/tc/tc_interrupt.o
                0x000021d4                TC3_Handler
 .text.TC4_Handler
                0x000021e4       0x10 src/ASF/sam0/drivers/tc/tc_interrupt.o
                0x000021e4                TC4_Handler
 .text.TC5_Handler
                0x000021f4       0x10 src/ASF/sam0/drivers/tc/tc_interrupt.o
                0x000021f4                TC5_Handler
 .text._tc_get_inst_index
                0x00002204       0x38 src/ASF/sam0/drivers/tc/tc_sam_d_r_h/tc.o
                0x00002204                _tc_get_inst_index
 .text.tc_init  0x0000223c      0x230 src/ASF/sam0/drivers/tc/tc_sam_d_r_h/tc.o
                0x0000223c                tc_init
 .text.tc_get_count_value
                0x0000246c       0x2a src/ASF/sam0/drivers/tc/tc_sam_d_r_h/tc.o
                0x0000246c                tc_get_count_value
 .text.tc_set_compare_value
                0x00002496       0x4a src/ASF/sam0/drivers/tc/tc_sam_d_r_h/tc.o
                0x00002496                tc_set_compare_value
 .text.wdt_reset_count
                0x000024e0       0x14 src/ASF/sam0/drivers/wdt/wdt.o
                0x000024e0                wdt_reset_count
 .text.WDT_Handler
                0x000024f4       0x1c src/ASF/sam0/drivers/wdt/wdt_callback.o
                0x000024f4                WDT_Handler
 .text.Dummy_Handler
                0x00002510        0x2 src/ASF/sam0/utils/cmsis/samr21/source/gcc/startup_samr21.o
                0x00002510                DMAC_Handler
                0x00002510                HardFault_Handler
                0x00002510                AC_Handler
                0x00002510                SysTick_Handler
                0x00002510                PendSV_Handler
                0x00002510                NMI_Handler
                0x00002510                ADC_Handler
                0x00002510                TCC1_Handler
                0x00002510                TCC0_Handler
                0x00002510                USB_Handler
                0x00002510                Dummy_Handler
                0x00002510                PM_Handler
                0x00002510                SVC_Handler
                0x00002510                TCC2_Handler
                0x00002510                EVSYS_Handler
                0x00002510                NVMCTRL_Handler
                0x00002510                PTC_Handler
                0x00002510                SYSCTRL_Handler
 *fill*         0x00002512        0x2 
 .text.Reset_Handler
                0x00002514       0xbc src/ASF/sam0/utils/cmsis/samr21/source/gcc/startup_samr21.o
                0x00002514                Reset_Handler
 .text._read    0x000025d0       0x38 src/ASF/sam0/utils/stdio/read.o
                0x000025d0                _read
 .text._write   0x00002608       0x34 src/ASF/sam0/utils/stdio/write.o
                0x00002608                _write
 .text._sbrk    0x0000263c       0x20 src/ASF/sam0/utils/syscalls/gcc/syscalls.o
                0x0000263c                _sbrk
 .text._close   0x0000265c        0x6 src/ASF/sam0/utils/syscalls/gcc/syscalls.o
                0x0000265c                _close
 .text._fstat   0x00002662        0xa src/ASF/sam0/utils/syscalls/gcc/syscalls.o
                0x00002662                _fstat
 .text._isatty  0x0000266c        0x4 src/ASF/sam0/utils/syscalls/gcc/syscalls.o
                0x0000266c                _isatty
 .text._lseek   0x00002670        0x4 src/ASF/sam0/utils/syscalls/gcc/syscalls.o
                0x00002670                _lseek
 .text.usart_serial_getchar
                0x00002674       0x24 src/ASF/thirdparty/wireless/addons/sio2host/uart/sio2host.o
 .text.usart_serial_putchar
                0x00002698       0x18 src/ASF/thirdparty/wireless/addons/sio2host/uart/sio2host.o
 .text.USART_HOST_ISR_VECT
                0x000026b0       0x54 src/ASF/thirdparty/wireless/addons/sio2host/uart/sio2host.o
                0x000026b0                USART_HOST_ISR_VECT
 .text._usart_wait_for_sync.constprop.7
                0x00002704       0x10 src/ASF/thirdparty/wireless/addons/sio2host/uart/sio2host.o
 .text.usart_enable.constprop.6
                0x00002714       0x38 src/ASF/thirdparty/wireless/addons/sio2host/uart/sio2host.o
 .text.sio2host_init
                0x0000274c      0x12c src/ASF/thirdparty/wireless/addons/sio2host/uart/sio2host.o
                0x0000274c                sio2host_init
 .text.cpu_irq_save
                0x00002878       0x24 src/ASF/thirdparty/wireless/services/trx_access/trx_access.o
 .text.AT86RFX_ISR
                0x0000289c       0x1c src/ASF/thirdparty/wireless/services/trx_access/trx_access.o
                0x0000289c                AT86RFX_ISR
 .text.cpu_irq_restore
                0x000028b8       0x18 src/ASF/thirdparty/wireless/services/trx_access/trx_access.o
 .text.spi_is_ready_to_read.constprop.3
                0x000028d0       0x10 src/ASF/thirdparty/wireless/services/trx_access/trx_access.o
 .text.spi_read.constprop.1
                0x000028e0       0x40 src/ASF/thirdparty/wireless/services/trx_access/trx_access.o
 .text.spi_is_ready_to_write.constprop.4
                0x00002920       0x10 src/ASF/thirdparty/wireless/services/trx_access/trx_access.o
 .text.spi_write.constprop.2
                0x00002930       0x28 src/ASF/thirdparty/wireless/services/trx_access/trx_access.o
 .text.spi_is_write_complete.constprop.5
                0x00002958       0x10 src/ASF/thirdparty/wireless/services/trx_access/trx_access.o
 .text.trx_spi_init
                0x00002968      0x118 src/ASF/thirdparty/wireless/services/trx_access/trx_access.o
                0x00002968                trx_spi_init
 .text.trx_reg_read
                0x00002a80       0xb0 src/ASF/thirdparty/wireless/services/trx_access/trx_access.o
                0x00002a80                trx_reg_read
 .text.trx_reg_write
                0x00002b30       0xa8 src/ASF/thirdparty/wireless/services/trx_access/trx_access.o
                0x00002b30                trx_reg_write
 .text.trx_irq_init
                0x00002bd8        0xc src/ASF/thirdparty/wireless/services/trx_access/trx_access.o
                0x00002bd8                trx_irq_init
 .text.trx_bit_read
                0x00002be4       0x18 src/ASF/thirdparty/wireless/services/trx_access/trx_access.o
                0x00002be4                trx_bit_read
 .text.trx_bit_write
                0x00002bfc       0x28 src/ASF/thirdparty/wireless/services/trx_access/trx_access.o
                0x00002bfc                trx_bit_write
 .text.trx_frame_read
                0x00002c24       0xc0 src/ASF/thirdparty/wireless/services/trx_access/trx_access.o
                0x00002c24                trx_frame_read
 .text.trx_frame_write
                0x00002ce4       0xac src/ASF/thirdparty/wireless/services/trx_access/trx_access.o
                0x00002ce4                trx_frame_write
 .text.trx_sram_read
                0x00002d90       0xec src/ASF/thirdparty/wireless/services/trx_access/trx_access.o
                0x00002d90                trx_sram_read
 .text.process_thread_ledctrl_process
                0x00002e7c       0x50 src/ASF/thirdparty/wireless/SmartConnect_6LoWPAN/apps/led_control/ledctrl.o
 .text.ledctrl_receiver
                0x00002ecc       0x84 src/ASF/thirdparty/wireless/SmartConnect_6LoWPAN/apps/led_control/ledctrl.o
                0x00002ecc                ledctrl_receiver
 .text.ledctrl_init
                0x00002f50       0x14 src/ASF/thirdparty/wireless/SmartConnect_6LoWPAN/apps/led_control/ledctrl.o
                0x00002f50                ledctrl_init
 .text.purge_registrations
                0x00002f64       0x90 src/ASF/thirdparty/wireless/SmartConnect_6LoWPAN/apps/servreg-hack/servreg-hack.o
 .text.servreg_hack_init
                0x00002ff4       0x48 src/ASF/thirdparty/wireless/SmartConnect_6LoWPAN/apps/servreg-hack/servreg-hack.o
                0x00002ff4                servreg_hack_init
 .text.servreg_hack_register
                0x0000303c       0xb8 src/ASF/thirdparty/wireless/SmartConnect_6LoWPAN/apps/servreg-hack/servreg-hack.o
                0x0000303c                servreg_hack_register
 .text.servreg_hack_list_head
                0x000030f4       0x1c src/ASF/thirdparty/wireless/SmartConnect_6LoWPAN/apps/servreg-hack/servreg-hack.o
                0x000030f4                servreg_hack_list_head
 .text.process_thread_servreg_hack_process
                0x00003110      0x23c src/ASF/thirdparty/wireless/SmartConnect_6LoWPAN/apps/servreg-hack/servreg-hack.o
 .text.show_leds.isra.0
                0x0000334c       0x20 src/ASF/thirdparty/wireless/SmartConnect_6LoWPAN/core/dev/leds.o
 .text.leds_init
                0x0000336c       0x20 src/ASF/thirdparty/wireless/SmartConnect_6LoWPAN/core/dev/leds.o
                0x0000336c                leds_init
 .text.leds_on  0x0000338c       0x18 src/ASF/thirdparty/wireless/SmartConnect_6LoWPAN/core/dev/leds.o
                0x0000338c                leds_on
 .text.leds_off
                0x000033a4       0x18 src/ASF/thirdparty/wireless/SmartConnect_6LoWPAN/core/dev/leds.o
                0x000033a4                leds_off
 .text.list_init
                0x000033bc        0x6 src/ASF/thirdparty/wireless/SmartConnect_6LoWPAN/core/lib/list.o
                0x000033bc                list_init
 .text.list_head
                0x000033c2        0x4 src/ASF/thirdparty/wireless/SmartConnect_6LoWPAN/core/lib/list.o
                0x000033c2                list_head
 .text.list_tail
                0x000033c6       0x12 src/ASF/thirdparty/wireless/SmartConnect_6LoWPAN/core/lib/list.o
                0x000033c6                list_tail
 .text.list_remove
                0x000033d8       0x2c src/ASF/thirdparty/wireless/SmartConnect_6LoWPAN/core/lib/list.o
                0x000033d8                list_remove
 .text.list_add
                0x00003404       0x28 src/ASF/thirdparty/wireless/SmartConnect_6LoWPAN/core/lib/list.o
                0x00003404                list_add
 .text.list_push
                0x0000342c       0x18 src/ASF/thirdparty/wireless/SmartConnect_6LoWPAN/core/lib/list.o
                0x0000342c                list_push
 .text.list_length
                0x00003444       0x10 src/ASF/thirdparty/wireless/SmartConnect_6LoWPAN/core/lib/list.o
                0x00003444                list_length
 .text.list_item_next
                0x00003454        0x8 src/ASF/thirdparty/wireless/SmartConnect_6LoWPAN/core/lib/list.o
                0x00003454                list_item_next
 .text.memb_init
                0x0000345c       0x20 src/ASF/thirdparty/wireless/SmartConnect_6LoWPAN/core/lib/memb.o
                0x0000345c                memb_init
 .text.memb_alloc
                0x0000347c       0x2a src/ASF/thirdparty/wireless/SmartConnect_6LoWPAN/core/lib/memb.o
                0x0000347c                memb_alloc
 .text.memb_free
                0x000034a6       0x30 src/ASF/thirdparty/wireless/SmartConnect_6LoWPAN/core/lib/memb.o
                0x000034a6                memb_free
 .text.memb_inmemb
                0x000034d6       0x1c src/ASF/thirdparty/wireless/SmartConnect_6LoWPAN/core/lib/memb.o
                0x000034d6                memb_inmemb
 *fill*         0x000034f2        0x2 
 .text.random_rand
                0x000034f4       0x10 src/ASF/thirdparty/wireless/SmartConnect_6LoWPAN/core/lib/random.o
                0x000034f4                random_rand
 .text.process_thread_sensors_process
                0x00003504       0xdc src/ASF/thirdparty/wireless/SmartConnect_6LoWPAN/core/lib/sensors.o
 .text.sicslowpan_init
                0x000035e0       0x6c src/ASF/thirdparty/wireless/SmartConnect_6LoWPAN/core/net/ipv6/sicslowpan.o
                0x000035e0                sicslowpan_init
 .text.reasm_timer_callback
                0x0000364c       0x54 src/ASF/thirdparty/wireless/SmartConnect_6LoWPAN/core/net/ipv6/sicslowpan.o
 .text.set_packet_attrs
                0x000036a0       0x40 src/ASF/thirdparty/wireless/SmartConnect_6LoWPAN/core/net/ipv6/sicslowpan.o
 .text.compress_addr_64
                0x000036e0       0xa4 src/ASF/thirdparty/wireless/SmartConnect_6LoWPAN/core/net/ipv6/sicslowpan.o
 .text.addr_context_lookup_by_prefix
                0x00003784       0x28 src/ASF/thirdparty/wireless/SmartConnect_6LoWPAN/core/net/ipv6/sicslowpan.o
 .text.send_packet
                0x000037ac       0x2c src/ASF/thirdparty/wireless/SmartConnect_6LoWPAN/core/net/ipv6/sicslowpan.o
 .text.output   0x000037d8      0x6bc src/ASF/thirdparty/wireless/SmartConnect_6LoWPAN/core/net/ipv6/sicslowpan.o
 .text.packet_sent
                0x00003e94       0x2c src/ASF/thirdparty/wireless/SmartConnect_6LoWPAN/core/net/ipv6/sicslowpan.o
 .text.uncompress_addr
                0x00003ec0       0x9c src/ASF/thirdparty/wireless/SmartConnect_6LoWPAN/core/net/ipv6/sicslowpan.o
 .text.input    0x00003f5c      0x740 src/ASF/thirdparty/wireless/SmartConnect_6LoWPAN/core/net/ipv6/sicslowpan.o
 .text.uip_ds6_nbr_rm
                0x0000469c       0x24 src/ASF/thirdparty/wireless/SmartConnect_6LoWPAN/core/net/ipv6/uip-ds6-nbr.o
                0x0000469c                uip_ds6_nbr_rm
 .text.uip_ds6_neighbors_init
                0x000046c0       0x1c src/ASF/thirdparty/wireless/SmartConnect_6LoWPAN/core/net/ipv6/uip-ds6-nbr.o
                0x000046c0                uip_ds6_neighbors_init
 .text.uip_ds6_nbr_add
                0x000046dc       0x5c src/ASF/thirdparty/wireless/SmartConnect_6LoWPAN/core/net/ipv6/uip-ds6-nbr.o
                0x000046dc                uip_ds6_nbr_add
 .text.uip_ds6_nbr_get_ll
                0x00004738       0x18 src/ASF/thirdparty/wireless/SmartConnect_6LoWPAN/core/net/ipv6/uip-ds6-nbr.o
                0x00004738                uip_ds6_nbr_get_ll
 .text.uip_ds6_nbr_lookup
                0x00004750       0x48 src/ASF/thirdparty/wireless/SmartConnect_6LoWPAN/core/net/ipv6/uip-ds6-nbr.o
                0x00004750                uip_ds6_nbr_lookup
 .text.uip_ds6_nbr_ll_lookup
                0x00004798       0x18 src/ASF/thirdparty/wireless/SmartConnect_6LoWPAN/core/net/ipv6/uip-ds6-nbr.o
                0x00004798                uip_ds6_nbr_ll_lookup
 .text.uip_ds6_nbr_ipaddr_from_lladdr
                0x000047b0        0xc src/ASF/thirdparty/wireless/SmartConnect_6LoWPAN/core/net/ipv6/uip-ds6-nbr.o
                0x000047b0                uip_ds6_nbr_ipaddr_from_lladdr
 .text.uip_ds6_nbr_lladdr_from_ipaddr
                0x000047bc       0x18 src/ASF/thirdparty/wireless/SmartConnect_6LoWPAN/core/net/ipv6/uip-ds6-nbr.o
                0x000047bc                uip_ds6_nbr_lladdr_from_ipaddr
 .text.uip_ds6_link_neighbor_callback
                0x000047d4       0x34 src/ASF/thirdparty/wireless/SmartConnect_6LoWPAN/core/net/ipv6/uip-ds6-nbr.o
                0x000047d4                uip_ds6_link_neighbor_callback
 .text.uip_ds6_neighbor_periodic
                0x00004808      0x114 src/ASF/thirdparty/wireless/SmartConnect_6LoWPAN/core/net/ipv6/uip-ds6-nbr.o
                0x00004808                uip_ds6_neighbor_periodic
 .text.call_route_callback
                0x0000491c       0x50 src/ASF/thirdparty/wireless/SmartConnect_6LoWPAN/core/net/ipv6/uip-ds6-route.o
 .text.uip_ds6_route_init
                0x0000496c       0x4c src/ASF/thirdparty/wireless/SmartConnect_6LoWPAN/core/net/ipv6/uip-ds6-route.o
                0x0000496c                uip_ds6_route_init
 .text.uip_ds6_route_nexthop
                0x000049b8       0x20 src/ASF/thirdparty/wireless/SmartConnect_6LoWPAN/core/net/ipv6/uip-ds6-route.o
                0x000049b8                uip_ds6_route_nexthop
 .text.uip_ds6_route_head
                0x000049d8       0x14 src/ASF/thirdparty/wireless/SmartConnect_6LoWPAN/core/net/ipv6/uip-ds6-route.o
                0x000049d8                uip_ds6_route_head
 .text.uip_ds6_route_next
                0x000049ec       0x10 src/ASF/thirdparty/wireless/SmartConnect_6LoWPAN/core/net/ipv6/uip-ds6-route.o
                0x000049ec                uip_ds6_route_next
 .text.uip_ds6_route_lookup
                0x000049fc       0x6c src/ASF/thirdparty/wireless/SmartConnect_6LoWPAN/core/net/ipv6/uip-ds6-route.o
                0x000049fc                uip_ds6_route_lookup
 .text.uip_ds6_route_rm
                0x00004a68       0xb4 src/ASF/thirdparty/wireless/SmartConnect_6LoWPAN/core/net/ipv6/uip-ds6-route.o
                0x00004a68                uip_ds6_route_rm
 .text.rm_routelist
                0x00004b1c       0x38 src/ASF/thirdparty/wireless/SmartConnect_6LoWPAN/core/net/ipv6/uip-ds6-route.o
 .text.rm_routelist_callback
                0x00004b54        0xc src/ASF/thirdparty/wireless/SmartConnect_6LoWPAN/core/net/ipv6/uip-ds6-route.o
 .text.uip_ds6_route_add
                0x00004b60      0x108 src/ASF/thirdparty/wireless/SmartConnect_6LoWPAN/core/net/ipv6/uip-ds6-route.o
                0x00004b60                uip_ds6_route_add
 .text.uip_ds6_defrt_rm
                0x00004c68       0x54 src/ASF/thirdparty/wireless/SmartConnect_6LoWPAN/core/net/ipv6/uip-ds6-route.o
                0x00004c68                uip_ds6_defrt_rm
 .text.uip_ds6_defrt_lookup
                0x00004cbc       0x38 src/ASF/thirdparty/wireless/SmartConnect_6LoWPAN/core/net/ipv6/uip-ds6-route.o
                0x00004cbc                uip_ds6_defrt_lookup
 .text.uip_ds6_defrt_add
                0x00004cf4       0x84 src/ASF/thirdparty/wireless/SmartConnect_6LoWPAN/core/net/ipv6/uip-ds6-route.o
                0x00004cf4                uip_ds6_defrt_add
 .text.uip_ds6_defrt_choose
                0x00004d78       0x7c src/ASF/thirdparty/wireless/SmartConnect_6LoWPAN/core/net/ipv6/uip-ds6-route.o
                0x00004d78                uip_ds6_defrt_choose
 .text.uip_ds6_defrt_periodic
                0x00004df4       0x48 src/ASF/thirdparty/wireless/SmartConnect_6LoWPAN/core/net/ipv6/uip-ds6-route.o
                0x00004df4                uip_ds6_defrt_periodic
 .text.uip_ds6_list_loop
                0x00004e3c       0x54 src/ASF/thirdparty/wireless/SmartConnect_6LoWPAN/core/net/ipv6/uip-ds6.o
                0x00004e3c                uip_ds6_list_loop
 .text.uip_ds6_prefix_add
                0x00004e90       0x60 src/ASF/thirdparty/wireless/SmartConnect_6LoWPAN/core/net/ipv6/uip-ds6.o
                0x00004e90                uip_ds6_prefix_add
 .text.uip_ds6_is_addr_onlink
                0x00004ef0       0x48 src/ASF/thirdparty/wireless/SmartConnect_6LoWPAN/core/net/ipv6/uip-ds6.o
                0x00004ef0                uip_ds6_is_addr_onlink
 .text.uip_ds6_addr_lookup
                0x00004f38       0x30 src/ASF/thirdparty/wireless/SmartConnect_6LoWPAN/core/net/ipv6/uip-ds6.o
                0x00004f38                uip_ds6_addr_lookup
 .text.uip_ds6_get_link_local
                0x00004f68       0x4c src/ASF/thirdparty/wireless/SmartConnect_6LoWPAN/core/net/ipv6/uip-ds6.o
                0x00004f68                uip_ds6_get_link_local
 .text.uip_ds6_maddr_add
                0x00004fb4       0x40 src/ASF/thirdparty/wireless/SmartConnect_6LoWPAN/core/net/ipv6/uip-ds6.o
                0x00004fb4                uip_ds6_maddr_add
 .text.uip_ds6_addr_add
                0x00004ff4       0xb4 src/ASF/thirdparty/wireless/SmartConnect_6LoWPAN/core/net/ipv6/uip-ds6.o
                0x00004ff4                uip_ds6_addr_add
 .text.uip_ds6_maddr_rm
                0x000050a8        0xa src/ASF/thirdparty/wireless/SmartConnect_6LoWPAN/core/net/ipv6/uip-ds6.o
                0x000050a8                uip_ds6_maddr_rm
 *fill*         0x000050b2        0x2 
 .text.uip_ds6_maddr_lookup
                0x000050b4       0x30 src/ASF/thirdparty/wireless/SmartConnect_6LoWPAN/core/net/ipv6/uip-ds6.o
                0x000050b4                uip_ds6_maddr_lookup
 .text.uip_ds6_addr_rm
                0x000050e4       0x60 src/ASF/thirdparty/wireless/SmartConnect_6LoWPAN/core/net/ipv6/uip-ds6.o
                0x000050e4                uip_ds6_addr_rm
 .text.uip_ds6_set_addr_iid
                0x00005144       0x1c src/ASF/thirdparty/wireless/SmartConnect_6LoWPAN/core/net/ipv6/uip-ds6.o
                0x00005144                uip_ds6_set_addr_iid
 .text.get_match_length
                0x00005160       0x36 src/ASF/thirdparty/wireless/SmartConnect_6LoWPAN/core/net/ipv6/uip-ds6.o
                0x00005160                get_match_length
 *fill*         0x00005196        0x2 
 .text.uip_ds6_select_src
                0x00005198       0xb4 src/ASF/thirdparty/wireless/SmartConnect_6LoWPAN/core/net/ipv6/uip-ds6.o
                0x00005198                uip_ds6_select_src
 .text.uip_ds6_send_ra_sollicited
                0x0000524c       0x40 src/ASF/thirdparty/wireless/SmartConnect_6LoWPAN/core/net/ipv6/uip-ds6.o
                0x0000524c                uip_ds6_send_ra_sollicited
 .text.uip_ds6_send_ra_periodic
                0x0000528c       0x58 src/ASF/thirdparty/wireless/SmartConnect_6LoWPAN/core/net/ipv6/uip-ds6.o
                0x0000528c                uip_ds6_send_ra_periodic
 .text.uip_ds6_periodic
                0x000052e4       0x88 src/ASF/thirdparty/wireless/SmartConnect_6LoWPAN/core/net/ipv6/uip-ds6.o
                0x000052e4                uip_ds6_periodic
 .text.uip_ds6_compute_reachable_time
                0x0000536c       0x2c src/ASF/thirdparty/wireless/SmartConnect_6LoWPAN/core/net/ipv6/uip-ds6.o
                0x0000536c                uip_ds6_compute_reachable_time
 .text.uip_ds6_init
                0x00005398      0x134 src/ASF/thirdparty/wireless/SmartConnect_6LoWPAN/core/net/ipv6/uip-ds6.o
                0x00005398                uip_ds6_init
 .text.echo_reply_input
                0x000054cc       0xf0 src/ASF/thirdparty/wireless/SmartConnect_6LoWPAN/core/net/ipv6/uip-icmp6.o
 .text.echo_request_input
                0x000055bc      0x10c src/ASF/thirdparty/wireless/SmartConnect_6LoWPAN/core/net/ipv6/uip-icmp6.o
 .text.uip_icmp6_input
                0x000056c8       0x44 src/ASF/thirdparty/wireless/SmartConnect_6LoWPAN/core/net/ipv6/uip-icmp6.o
                0x000056c8                uip_icmp6_input
 .text.uip_icmp6_register_input_handler
                0x0000570c       0x14 src/ASF/thirdparty/wireless/SmartConnect_6LoWPAN/core/net/ipv6/uip-icmp6.o
                0x0000570c                uip_icmp6_register_input_handler
 .text.uip_icmp6_error_output
                0x00005720      0x178 src/ASF/thirdparty/wireless/SmartConnect_6LoWPAN/core/net/ipv6/uip-icmp6.o
                0x00005720                uip_icmp6_error_output
 .text.uip_icmp6_send
                0x00005898       0x98 src/ASF/thirdparty/wireless/SmartConnect_6LoWPAN/core/net/ipv6/uip-icmp6.o
                0x00005898                uip_icmp6_send
 .text.uip_icmp6_init
                0x00005930       0x1c src/ASF/thirdparty/wireless/SmartConnect_6LoWPAN/core/net/ipv6/uip-icmp6.o
                0x00005930                uip_icmp6_init
 .text.create_llao
                0x0000594c       0x30 src/ASF/thirdparty/wireless/SmartConnect_6LoWPAN/core/net/ipv6/uip-nd6.o
 .text.rs_input
                0x0000597c      0x188 src/ASF/thirdparty/wireless/SmartConnect_6LoWPAN/core/net/ipv6/uip-nd6.o
 .text.ns_input
                0x00005b04      0x29c src/ASF/thirdparty/wireless/SmartConnect_6LoWPAN/core/net/ipv6/uip-nd6.o
 .text.na_input
                0x00005da0      0x210 src/ASF/thirdparty/wireless/SmartConnect_6LoWPAN/core/net/ipv6/uip-nd6.o
 .text.uip_nd6_ns_output
                0x00005fb0      0x14c src/ASF/thirdparty/wireless/SmartConnect_6LoWPAN/core/net/ipv6/uip-nd6.o
                0x00005fb0                uip_nd6_ns_output
 .text.uip_nd6_ra_output
                0x000060fc      0x144 src/ASF/thirdparty/wireless/SmartConnect_6LoWPAN/core/net/ipv6/uip-nd6.o
                0x000060fc                uip_nd6_ra_output
 .text.uip_nd6_init
                0x00006240       0x24 src/ASF/thirdparty/wireless/SmartConnect_6LoWPAN/core/net/ipv6/uip-nd6.o
                0x00006240                uip_nd6_init
 .text.chksum   0x00006264       0x38 src/ASF/thirdparty/wireless/SmartConnect_6LoWPAN/core/net/ipv6/uip6.o
 .text.upper_layer_chksum
                0x0000629c       0x58 src/ASF/thirdparty/wireless/SmartConnect_6LoWPAN/core/net/ipv6/uip6.o
 .text.ext_hdr_options_process
                0x000062f4       0xd8 src/ASF/thirdparty/wireless/SmartConnect_6LoWPAN/core/net/ipv6/uip6.o
 .text.uip_add32
                0x000063cc       0x58 src/ASF/thirdparty/wireless/SmartConnect_6LoWPAN/core/net/ipv6/uip6.o
                0x000063cc                uip_add32
 .text.unlikely.uip_add_rcv_nxt
                0x00006424       0x30 src/ASF/thirdparty/wireless/SmartConnect_6LoWPAN/core/net/ipv6/uip6.o
 .text.uip_icmp6chksum
                0x00006454       0x10 src/ASF/thirdparty/wireless/SmartConnect_6LoWPAN/core/net/ipv6/uip6.o
                0x00006454                uip_icmp6chksum
 .text.uip_tcpchksum
                0x00006464       0x10 src/ASF/thirdparty/wireless/SmartConnect_6LoWPAN/core/net/ipv6/uip6.o
                0x00006464                uip_tcpchksum
 .text.uip_udpchksum
                0x00006474       0x10 src/ASF/thirdparty/wireless/SmartConnect_6LoWPAN/core/net/ipv6/uip6.o
                0x00006474                uip_udpchksum
 .text.uip_init
                0x00006484       0x78 src/ASF/thirdparty/wireless/SmartConnect_6LoWPAN/core/net/ipv6/uip6.o
                0x00006484                uip_init
 .text.remove_ext_hdr
                0x000064fc       0x58 src/ASF/thirdparty/wireless/SmartConnect_6LoWPAN/core/net/ipv6/uip6.o
                0x000064fc                remove_ext_hdr
 .text.uip_udp_new
                0x00006554       0xcc src/ASF/thirdparty/wireless/SmartConnect_6LoWPAN/core/net/ipv6/uip6.o
                0x00006554                uip_udp_new
 .text.uip_unlisten
                0x00006620       0x40 src/ASF/thirdparty/wireless/SmartConnect_6LoWPAN/core/net/ipv6/uip6.o
                0x00006620                uip_unlisten
 .text.uip_process
                0x00006660      0xf60 src/ASF/thirdparty/wireless/SmartConnect_6LoWPAN/core/net/ipv6/uip6.o
                0x00006660                uip_process
 .text.uip_htons
                0x000075c0        0x6 src/ASF/thirdparty/wireless/SmartConnect_6LoWPAN/core/net/ipv6/uip6.o
                0x000075c0                uip_htons
 .text.uip_htonl
                0x000075c6       0x14 src/ASF/thirdparty/wireless/SmartConnect_6LoWPAN/core/net/ipv6/uip6.o
                0x000075c6                uip_htonl
 *fill*         0x000075da        0x2 
 .text.process_thread_simple_udp_process
                0x000075dc       0xb4 src/ASF/thirdparty/wireless/SmartConnect_6LoWPAN/core/net/ip/simple-udp.o
 .text.simple_udp_register
                0x00007690       0x7c src/ASF/thirdparty/wireless/SmartConnect_6LoWPAN/core/net/ip/simple-udp.o
                0x00007690                simple_udp_register
 .text.start_periodic_tcp_timer
                0x0000770c       0x24 src/ASF/thirdparty/wireless/SmartConnect_6LoWPAN/core/net/ip/tcpip.o
 .text.tcpip_output
                0x00007730       0x18 src/ASF/thirdparty/wireless/SmartConnect_6LoWPAN/core/net/ip/tcpip.o
                0x00007730                tcpip_output
 .text.tcpip_set_outputfunc
                0x00007748        0xc src/ASF/thirdparty/wireless/SmartConnect_6LoWPAN/core/net/ip/tcpip.o
                0x00007748                tcpip_set_outputfunc
 .text.udp_new  0x00007754       0x20 src/ASF/thirdparty/wireless/SmartConnect_6LoWPAN/core/net/ip/tcpip.o
                0x00007754                udp_new
 .text.udp_broadcast_new
                0x00007774       0x3c src/ASF/thirdparty/wireless/SmartConnect_6LoWPAN/core/net/ip/tcpip.o
                0x00007774                udp_broadcast_new
 .text.tcpip_icmp6_call
                0x000077b0       0x28 src/ASF/thirdparty/wireless/SmartConnect_6LoWPAN/core/net/ip/tcpip.o
                0x000077b0                tcpip_icmp6_call
 .text.tcpip_input
                0x000077d8       0x28 src/ASF/thirdparty/wireless/SmartConnect_6LoWPAN/core/net/ip/tcpip.o
                0x000077d8                tcpip_input
 .text.tcpip_ipv6_output
                0x00007800      0x174 src/ASF/thirdparty/wireless/SmartConnect_6LoWPAN/core/net/ip/tcpip.o
                0x00007800                tcpip_ipv6_output
 .text.process_thread_tcpip_process
                0x00007974      0x214 src/ASF/thirdparty/wireless/SmartConnect_6LoWPAN/core/net/ip/tcpip.o
 .text.tcpip_uipcall
                0x00007b88       0x98 src/ASF/thirdparty/wireless/SmartConnect_6LoWPAN/core/net/ip/tcpip.o
                0x00007b88                tcpip_uipcall
 .text.uip_debug_ipaddr_print
                0x00007c20       0x70 src/ASF/thirdparty/wireless/SmartConnect_6LoWPAN/core/net/ip/uip-debug.o
                0x00007c20                uip_debug_ipaddr_print
 .text.uip_udp_packet_send
                0x00007c90       0x54 src/ASF/thirdparty/wireless/SmartConnect_6LoWPAN/core/net/ip/uip-udp-packet.o
                0x00007c90                uip_udp_packet_send
 .text.linkaddr_copy
                0x00007ce4       0x10 src/ASF/thirdparty/wireless/SmartConnect_6LoWPAN/core/net/linkaddr.o
                0x00007ce4                linkaddr_copy
 .text.linkaddr_cmp
                0x00007cf4       0x14 src/ASF/thirdparty/wireless/SmartConnect_6LoWPAN/core/net/linkaddr.o
                0x00007cf4                linkaddr_cmp
 .text.linkaddr_set_node_addr
                0x00007d08       0x14 src/ASF/thirdparty/wireless/SmartConnect_6LoWPAN/core/net/linkaddr.o
                0x00007d08                linkaddr_set_node_addr
 .text.field_len
                0x00007d1c       0x68 src/ASF/thirdparty/wireless/SmartConnect_6LoWPAN/core/net/mac/frame802154.o
 .text.frame802154_hdrlen
                0x00007d84       0x2c src/ASF/thirdparty/wireless/SmartConnect_6LoWPAN/core/net/mac/frame802154.o
                0x00007d84                frame802154_hdrlen
 .text.frame802154_create
                0x00007db0       0xf8 src/ASF/thirdparty/wireless/SmartConnect_6LoWPAN/core/net/mac/frame802154.o
                0x00007db0                frame802154_create
 .text.frame802154_parse
                0x00007ea8      0x134 src/ASF/thirdparty/wireless/SmartConnect_6LoWPAN/core/net/mac/frame802154.o
                0x00007ea8                frame802154_parse
 .text.parse    0x00007fdc       0xa0 src/ASF/thirdparty/wireless/SmartConnect_6LoWPAN/core/net/mac/framer-802154.o
 .text.create   0x0000807c      0x138 src/ASF/thirdparty/wireless/SmartConnect_6LoWPAN/core/net/mac/framer-802154.o
 .text.mac_sequence_is_duplicate
                0x000081b4       0x48 src/ASF/thirdparty/wireless/SmartConnect_6LoWPAN/core/net/mac/mac-sequence.o
                0x000081b4                mac_sequence_is_duplicate
 .text.mac_sequence_register_seqno
                0x000081fc       0x74 src/ASF/thirdparty/wireless/SmartConnect_6LoWPAN/core/net/mac/mac-sequence.o
                0x000081fc                mac_sequence_register_seqno
 .text.mac_call_sent_callback
                0x00008270       0x12 src/ASF/thirdparty/wireless/SmartConnect_6LoWPAN/core/net/mac/mac.o
                0x00008270                mac_call_sent_callback
 *fill*         0x00008282        0x2 
 .text.send_packet
                0x00008284       0x10 src/ASF/thirdparty/wireless/SmartConnect_6LoWPAN/core/net/mac/nullmac.o
 .text.packet_input
                0x00008294       0x10 src/ASF/thirdparty/wireless/SmartConnect_6LoWPAN/core/net/mac/nullmac.o
 .text.on       0x000082a4       0x10 src/ASF/thirdparty/wireless/SmartConnect_6LoWPAN/core/net/mac/nullmac.o
 .text.off      0x000082b4       0x10 src/ASF/thirdparty/wireless/SmartConnect_6LoWPAN/core/net/mac/nullmac.o
 .text.channel_check_interval
                0x000082c4        0x4 src/ASF/thirdparty/wireless/SmartConnect_6LoWPAN/core/net/mac/nullmac.o
 .text.init     0x000082c8        0x2 src/ASF/thirdparty/wireless/SmartConnect_6LoWPAN/core/net/mac/nullmac.o
 *fill*         0x000082ca        0x2 
 .text.on       0x000082cc       0x10 src/ASF/thirdparty/wireless/SmartConnect_6LoWPAN/core/net/mac/nullrdc.o
 .text.channel_check_interval
                0x000082dc        0x4 src/ASF/thirdparty/wireless/SmartConnect_6LoWPAN/core/net/mac/nullrdc.o
 .text.init     0x000082e0        0xc src/ASF/thirdparty/wireless/SmartConnect_6LoWPAN/core/net/mac/nullrdc.o
 .text.send_one_packet
                0x000082ec       0x88 src/ASF/thirdparty/wireless/SmartConnect_6LoWPAN/core/net/mac/nullrdc.o
 .text.send_list
                0x00008374       0x2c src/ASF/thirdparty/wireless/SmartConnect_6LoWPAN/core/net/mac/nullrdc.o
 .text.send_packet
                0x000083a0        0xc src/ASF/thirdparty/wireless/SmartConnect_6LoWPAN/core/net/mac/nullrdc.o
 .text.off      0x000083ac       0x18 src/ASF/thirdparty/wireless/SmartConnect_6LoWPAN/core/net/mac/nullrdc.o
 .text.packet_input
                0x000083c4       0x74 src/ASF/thirdparty/wireless/SmartConnect_6LoWPAN/core/net/mac/nullrdc.o
 .text.item_from_index
                0x00008438       0x16 src/ASF/thirdparty/wireless/SmartConnect_6LoWPAN/core/net/nbr-table.o
 *fill*         0x0000844e        0x2 
 .text.index_from_key
                0x00008450       0x20 src/ASF/thirdparty/wireless/SmartConnect_6LoWPAN/core/net/nbr-table.o
 .text.index_from_item
                0x00008470       0x20 src/ASF/thirdparty/wireless/SmartConnect_6LoWPAN/core/net/nbr-table.o
 .text.nbr_set_bit
                0x00008490       0x40 src/ASF/thirdparty/wireless/SmartConnect_6LoWPAN/core/net/nbr-table.o
 .text.index_from_lladdr
                0x000084d0       0x4c src/ASF/thirdparty/wireless/SmartConnect_6LoWPAN/core/net/nbr-table.o
 .text.nbr_get_bit.constprop.0
                0x0000851c       0x2c src/ASF/thirdparty/wireless/SmartConnect_6LoWPAN/core/net/nbr-table.o
 .text.nbr_table_register
                0x00008548       0x28 src/ASF/thirdparty/wireless/SmartConnect_6LoWPAN/core/net/nbr-table.o
                0x00008548                nbr_table_register
 .text.nbr_table_next
                0x00008570       0x5c src/ASF/thirdparty/wireless/SmartConnect_6LoWPAN/core/net/nbr-table.o
                0x00008570                nbr_table_next
 .text.nbr_table_head
                0x000085cc       0x4c src/ASF/thirdparty/wireless/SmartConnect_6LoWPAN/core/net/nbr-table.o
                0x000085cc                nbr_table_head
 .text.nbr_table_add_lladdr
                0x00008618      0x148 src/ASF/thirdparty/wireless/SmartConnect_6LoWPAN/core/net/nbr-table.o
                0x00008618                nbr_table_add_lladdr
 .text.nbr_table_get_from_lladdr
                0x00008760       0x34 src/ASF/thirdparty/wireless/SmartConnect_6LoWPAN/core/net/nbr-table.o
                0x00008760                nbr_table_get_from_lladdr
 .text.nbr_table_remove
                0x00008794       0x30 src/ASF/thirdparty/wireless/SmartConnect_6LoWPAN/core/net/nbr-table.o
                0x00008794                nbr_table_remove
 .text.nbr_table_lock
                0x000087c4       0x18 src/ASF/thirdparty/wireless/SmartConnect_6LoWPAN/core/net/nbr-table.o
                0x000087c4                nbr_table_lock
 .text.nbr_table_unlock
                0x000087dc       0x18 src/ASF/thirdparty/wireless/SmartConnect_6LoWPAN/core/net/nbr-table.o
                0x000087dc                nbr_table_unlock
 .text.nbr_table_get_lladdr
                0x000087f4       0x28 src/ASF/thirdparty/wireless/SmartConnect_6LoWPAN/core/net/nbr-table.o
                0x000087f4                nbr_table_get_lladdr
 .text.netstack_init
                0x0000881c       0x2c src/ASF/thirdparty/wireless/SmartConnect_6LoWPAN/core/net/netstack.o
                0x0000881c                netstack_init
 .text.packetbuf_copyto_hdr
                0x00008848       0x24 src/ASF/thirdparty/wireless/SmartConnect_6LoWPAN/core/net/packetbuf.o
                0x00008848                packetbuf_copyto_hdr
 .text.packetbuf_copyto
                0x0000886c       0x54 src/ASF/thirdparty/wireless/SmartConnect_6LoWPAN/core/net/packetbuf.o
                0x0000886c                packetbuf_copyto
 .text.packetbuf_hdrreduce
                0x000088c0       0x28 src/ASF/thirdparty/wireless/SmartConnect_6LoWPAN/core/net/packetbuf.o
                0x000088c0                packetbuf_hdrreduce
 .text.packetbuf_set_datalen
                0x000088e8        0xc src/ASF/thirdparty/wireless/SmartConnect_6LoWPAN/core/net/packetbuf.o
                0x000088e8                packetbuf_set_datalen
 .text.packetbuf_dataptr
                0x000088f4       0x14 src/ASF/thirdparty/wireless/SmartConnect_6LoWPAN/core/net/packetbuf.o
                0x000088f4                packetbuf_dataptr
 .text.packetbuf_hdrptr
                0x00008908       0x14 src/ASF/thirdparty/wireless/SmartConnect_6LoWPAN/core/net/packetbuf.o
                0x00008908                packetbuf_hdrptr
 .text.packetbuf_is_reference
                0x0000891c       0x18 src/ASF/thirdparty/wireless/SmartConnect_6LoWPAN/core/net/packetbuf.o
                0x0000891c                packetbuf_is_reference
 .text.packetbuf_reference_ptr
                0x00008934        0xc src/ASF/thirdparty/wireless/SmartConnect_6LoWPAN/core/net/packetbuf.o
                0x00008934                packetbuf_reference_ptr
 .text.packetbuf_datalen
                0x00008940        0xc src/ASF/thirdparty/wireless/SmartConnect_6LoWPAN/core/net/packetbuf.o
                0x00008940                packetbuf_datalen
 .text.packetbuf_totlen
                0x0000894c       0x1c src/ASF/thirdparty/wireless/SmartConnect_6LoWPAN/core/net/packetbuf.o
                0x0000894c                packetbuf_totlen
 .text.packetbuf_hdralloc
                0x00008968       0x2c src/ASF/thirdparty/wireless/SmartConnect_6LoWPAN/core/net/packetbuf.o
                0x00008968                packetbuf_hdralloc
 .text.packetbuf_attr_clear
                0x00008994       0x4c src/ASF/thirdparty/wireless/SmartConnect_6LoWPAN/core/net/packetbuf.o
                0x00008994                packetbuf_attr_clear
 .text.packetbuf_clear
                0x000089e0       0x38 src/ASF/thirdparty/wireless/SmartConnect_6LoWPAN/core/net/packetbuf.o
                0x000089e0                packetbuf_clear
 .text.packetbuf_copyfrom
                0x00008a18       0x38 src/ASF/thirdparty/wireless/SmartConnect_6LoWPAN/core/net/packetbuf.o
                0x00008a18                packetbuf_copyfrom
 .text.packetbuf_attr_copyto
                0x00008a50       0x24 src/ASF/thirdparty/wireless/SmartConnect_6LoWPAN/core/net/packetbuf.o
                0x00008a50                packetbuf_attr_copyto
 .text.packetbuf_attr_copyfrom
                0x00008a74       0x24 src/ASF/thirdparty/wireless/SmartConnect_6LoWPAN/core/net/packetbuf.o
                0x00008a74                packetbuf_attr_copyfrom
 .text.packetbuf_set_attr
                0x00008a98       0x10 src/ASF/thirdparty/wireless/SmartConnect_6LoWPAN/core/net/packetbuf.o
                0x00008a98                packetbuf_set_attr
 .text.packetbuf_attr
                0x00008aa8        0xc src/ASF/thirdparty/wireless/SmartConnect_6LoWPAN/core/net/packetbuf.o
                0x00008aa8                packetbuf_attr
 .text.packetbuf_set_addr
                0x00008ab4       0x1c src/ASF/thirdparty/wireless/SmartConnect_6LoWPAN/core/net/packetbuf.o
                0x00008ab4                packetbuf_set_addr
 .text.packetbuf_addr
                0x00008ad0       0x10 src/ASF/thirdparty/wireless/SmartConnect_6LoWPAN/core/net/packetbuf.o
                0x00008ad0                packetbuf_addr
 .text.queuebuf_init
                0x00008ae0       0x24 src/ASF/thirdparty/wireless/SmartConnect_6LoWPAN/core/net/queuebuf.o
                0x00008ae0                queuebuf_init
 .text.queuebuf_new_from_packetbuf
                0x00008b04       0x88 src/ASF/thirdparty/wireless/SmartConnect_6LoWPAN/core/net/queuebuf.o
                0x00008b04                queuebuf_new_from_packetbuf
 .text.queuebuf_free
                0x00008b8c       0x4c src/ASF/thirdparty/wireless/SmartConnect_6LoWPAN/core/net/queuebuf.o
                0x00008b8c                queuebuf_free
 .text.queuebuf_to_packetbuf
                0x00008bd8       0x7c src/ASF/thirdparty/wireless/SmartConnect_6LoWPAN/core/net/queuebuf.o
                0x00008bd8                queuebuf_to_packetbuf
 .text.rpl_set_preferred_parent
                0x00008c54       0x30 src/ASF/thirdparty/wireless/SmartConnect_6LoWPAN/core/net/rpl/rpl-dag.o
 .text.set_ip_from_prefix
                0x00008c84       0x38 src/ASF/thirdparty/wireless/SmartConnect_6LoWPAN/core/net/rpl/rpl-dag.o
 .text.check_prefix
                0x00008cbc       0x78 src/ASF/thirdparty/wireless/SmartConnect_6LoWPAN/core/net/rpl/rpl-dag.o
 .text.find_parent_any_dag_any_instance
                0x00008d34       0x24 src/ASF/thirdparty/wireless/SmartConnect_6LoWPAN/core/net/rpl/rpl-dag.o
 .text.lollipop_greater_than
                0x00008d58       0x3c src/ASF/thirdparty/wireless/SmartConnect_6LoWPAN/core/net/rpl/rpl-dag.o
 .text.rpl_dag_init
                0x00008d94       0x18 src/ASF/thirdparty/wireless/SmartConnect_6LoWPAN/core/net/rpl/rpl-dag.o
                0x00008d94                rpl_dag_init
 .text.rpl_get_parent_ipaddr
                0x00008dac       0x1c src/ASF/thirdparty/wireless/SmartConnect_6LoWPAN/core/net/rpl/rpl-dag.o
                0x00008dac                rpl_get_parent_ipaddr
 .text.rpl_set_prefix
                0x00008dc8       0x68 src/ASF/thirdparty/wireless/SmartConnect_6LoWPAN/core/net/rpl/rpl-dag.o
                0x00008dc8                rpl_set_prefix
 .text.rpl_set_default_route
                0x00008e30       0x44 src/ASF/thirdparty/wireless/SmartConnect_6LoWPAN/core/net/rpl/rpl-dag.o
                0x00008e30                rpl_set_default_route
 .text.rpl_alloc_instance
                0x00008e74       0x34 src/ASF/thirdparty/wireless/SmartConnect_6LoWPAN/core/net/rpl/rpl-dag.o
                0x00008e74                rpl_alloc_instance
 .text.rpl_add_parent
                0x00008ea8       0x38 src/ASF/thirdparty/wireless/SmartConnect_6LoWPAN/core/net/rpl/rpl-dag.o
                0x00008ea8                rpl_add_parent
 .text.rpl_find_parent
                0x00008ee0       0x1c src/ASF/thirdparty/wireless/SmartConnect_6LoWPAN/core/net/rpl/rpl-dag.o
                0x00008ee0                rpl_find_parent
 .text.rpl_find_parent_any_dag
                0x00008efc       0x24 src/ASF/thirdparty/wireless/SmartConnect_6LoWPAN/core/net/rpl/rpl-dag.o
                0x00008efc                rpl_find_parent_any_dag
 .text.rpl_select_parent
                0x00008f20       0x64 src/ASF/thirdparty/wireless/SmartConnect_6LoWPAN/core/net/rpl/rpl-dag.o
                0x00008f20                rpl_select_parent
 .text.rpl_select_dag
                0x00008f84      0x1b0 src/ASF/thirdparty/wireless/SmartConnect_6LoWPAN/core/net/rpl/rpl-dag.o
                0x00008f84                rpl_select_dag
 .text.rpl_nullify_parent
                0x00009134       0x50 src/ASF/thirdparty/wireless/SmartConnect_6LoWPAN/core/net/rpl/rpl-dag.o
                0x00009134                rpl_nullify_parent
 .text.rpl_remove_parent
                0x00009184       0x20 src/ASF/thirdparty/wireless/SmartConnect_6LoWPAN/core/net/rpl/rpl-dag.o
                0x00009184                rpl_remove_parent
 .text.nbr_callback
                0x000091a4        0xc src/ASF/thirdparty/wireless/SmartConnect_6LoWPAN/core/net/rpl/rpl-dag.o
 .text.remove_parents.constprop.6
                0x000091b0       0x38 src/ASF/thirdparty/wireless/SmartConnect_6LoWPAN/core/net/rpl/rpl-dag.o
 .text.rpl_free_dag
                0x000091e8       0x40 src/ASF/thirdparty/wireless/SmartConnect_6LoWPAN/core/net/rpl/rpl-dag.o
                0x000091e8                rpl_free_dag
 .text.rpl_free_instance
                0x00009228       0x58 src/ASF/thirdparty/wireless/SmartConnect_6LoWPAN/core/net/rpl/rpl-dag.o
                0x00009228                rpl_free_instance
 .text.rpl_move_parent
                0x00009280       0x60 src/ASF/thirdparty/wireless/SmartConnect_6LoWPAN/core/net/rpl/rpl-dag.o
                0x00009280                rpl_move_parent
 .text.rpl_get_any_dag
                0x000092e0       0x20 src/ASF/thirdparty/wireless/SmartConnect_6LoWPAN/core/net/rpl/rpl-dag.o
                0x000092e0                rpl_get_any_dag
 .text.rpl_get_instance
                0x00009300       0x24 src/ASF/thirdparty/wireless/SmartConnect_6LoWPAN/core/net/rpl/rpl-dag.o
                0x00009300                rpl_get_instance
 .text.get_dag  0x00009324       0x54 src/ASF/thirdparty/wireless/SmartConnect_6LoWPAN/core/net/rpl/rpl-dag.o
 .text.rpl_repair_root
                0x00009378       0x54 src/ASF/thirdparty/wireless/SmartConnect_6LoWPAN/core/net/rpl/rpl-dag.o
                0x00009378                rpl_repair_root
 .text.rpl_alloc_dag
                0x000093cc       0x60 src/ASF/thirdparty/wireless/SmartConnect_6LoWPAN/core/net/rpl/rpl-dag.o
                0x000093cc                rpl_alloc_dag
 .text.rpl_set_root
                0x0000942c       0xf4 src/ASF/thirdparty/wireless/SmartConnect_6LoWPAN/core/net/rpl/rpl-dag.o
                0x0000942c                rpl_set_root
 .text.rpl_find_of
                0x00009520       0x14 src/ASF/thirdparty/wireless/SmartConnect_6LoWPAN/core/net/rpl/rpl-dag.o
                0x00009520                rpl_find_of
 .text.rpl_join_instance
                0x00009534      0x144 src/ASF/thirdparty/wireless/SmartConnect_6LoWPAN/core/net/rpl/rpl-dag.o
                0x00009534                rpl_join_instance
 .text.rpl_local_repair
                0x00009678       0x64 src/ASF/thirdparty/wireless/SmartConnect_6LoWPAN/core/net/rpl/rpl-dag.o
                0x00009678                rpl_local_repair
 .text.rpl_process_parent_event
                0x000096dc       0x84 src/ASF/thirdparty/wireless/SmartConnect_6LoWPAN/core/net/rpl/rpl-dag.o
                0x000096dc                rpl_process_parent_event
 .text.rpl_add_dag
                0x00009760      0x114 src/ASF/thirdparty/wireless/SmartConnect_6LoWPAN/core/net/rpl/rpl-dag.o
                0x00009760                rpl_add_dag
 .text.rpl_recalculate_ranks
                0x00009874       0x48 src/ASF/thirdparty/wireless/SmartConnect_6LoWPAN/core/net/rpl/rpl-dag.o
                0x00009874                rpl_recalculate_ranks
 .text.rpl_process_dio
                0x000098bc      0x278 src/ASF/thirdparty/wireless/SmartConnect_6LoWPAN/core/net/rpl/rpl-dag.o
                0x000098bc                rpl_process_dio
 .text.rpl_lock_parent
                0x00009b34       0x14 src/ASF/thirdparty/wireless/SmartConnect_6LoWPAN/core/net/rpl/rpl-dag.o
                0x00009b34                rpl_lock_parent
 .text.rpl_verify_header
                0x00009b48       0xb8 src/ASF/thirdparty/wireless/SmartConnect_6LoWPAN/core/net/rpl/rpl-ext-header.o
                0x00009b48                rpl_verify_header
 .text.rpl_update_header_empty
                0x00009c00      0x120 src/ASF/thirdparty/wireless/SmartConnect_6LoWPAN/core/net/rpl/rpl-ext-header.o
                0x00009c00                rpl_update_header_empty
 .text.rpl_update_header_final
                0x00009d20       0xa4 src/ASF/thirdparty/wireless/SmartConnect_6LoWPAN/core/net/rpl/rpl-ext-header.o
                0x00009d20                rpl_update_header_final
 .text.rpl_invert_header
                0x00009dc4       0x58 src/ASF/thirdparty/wireless/SmartConnect_6LoWPAN/core/net/rpl/rpl-ext-header.o
                0x00009dc4                rpl_invert_header
 .text.rpl_insert_header
                0x00009e1c       0x2c src/ASF/thirdparty/wireless/SmartConnect_6LoWPAN/core/net/rpl/rpl-ext-header.o
                0x00009e1c                rpl_insert_header
 .text.get32    0x00009e48       0x18 src/ASF/thirdparty/wireless/SmartConnect_6LoWPAN/core/net/rpl/rpl-icmp6.o
 .text.set32    0x00009e60       0x12 src/ASF/thirdparty/wireless/SmartConnect_6LoWPAN/core/net/rpl/rpl-icmp6.o
 .text.get16    0x00009e72        0xc src/ASF/thirdparty/wireless/SmartConnect_6LoWPAN/core/net/rpl/rpl-icmp6.o
 .text.set16    0x00009e7e        0xa src/ASF/thirdparty/wireless/SmartConnect_6LoWPAN/core/net/rpl/rpl-icmp6.o
 .text.dao_ack_input
                0x00009e88        0xc src/ASF/thirdparty/wireless/SmartConnect_6LoWPAN/core/net/rpl/rpl-icmp6.o
 .text.dio_input
                0x00009e94      0x258 src/ASF/thirdparty/wireless/SmartConnect_6LoWPAN/core/net/rpl/rpl-icmp6.o
 .text.dis_output
                0x0000a0ec       0x4c src/ASF/thirdparty/wireless/SmartConnect_6LoWPAN/core/net/rpl/rpl-icmp6.o
                0x0000a0ec                dis_output
 .text.dio_output
                0x0000a138      0x220 src/ASF/thirdparty/wireless/SmartConnect_6LoWPAN/core/net/rpl/rpl-icmp6.o
                0x0000a138                dio_output
 .text.dis_input
                0x0000a358       0x44 src/ASF/thirdparty/wireless/SmartConnect_6LoWPAN/core/net/rpl/rpl-icmp6.o
 .text.dao_output_target
                0x0000a39c       0xcc src/ASF/thirdparty/wireless/SmartConnect_6LoWPAN/core/net/rpl/rpl-icmp6.o
                0x0000a39c                dao_output_target
 .text.dao_output
                0x0000a468       0x60 src/ASF/thirdparty/wireless/SmartConnect_6LoWPAN/core/net/rpl/rpl-icmp6.o
                0x0000a468                dao_output
 .text.dao_ack_output
                0x0000a4c8       0x38 src/ASF/thirdparty/wireless/SmartConnect_6LoWPAN/core/net/rpl/rpl-icmp6.o
                0x0000a4c8                dao_ack_output
 .text.dao_input
                0x0000a500      0x2b8 src/ASF/thirdparty/wireless/SmartConnect_6LoWPAN/core/net/rpl/rpl-icmp6.o
 .text.rpl_icmp6_register_handlers
                0x0000a7b8       0x2c src/ASF/thirdparty/wireless/SmartConnect_6LoWPAN/core/net/rpl/rpl-icmp6.o
                0x0000a7b8                rpl_icmp6_register_handlers
 .text.reset    0x0000a7e4        0x2 src/ASF/thirdparty/wireless/SmartConnect_6LoWPAN/core/net/rpl/rpl-mrhof.o
 *fill*         0x0000a7e6        0x2 
 .text.neighbor_link_callback
                0x0000a7e8       0x30 src/ASF/thirdparty/wireless/SmartConnect_6LoWPAN/core/net/rpl/rpl-mrhof.o
 .text.calculate_rank
                0x0000a818       0x30 src/ASF/thirdparty/wireless/SmartConnect_6LoWPAN/core/net/rpl/rpl-mrhof.o
 .text.update_metric_container
                0x0000a848        0x6 src/ASF/thirdparty/wireless/SmartConnect_6LoWPAN/core/net/rpl/rpl-mrhof.o
 .text.best_dag
                0x0000a84e       0x28 src/ASF/thirdparty/wireless/SmartConnect_6LoWPAN/core/net/rpl/rpl-mrhof.o
 .text.best_parent
                0x0000a876       0x44 src/ASF/thirdparty/wireless/SmartConnect_6LoWPAN/core/net/rpl/rpl-mrhof.o
 *fill*         0x0000a8ba        0x2 
 .text.new_dio_interval
                0x0000a8bc       0x68 src/ASF/thirdparty/wireless/SmartConnect_6LoWPAN/core/net/rpl/rpl-timers.o
 .text.handle_periodic_timer
                0x0000a924       0x4c src/ASF/thirdparty/wireless/SmartConnect_6LoWPAN/core/net/rpl/rpl-timers.o
 .text.set_dao_lifetime_timer
                0x0000a970       0x44 src/ASF/thirdparty/wireless/SmartConnect_6LoWPAN/core/net/rpl/rpl-timers.o
 .text.handle_dio_timer
                0x0000a9b4       0x9c src/ASF/thirdparty/wireless/SmartConnect_6LoWPAN/core/net/rpl/rpl-timers.o
 .text.schedule_dao
                0x0000aa50       0x6c src/ASF/thirdparty/wireless/SmartConnect_6LoWPAN/core/net/rpl/rpl-timers.o
 .text.handle_dao_timer
                0x0000aabc       0x74 src/ASF/thirdparty/wireless/SmartConnect_6LoWPAN/core/net/rpl/rpl-timers.o
 .text.rpl_reset_periodic_timer
                0x0000ab30       0x40 src/ASF/thirdparty/wireless/SmartConnect_6LoWPAN/core/net/rpl/rpl-timers.o
                0x0000ab30                rpl_reset_periodic_timer
 .text.rpl_reset_dio_timer
                0x0000ab70       0x24 src/ASF/thirdparty/wireless/SmartConnect_6LoWPAN/core/net/rpl/rpl-timers.o
                0x0000ab70                rpl_reset_dio_timer
 .text.rpl_schedule_dao
                0x0000ab94       0x10 src/ASF/thirdparty/wireless/SmartConnect_6LoWPAN/core/net/rpl/rpl-timers.o
                0x0000ab94                rpl_schedule_dao
 .text.rpl_get_mode
                0x0000aba4        0xc src/ASF/thirdparty/wireless/SmartConnect_6LoWPAN/core/net/rpl/rpl.o
                0x0000aba4                rpl_get_mode
 .text.rpl_purge_routes
                0x0000abb0       0x78 src/ASF/thirdparty/wireless/SmartConnect_6LoWPAN/core/net/rpl/rpl.o
                0x0000abb0                rpl_purge_routes
 .text.rpl_remove_routes
                0x0000ac28       0x2c src/ASF/thirdparty/wireless/SmartConnect_6LoWPAN/core/net/rpl/rpl.o
                0x0000ac28                rpl_remove_routes
 .text.rpl_remove_routes_by_nexthop
                0x0000ac54       0x4c src/ASF/thirdparty/wireless/SmartConnect_6LoWPAN/core/net/rpl/rpl.o
                0x0000ac54                rpl_remove_routes_by_nexthop
 .text.rpl_add_route
                0x0000aca0       0x68 src/ASF/thirdparty/wireless/SmartConnect_6LoWPAN/core/net/rpl/rpl.o
                0x0000aca0                rpl_add_route
 .text.rpl_link_neighbor_callback
                0x0000ad08       0x64 src/ASF/thirdparty/wireless/SmartConnect_6LoWPAN/core/net/rpl/rpl.o
                0x0000ad08                rpl_link_neighbor_callback
 .text.rpl_ipv6_neighbor_callback
                0x0000ad6c       0x2c src/ASF/thirdparty/wireless/SmartConnect_6LoWPAN/core/net/rpl/rpl.o
                0x0000ad6c                rpl_ipv6_neighbor_callback
 .text.rpl_init
                0x0000ad98       0x58 src/ASF/thirdparty/wireless/SmartConnect_6LoWPAN/core/net/rpl/rpl.o
                0x0000ad98                rpl_init
 .text.autostart_start
                0x0000adf0       0x1c src/ASF/thirdparty/wireless/SmartConnect_6LoWPAN/core/sys/autostart.o
                0x0000adf0                autostart_start
 .text.process_thread_ctimer_process
                0x0000ae0c       0x94 src/ASF/thirdparty/wireless/SmartConnect_6LoWPAN/core/sys/ctimer.o
 .text.ctimer_init
                0x0000aea0       0x2c src/ASF/thirdparty/wireless/SmartConnect_6LoWPAN/core/sys/ctimer.o
                0x0000aea0                ctimer_init
 .text.ctimer_set
                0x0000aecc       0x58 src/ASF/thirdparty/wireless/SmartConnect_6LoWPAN/core/sys/ctimer.o
                0x0000aecc                ctimer_set
 .text.ctimer_reset
                0x0000af24       0x4c src/ASF/thirdparty/wireless/SmartConnect_6LoWPAN/core/sys/ctimer.o
                0x0000af24                ctimer_reset
 .text.ctimer_stop
                0x0000af70       0x34 src/ASF/thirdparty/wireless/SmartConnect_6LoWPAN/core/sys/ctimer.o
                0x0000af70                ctimer_stop
 .text.energest_init
                0x0000afa4        0x2 src/ASF/thirdparty/wireless/SmartConnect_6LoWPAN/core/sys/energest.o
                0x0000afa4                energest_init
 *fill*         0x0000afa6        0x2 
 .text.update_time
                0x0000afa8       0x44 src/ASF/thirdparty/wireless/SmartConnect_6LoWPAN/core/sys/etimer.o
 .text.etimer_request_poll
                0x0000afec       0x14 src/ASF/thirdparty/wireless/SmartConnect_6LoWPAN/core/sys/etimer.o
                0x0000afec                etimer_request_poll
 .text.process_thread_etimer_process
                0x0000b000       0xc0 src/ASF/thirdparty/wireless/SmartConnect_6LoWPAN/core/sys/etimer.o
 .text.add_timer
                0x0000b0c0       0x48 src/ASF/thirdparty/wireless/SmartConnect_6LoWPAN/core/sys/etimer.o
 .text.etimer_set
                0x0000b108       0x18 src/ASF/thirdparty/wireless/SmartConnect_6LoWPAN/core/sys/etimer.o
                0x0000b108                etimer_set
 .text.etimer_reset
                0x0000b120       0x18 src/ASF/thirdparty/wireless/SmartConnect_6LoWPAN/core/sys/etimer.o
                0x0000b120                etimer_reset
 .text.etimer_restart
                0x0000b138       0x18 src/ASF/thirdparty/wireless/SmartConnect_6LoWPAN/core/sys/etimer.o
                0x0000b138                etimer_restart
 .text.etimer_expired
                0x0000b150        0x8 src/ASF/thirdparty/wireless/SmartConnect_6LoWPAN/core/sys/etimer.o
                0x0000b150                etimer_expired
 .text.etimer_expiration_time
                0x0000b158        0x8 src/ASF/thirdparty/wireless/SmartConnect_6LoWPAN/core/sys/etimer.o
                0x0000b158                etimer_expiration_time
 .text.etimer_pending
                0x0000b160       0x10 src/ASF/thirdparty/wireless/SmartConnect_6LoWPAN/core/sys/etimer.o
                0x0000b160                etimer_pending
 .text.etimer_stop
                0x0000b170       0x38 src/ASF/thirdparty/wireless/SmartConnect_6LoWPAN/core/sys/etimer.o
                0x0000b170                etimer_stop
 .text.call_process.part.0
                0x0000b1a8       0x3c src/ASF/thirdparty/wireless/SmartConnect_6LoWPAN/core/sys/process.o
 .text.call_process
                0x0000b1e4       0x14 src/ASF/thirdparty/wireless/SmartConnect_6LoWPAN/core/sys/process.o
 .text.exit_process
                0x0000b1f8       0x88 src/ASF/thirdparty/wireless/SmartConnect_6LoWPAN/core/sys/process.o
 .text.do_poll  0x0000b280       0x38 src/ASF/thirdparty/wireless/SmartConnect_6LoWPAN/core/sys/process.o
 .text.process_alloc_event
                0x0000b2b8       0x10 src/ASF/thirdparty/wireless/SmartConnect_6LoWPAN/core/sys/process.o
                0x0000b2b8                process_alloc_event
 .text.process_init
                0x0000b2c8       0x30 src/ASF/thirdparty/wireless/SmartConnect_6LoWPAN/core/sys/process.o
                0x0000b2c8                process_init
 .text.process_run
                0x0000b2f8       0xb0 src/ASF/thirdparty/wireless/SmartConnect_6LoWPAN/core/sys/process.o
                0x0000b2f8                process_run
 .text.process_post
                0x0000b3a8       0x3c src/ASF/thirdparty/wireless/SmartConnect_6LoWPAN/core/sys/process.o
                0x0000b3a8                process_post
 .text.process_post_synch
                0x0000b3e4       0x18 src/ASF/thirdparty/wireless/SmartConnect_6LoWPAN/core/sys/process.o
                0x0000b3e4                process_post_synch
 .text.process_start
                0x0000b3fc       0x34 src/ASF/thirdparty/wireless/SmartConnect_6LoWPAN/core/sys/process.o
                0x0000b3fc                process_start
 .text.process_poll
                0x0000b430       0x1c src/ASF/thirdparty/wireless/SmartConnect_6LoWPAN/core/sys/process.o
                0x0000b430                process_poll
 .text.rtimer_init
                0x0000b44c        0xc src/ASF/thirdparty/wireless/SmartConnect_6LoWPAN/core/sys/rtimer.o
                0x0000b44c                rtimer_init
 .text.rtimer_run_next
                0x0000b458       0x2c src/ASF/thirdparty/wireless/SmartConnect_6LoWPAN/core/sys/rtimer.o
                0x0000b458                rtimer_run_next
 .text.stimer_set
                0x0000b484       0x14 src/ASF/thirdparty/wireless/SmartConnect_6LoWPAN/core/sys/stimer.o
                0x0000b484                stimer_set
 .text.stimer_expired
                0x0000b498       0x20 src/ASF/thirdparty/wireless/SmartConnect_6LoWPAN/core/sys/stimer.o
                0x0000b498                stimer_expired
 .text.stimer_remaining
                0x0000b4b8       0x14 src/ASF/thirdparty/wireless/SmartConnect_6LoWPAN/core/sys/stimer.o
                0x0000b4b8                stimer_remaining
 .text.stimer_elapsed
                0x0000b4cc       0x14 src/ASF/thirdparty/wireless/SmartConnect_6LoWPAN/core/sys/stimer.o
                0x0000b4cc                stimer_elapsed
 .text.timer_set
                0x0000b4e0       0x14 src/ASF/thirdparty/wireless/SmartConnect_6LoWPAN/core/sys/timer.o
                0x0000b4e0                timer_set
 .text.timer_reset
                0x0000b4f4        0xa src/ASF/thirdparty/wireless/SmartConnect_6LoWPAN/core/sys/timer.o
                0x0000b4f4                timer_reset
 *fill*         0x0000b4fe        0x2 
 .text.timer_restart
                0x0000b500       0x10 src/ASF/thirdparty/wireless/SmartConnect_6LoWPAN/core/sys/timer.o
                0x0000b500                timer_restart
 .text.timer_expired
                0x0000b510       0x1c src/ASF/thirdparty/wireless/SmartConnect_6LoWPAN/core/sys/timer.o
                0x0000b510                timer_expired
 .text.rf233_pending_packet
                0x0000b52c        0xc src/ASF/thirdparty/wireless/SmartConnect_6LoWPAN/dev/at86rf233/rf233.o
                0x0000b52c                rf233_pending_packet
 .text.rf233_interrupt_poll
                0x0000b538       0x88 src/ASF/thirdparty/wireless/SmartConnect_6LoWPAN/dev/at86rf233/rf233.o
                0x0000b538                rf233_interrupt_poll
 .text.rf233_read
                0x0000b5c0       0x94 src/ASF/thirdparty/wireless/SmartConnect_6LoWPAN/dev/at86rf233/rf233.o
                0x0000b5c0                rf233_read
 .text.process_thread_rf233_radio_process
                0x0000b654       0x70 src/ASF/thirdparty/wireless/SmartConnect_6LoWPAN/dev/at86rf233/rf233.o
 .text.rf_get_channel
                0x0000b6c4       0x14 src/ASF/thirdparty/wireless/SmartConnect_6LoWPAN/dev/at86rf233/rf233.o
                0x0000b6c4                rf_get_channel
 .text.rf_set_channel
                0x0000b6d8       0x30 src/ASF/thirdparty/wireless/SmartConnect_6LoWPAN/dev/at86rf233/rf233.o
                0x0000b6d8                rf_set_channel
 .text.SetIEEEAddr
                0x0000b708       0x3c src/ASF/thirdparty/wireless/SmartConnect_6LoWPAN/dev/at86rf233/rf233.o
                0x0000b708                SetIEEEAddr
 .text.SetPanId
                0x0000b744       0x1c src/ASF/thirdparty/wireless/SmartConnect_6LoWPAN/dev/at86rf233/rf233.o
                0x0000b744                SetPanId
 .text.rf233_status
                0x0000b760       0x14 src/ASF/thirdparty/wireless/SmartConnect_6LoWPAN/dev/at86rf233/rf233.o
                0x0000b760                rf233_status
 .text.rf233_init
                0x0000b774      0x1a0 src/ASF/thirdparty/wireless/SmartConnect_6LoWPAN/dev/at86rf233/rf233.o
                0x0000b774                rf233_init
 .text.rf233_prepare
                0x0000b914       0x4c src/ASF/thirdparty/wireless/SmartConnect_6LoWPAN/dev/at86rf233/rf233.o
                0x0000b914                rf233_prepare
 .text.rf233_transmit
                0x0000b960       0x98 src/ASF/thirdparty/wireless/SmartConnect_6LoWPAN/dev/at86rf233/rf233.o
                0x0000b960                rf233_transmit
 .text.rf233_send
                0x0000b9f8       0x1c src/ASF/thirdparty/wireless/SmartConnect_6LoWPAN/dev/at86rf233/rf233.o
                0x0000b9f8                rf233_send
 .text.rf233_channel_clear
                0x0000ba14       0x80 src/ASF/thirdparty/wireless/SmartConnect_6LoWPAN/dev/at86rf233/rf233.o
                0x0000ba14                rf233_channel_clear
 .text.rf233_receiving_packet
                0x0000ba94       0x14 src/ASF/thirdparty/wireless/SmartConnect_6LoWPAN/dev/at86rf233/rf233.o
                0x0000ba94                rf233_receiving_packet
 .text.rf233_on
                0x0000baa8       0x58 src/ASF/thirdparty/wireless/SmartConnect_6LoWPAN/dev/at86rf233/rf233.o
                0x0000baa8                rf233_on
 .text.off      0x0000bb00       0x2c src/ASF/thirdparty/wireless/SmartConnect_6LoWPAN/dev/at86rf233/rf233.o
 .text.rf233_off
                0x0000bb2c       0x10 src/ASF/thirdparty/wireless/SmartConnect_6LoWPAN/dev/at86rf233/rf233.o
                0x0000bb2c                rf233_off
 .text.rf233_sleep
                0x0000bb3c       0x2c src/ASF/thirdparty/wireless/SmartConnect_6LoWPAN/dev/at86rf233/rf233.o
                0x0000bb3c                rf233_sleep
 .text.battery_sensor_configure
                0x0000bb68       0x18 src/ASF/thirdparty/wireless/SmartConnect_6LoWPAN/services/sam0/battery-sensor.o
 .text.battery_sensor_status
                0x0000bb80        0xc src/ASF/thirdparty/wireless/SmartConnect_6LoWPAN/services/sam0/battery-sensor.o
 .text.battery_sensor_value
                0x0000bb8c       0xf0 src/ASF/thirdparty/wireless/SmartConnect_6LoWPAN/services/sam0/battery-sensor.o
 .text.button_sensor_status
                0x0000bc7c        0xc src/ASF/thirdparty/wireless/SmartConnect_6LoWPAN/services/sam0/button-sensor.o
 .text.button_sensor_configure
                0x0000bc88       0x48 src/ASF/thirdparty/wireless/SmartConnect_6LoWPAN/services/sam0/button-sensor.o
 .text.button_sensor_value
                0x0000bcd0       0x10 src/ASF/thirdparty/wireless/SmartConnect_6LoWPAN/services/sam0/button-sensor.o
 .text.edbg_eui_read_eui64
                0x0000bce0      0x130 src/ASF/thirdparty/wireless/SmartConnect_6LoWPAN/services/sam0/edbg-eui.o
                0x0000bce0                edbg_eui_read_eui64
 .text.flash_init
                0x0000be10       0x2c src/ASF/thirdparty/wireless/SmartConnect_6LoWPAN/services/sam0/flash.o
                0x0000be10                flash_init
 .text.leds_arch_init
                0x0000be3c       0x28 src/ASF/thirdparty/wireless/SmartConnect_6LoWPAN/services/sam0/leds-arch.o
                0x0000be3c                leds_arch_init
 .text.leds_arch_set
                0x0000be64       0x18 src/ASF/thirdparty/wireless/SmartConnect_6LoWPAN/services/sam0/leds-arch.o
                0x0000be64                leds_arch_set
 .text.node_id_restore
                0x0000be7c       0x48 src/ASF/thirdparty/wireless/SmartConnect_6LoWPAN/services/sam0/node-id.o
                0x0000be7c                node_id_restore
 .text.clock_irq_callback
                0x0000bec4       0x38 src/ASF/thirdparty/wireless/SmartConnect_6LoWPAN/services/timer/sam0/tc-clock.o