../drivers/fsl_enet.c:985:13:ENET_RxBufferFreeAll	48	static
../drivers/fsl_enet.c:1776:13:ENET_UpdateReadBuffers	12	static
../drivers/fsl_enet.c:3456:6:ENET_ReceiveIRQHandler	32	static
../drivers/fsl_enet.c:3501:6:ENET_ErrorIRQHandler	24	static
../drivers/fsl_enet.c:171:10:ENET_GetInstance	0	static
../drivers/fsl_enet.c:203:6:ENET_GetDefaultConfig	8	static
../drivers/fsl_enet.c:346:6:ENET_Down	8	static
../drivers/fsl_enet.c:370:6:ENET_Deinit	8	static
../drivers/fsl_enet.c:383:6:ENET_SetCallback	0	static
../drivers/fsl_enet.c:409:6:ENET_SetRxISRHandler	8	static
../drivers/fsl_enet.c:417:6:ENET_SetTxISRHandler	8	static
../drivers/fsl_enet.c:426:6:ENET_SetErrISRHandler	8	static
../drivers/fsl_enet.c:1130:6:ENET_SetMII	8	static
../drivers/fsl_enet.c:1186:6:ENET_SetMacAddr	0	static
../drivers/fsl_enet.c:1206:6:ENET_GetMacAddr	0	static
../drivers/fsl_enet.c:1234:6:ENET_SetSMI	8	static
../drivers/fsl_enet.c:254:10:ENET_Up	56	static
../drivers/fsl_enet.c:320:10:ENET_Init	16	static
../drivers/fsl_enet.c:1265:6:ENET_StartSMIWrite	8	static
../drivers/fsl_enet.c:1285:6:ENET_StartSMIRead	0	static
../drivers/fsl_enet.c:1433:6:ENET_GetRxErrBeforeReadFrame	8	static
../drivers/fsl_enet.c:1516:6:ENET_GetStatistics	0	static
../drivers/fsl_enet.c:1550:10:ENET_GetRxFrameSize	20	static
../drivers/fsl_enet.c:1667:10:ENET_ReadFrame	48	static
../drivers/fsl_enet.c:1817:10:ENET_SendFrame	48	static
../drivers/fsl_enet.c:2035:10:ENET_SetTxReclaim	12	static
../drivers/fsl_enet.c:2076:6:ENET_ReclaimTxDescriptor	40	static
../drivers/fsl_enet.c:3396:6:ENET_TransmitIRQHandler	32	static
../drivers/fsl_enet.c:2132:10:ENET_GetRxBuffer	20	static
../drivers/fsl_enet.c:2203:6:ENET_ReleaseRxBuffer	24	static
../drivers/fsl_enet.c:2367:10:ENET_GetRxFrame	56	static
../drivers/fsl_enet.c:2617:10:ENET_StartTxFrame	32	static
../drivers/fsl_enet.c:2753:10:ENET_SendFrameZeroCopy	36	static
../drivers/fsl_enet.c:2940:6:ENET_AddMulticastGroup	24	static
../drivers/fsl_enet.c:2993:6:ENET_LeaveMulticastGroup	24	static
../drivers/fsl_enet.c:3598:6:ENET_CommonFrame0IRQHandler	16	static
../drivers/fsl_enet.c:3700:6:ENET_Ptp1588IRQHandler	0	static
../drivers/fsl_enet.c:3729:6:ENET_TxIRQHandler	8	static
../drivers/fsl_enet.c:3741:6:ENET_RxIRQHandler	8	static
../drivers/fsl_enet.c:3752:6:ENET_ErrIRQHandler	8	static
../drivers/fsl_enet.c:3763:6:ENET_Transmit_DriverIRQHandler	8	static
../drivers/fsl_enet.c:3770:6:ENET_Receive_DriverIRQHandler	8	static
../drivers/fsl_enet.c:3777:6:ENET_Error_DriverIRQHandler	8	static
../drivers/fsl_enet.c:3785:6:ENET_DriverIRQHandler	8	static
../drivers/fsl_enet.c:3792:6:ENET_1588_Timer_DriverIRQHandler	0	static
