../drivers/fsl_ftfx_flash.c:1397:17:flash_check_range_to_get_index	8	static
../drivers/fsl_ftfx_flash.c:170:10:FLASH_Init	8	static
../drivers/fsl_ftfx_flash.c:238:10:FLASH_Erase	32	static
../drivers/fsl_ftfx_flash.c:262:10:FLASH_EraseSectorNonBlocking	24	static
../drivers/fsl_ftfx_flash.c:284:10:FLASH_EraseAll	0	static
../drivers/fsl_ftfx_flash.c:305:10:FLASH_Program	32	static
../drivers/fsl_ftfx_flash.c:326:10:FLASH_ProgramOnce	0	static
../drivers/fsl_ftfx_flash.c:339:10:FLASH_ProgramSection	32	static
../drivers/fsl_ftfx_flash.c:362:10:FLASH_ReadResource	4	static
../drivers/fsl_ftfx_flash.c:372:10:FLASH_ReadOnce	0	static
../drivers/fsl_ftfx_flash.c:384:10:FLASH_VerifyErase	32	static
../drivers/fsl_ftfx_flash.c:405:10:FLASH_VerifyEraseAll	0	static
../drivers/fsl_ftfx_flash.c:417:10:FLASH_VerifyProgram	48	static
../drivers/fsl_ftfx_flash.c:445:10:FLASH_GetSecurityState	0	static
../drivers/fsl_ftfx_flash.c:453:10:FLASH_SecurityBypass	0	static
../drivers/fsl_ftfx_flash.c:472:10:FLASH_Swap	72	static
../drivers/fsl_ftfx_flash.c:577:10:FLASH_IsProtected	208	static
../drivers/fsl_ftfx_flash.c:914:10:FLASH_PflashSetProtection	0	static
../drivers/fsl_ftfx_flash.c:998:10:FLASH_PflashGetProtection	0	static
../drivers/fsl_ftfx_flash.c:1055:10:FLASH_GetProperty	0	static
../drivers/fsl_ftfx_flash.c:1507:10:FLASH_GetCommandState	0	static
