../lwip/src/apps/http/httpd.c:478:1:http_state_eof	8	static
../lwip/src/apps/http/httpd.c:1697:1:http_get_404_file	16	static
../lwip/src/apps/http/httpd.c:2625:1:http_accept	16	static
../lwip/src/apps/http/httpd.c:2448:1:http_err	8	static
../lwip/src/apps/http/httpd.c:646:1:http_close_conn.isra	16	static
../lwip/src/apps/http/httpd.c:1575:1:http_send	24	static
../lwip/src/apps/http/httpd.c:2465:1:http_sent	8	static
../lwip/src/apps/http/httpd.c:2492:1:http_poll	8	static
../lwip/src/apps/http/httpd.c:2540:1:http_recv	64	static
../lwip/src/apps/http/httpd.c:2683:1:httpd_init	8	static
