../drivers/fsl_ftfx_controller.c:1247:17:ftfx_command_sequence	16	static
../drivers/fsl_ftfx_controller.c:1330:17:ftfx_check_mem_range	8	static
../drivers/fsl_ftfx_controller.c:1378:17:ftfx_read_word_from_byte_address	0	static
../drivers/fsl_ftfx_controller.c:1401:13:ftfx_write_word_to_byte_address	0	static
../drivers/fsl_ftfx_controller.c:198:6:FTFx_API_Init	8	static
../drivers/fsl_ftfx_controller.c:268:10:FTFx_CMD_Erase	32	static
../drivers/fsl_ftfx_controller.c:332:10:FTFx_CMD_EraseSectorNonBlocking	16	static
../drivers/fsl_ftfx_controller.c:365:10:FTFx_CMD_EraseAll	0	static
../drivers/fsl_ftfx_controller.c:447:10:FTFx_CMD_EraseAllExecuteOnlySegments	0	static
../drivers/fsl_ftfx_controller.c:476:10:FTFx_CMD_Program	40	static
../drivers/fsl_ftfx_controller.c:542:10:FTFx_CMD_ProgramOnce	24	static
../drivers/fsl_ftfx_controller.c:586:10:FTFx_CMD_ProgramSection	56	static
../drivers/fsl_ftfx_controller.c:748:10:FTFx_CMD_ReadOnce	32	static
../drivers/fsl_ftfx_controller.c:797:10:FTFx_CMD_ReadResource	32	static
../drivers/fsl_ftfx_controller.c:871:10:FTFx_CMD_VerifyErase	48	static
../drivers/fsl_ftfx_controller.c:937:10:FTFx_CMD_VerifyEraseAll	0	static
../drivers/fsl_ftfx_controller.c:955:10:FTFx_CMD_VerifyEraseAllExecuteOnlySegments	0	static
../drivers/fsl_ftfx_controller.c:976:10:FTFx_CMD_VerifyProgram	40	static
../drivers/fsl_ftfx_controller.c:1038:10:FTFx_CMD_SecurityBypass	0	static
../drivers/fsl_ftfx_controller.c:1073:10:FTFx_REG_GetSecurityState	0	static
../drivers/fsl_ftfx_controller.c:1140:10:FTFx_CMD_SwapControl	16	static
