../lwip/port/enet_ethernetif_kinetis.c:340:13:ethernetif_rx_free	24	static
../lwip/port/enet_ethernetif_kinetis.c:518:13:ethernetif_rx_release	4	static
../lwip/port/enet_ethernetif_kinetis.c:312:14:ethernetif_rx_alloc	8	static
../lwip/port/enet_ethernetif_kinetis.c:359:6:ethernetif_enet_init	112	static
../lwip/port/enet_ethernetif_kinetis.c:459:8:ethernetif_enet_ptr	0	static
../lwip/port/enet_ethernetif_kinetis.c:586:14:ethernetif_linkinput	56	static
../lwip/port/enet_ethernetif_kinetis.c:630:7:ethernetif_linkoutput	48	static
../lwip/port/enet_ethernetif_kinetis.c:717:7:ethernetif0_init	16	static
